Archive member included to satisfy reference by file (symbol)

d:/tools/gcc-arm-none-eabi-9-2020-q2-update-win32/bin/../lib/gcc/arm-none-eabi/9.3.1/../../../../arm-none-eabi/lib/thumb/v7-m/nofp\libc_nano.a(lib_a-exit.o)
                              d:/tools/gcc-arm-none-eabi-9-2020-q2-update-win32/bin/../lib/gcc/arm-none-eabi/9.3.1/../../../../arm-none-eabi/lib/thumb/v7-m/nofp/crt0.o (exit)
d:/tools/gcc-arm-none-eabi-9-2020-q2-update-win32/bin/../lib/gcc/arm-none-eabi/9.3.1/../../../../arm-none-eabi/lib/thumb/v7-m/nofp\libc_nano.a(lib_a-impure.o)
                              d:/tools/gcc-arm-none-eabi-9-2020-q2-update-win32/bin/../lib/gcc/arm-none-eabi/9.3.1/../../../../arm-none-eabi/lib/thumb/v7-m/nofp\libc_nano.a(lib_a-exit.o) (_global_impure_ptr)
d:/tools/gcc-arm-none-eabi-9-2020-q2-update-win32/bin/../lib/gcc/arm-none-eabi/9.3.1/../../../../arm-none-eabi/lib/thumb/v7-m/nofp\libc_nano.a(lib_a-init.o)
                              d:/tools/gcc-arm-none-eabi-9-2020-q2-update-win32/bin/../lib/gcc/arm-none-eabi/9.3.1/../../../../arm-none-eabi/lib/thumb/v7-m/nofp/crt0.o (__libc_init_array)
d:/tools/gcc-arm-none-eabi-9-2020-q2-update-win32/bin/../lib/gcc/arm-none-eabi/9.3.1/../../../../arm-none-eabi/lib/thumb/v7-m/nofp\libc_nano.a(lib_a-memset.o)
                              d:/tools/gcc-arm-none-eabi-9-2020-q2-update-win32/bin/../lib/gcc/arm-none-eabi/9.3.1/../../../../arm-none-eabi/lib/thumb/v7-m/nofp/crt0.o (memset)
d:/tools/gcc-arm-none-eabi-9-2020-q2-update-win32/bin/../lib/gcc/arm-none-eabi/9.3.1/../../../../arm-none-eabi/lib/thumb/v7-m/nofp\libg_nano.a(lib_a-errno.o)
                              CMakeFiles/stm32_fw.elf.dir/src/Src/syscalls.c.obj (__errno)
d:/tools/gcc-arm-none-eabi-9-2020-q2-update-win32/bin/../lib/gcc/arm-none-eabi/9.3.1/../../../../arm-none-eabi/lib/thumb/v7-m/nofp\libg_nano.a(lib_a-puts.o)
                              CMakeFiles/stm32_fw.elf.dir/src/Src/main.c.obj (puts)
d:/tools/gcc-arm-none-eabi-9-2020-q2-update-win32/bin/../lib/gcc/arm-none-eabi/9.3.1/../../../../arm-none-eabi/lib/thumb/v7-m/nofp\libg_nano.a(lib_a-setvbuf.o)
                              CMakeFiles/stm32_fw.elf.dir/src/Src/main.c.obj (setvbuf)
d:/tools/gcc-arm-none-eabi-9-2020-q2-update-win32/bin/../lib/gcc/arm-none-eabi/9.3.1/../../../../arm-none-eabi/lib/thumb/v7-m/nofp\libg_nano.a(lib_a-wbuf.o)
                              d:/tools/gcc-arm-none-eabi-9-2020-q2-update-win32/bin/../lib/gcc/arm-none-eabi/9.3.1/../../../../arm-none-eabi/lib/thumb/v7-m/nofp\libg_nano.a(lib_a-puts.o) (__swbuf_r)
d:/tools/gcc-arm-none-eabi-9-2020-q2-update-win32/bin/../lib/gcc/arm-none-eabi/9.3.1/../../../../arm-none-eabi/lib/thumb/v7-m/nofp\libg_nano.a(lib_a-wsetup.o)
                              d:/tools/gcc-arm-none-eabi-9-2020-q2-update-win32/bin/../lib/gcc/arm-none-eabi/9.3.1/../../../../arm-none-eabi/lib/thumb/v7-m/nofp\libg_nano.a(lib_a-puts.o) (__swsetup_r)
d:/tools/gcc-arm-none-eabi-9-2020-q2-update-win32/bin/../lib/gcc/arm-none-eabi/9.3.1/../../../../arm-none-eabi/lib/thumb/v7-m/nofp\libg_nano.a(lib_a-fflush.o)
                              d:/tools/gcc-arm-none-eabi-9-2020-q2-update-win32/bin/../lib/gcc/arm-none-eabi/9.3.1/../../../../arm-none-eabi/lib/thumb/v7-m/nofp\libg_nano.a(lib_a-setvbuf.o) (_fflush_r)
d:/tools/gcc-arm-none-eabi-9-2020-q2-update-win32/bin/../lib/gcc/arm-none-eabi/9.3.1/../../../../arm-none-eabi/lib/thumb/v7-m/nofp\libg_nano.a(lib_a-findfp.o)
                              d:/tools/gcc-arm-none-eabi-9-2020-q2-update-win32/bin/../lib/gcc/arm-none-eabi/9.3.1/../../../../arm-none-eabi/lib/thumb/v7-m/nofp\libg_nano.a(lib_a-puts.o) (__sinit)
d:/tools/gcc-arm-none-eabi-9-2020-q2-update-win32/bin/../lib/gcc/arm-none-eabi/9.3.1/../../../../arm-none-eabi/lib/thumb/v7-m/nofp\libg_nano.a(lib_a-fwalk.o)
                              d:/tools/gcc-arm-none-eabi-9-2020-q2-update-win32/bin/../lib/gcc/arm-none-eabi/9.3.1/../../../../arm-none-eabi/lib/thumb/v7-m/nofp\libg_nano.a(lib_a-findfp.o) (_fwalk)
d:/tools/gcc-arm-none-eabi-9-2020-q2-update-win32/bin/../lib/gcc/arm-none-eabi/9.3.1/../../../../arm-none-eabi/lib/thumb/v7-m/nofp\libg_nano.a(lib_a-lock.o)
                              d:/tools/gcc-arm-none-eabi-9-2020-q2-update-win32/bin/../lib/gcc/arm-none-eabi/9.3.1/../../../../arm-none-eabi/lib/thumb/v7-m/nofp\libg_nano.a(lib_a-findfp.o) (__retarget_lock_init_recursive)
d:/tools/gcc-arm-none-eabi-9-2020-q2-update-win32/bin/../lib/gcc/arm-none-eabi/9.3.1/../../../../arm-none-eabi/lib/thumb/v7-m/nofp\libg_nano.a(lib_a-makebuf.o)
                              d:/tools/gcc-arm-none-eabi-9-2020-q2-update-win32/bin/../lib/gcc/arm-none-eabi/9.3.1/../../../../arm-none-eabi/lib/thumb/v7-m/nofp\libg_nano.a(lib_a-setvbuf.o) (__swhatbuf_r)
d:/tools/gcc-arm-none-eabi-9-2020-q2-update-win32/bin/../lib/gcc/arm-none-eabi/9.3.1/../../../../arm-none-eabi/lib/thumb/v7-m/nofp\libg_nano.a(lib_a-malloc.o)
[...]
Memory Configuration

Name             Origin             Length             Attributes
RAM              0x20000000         0x00005000         xrw
FLASH            0x08000000         0x00020000         xr
*default*        0x00000000         0xffffffff

Linker script and memory map

LOAD d:/tools/gcc-arm-none-eabi-9-2020-q2-update-win32/bin/../lib/gcc/arm-none-eabi/9.3.1/thumb/v7-m/nofp/crti.o
LOAD d:/tools/gcc-arm-none-eabi-9-2020-q2-update-win32/bin/../lib/gcc/arm-none-eabi/9.3.1/thumb/v7-m/nofp/crtbegin.o
LOAD d:/tools/gcc-arm-none-eabi-9-2020-q2-update-win32/bin/../lib/gcc/arm-none-eabi/9.3.1/../../../../arm-none-eabi/lib/thumb/v7-m/nofp/crt0.o
LOAD d:/tools/gcc-arm-none-eabi-9-2020-q2-update-win32/bin/../lib/gcc/arm-none-eabi/9.3.1/../../../../arm-none-eabi/lib/thumb/v7-m/nofp\libc_nano.a
LOAD d:/tools/gcc-arm-none-eabi-9-2020-q2-update-win32/bin/../lib/gcc/arm-none-eabi/9.3.1/../../../../arm-none-eabi/lib/thumb/v7-m/nofp\libm.a
LOAD CMakeFiles/stm32_fw.elf.dir/src/Src/gpio.c.obj
LOAD CMakeFiles/stm32_fw.elf.dir/src/Src/main.c.obj
LOAD CMakeFiles/stm32_fw.elf.dir/src/Src/stm32f1xx_hal_msp.c.obj
LOAD CMakeFiles/stm32_fw.elf.dir/src/Src/stm32f1xx_it.c.obj
LOAD CMakeFiles/stm32_fw.elf.dir/src/Src/syscalls.c.obj
LOAD CMakeFiles/stm32_fw.elf.dir/src/Src/sysmem.c.obj
LOAD CMakeFiles/stm32_fw.elf.dir/src/Src/system_stm32f1xx.c.obj
LOAD CMakeFiles/stm32_fw.elf.dir/src/Src/usart.c.obj
LOAD CMakeFiles/stm32_fw.elf.dir/src/Drivers/STM32F1xx_HAL_Driver/Src/stm32f1xx_hal.c.obj
LOAD CMakeFiles/stm32_fw.elf.dir/src/Drivers/STM32F1xx_HAL_Driver/Src/stm32f1xx_hal_cortex.c.obj
LOAD CMakeFiles/stm32_fw.elf.dir/src/Drivers/STM32F1xx_HAL_Driver/Src/stm32f1xx_hal_dma.c.obj
LOAD CMakeFiles/stm32_fw.elf.dir/src/Drivers/STM32F1xx_HAL_Driver/Src/stm32f1xx_hal_flash.c.obj
LOAD CMakeFiles/stm32_fw.elf.dir/src/Drivers/STM32F1xx_HAL_Driver/Src/stm32f1xx_hal_flash_ex.c.obj
LOAD CMakeFiles/stm32_fw.elf.dir/src/Drivers/STM32F1xx_HAL_Driver/Src/stm32f1xx_hal_gpio.c.obj
LOAD CMakeFiles/stm32_fw.elf.dir/src/Drivers/STM32F1xx_HAL_Driver/Src/stm32f1xx_hal_gpio_ex.c.obj
LOAD CMakeFiles/stm32_fw.elf.dir/src/Drivers/STM32F1xx_HAL_Driver/Src/stm32f1xx_hal_pwr.c.obj
LOAD CMakeFiles/stm32_fw.elf.dir/src/Drivers/STM32F1xx_HAL_Driver/Src/stm32f1xx_hal_rcc.c.obj
LOAD CMakeFiles/stm32_fw.elf.dir/src/Drivers/STM32F1xx_HAL_Driver/Src/stm32f1xx_hal_rcc_ex.c.obj
LOAD CMakeFiles/stm32_fw.elf.dir/src/Drivers/STM32F1xx_HAL_Driver/Src/stm32f1xx_hal_tim.c.obj
LOAD CMakeFiles/stm32_fw.elf.dir/src/Drivers/STM32F1xx_HAL_Driver/Src/stm32f1xx_hal_tim_ex.c.obj
LOAD CMakeFiles/stm32_fw.elf.dir/src/Drivers/STM32F1xx_HAL_Driver/Src/stm32f1xx_hal_uart.c.obj
LOAD CMakeFiles/stm32_fw.elf.dir/src/startup/startup_stm32f103xb.s.obj
START GROUP
LOAD d:/tools/gcc-arm-none-eabi-9-2020-q2-update-win32/bin/../lib/gcc/arm-none-eabi/9.3.1/thumb/v7-m/nofp\libgcc.a
LOAD d:/tools/gcc-arm-none-eabi-9-2020-q2-update-win32/bin/../lib/gcc/arm-none-eabi/9.3.1/../../../../arm-none-eabi/lib/thumb/v7-m/nofp\libg_nano.a
LOAD d:/tools/gcc-arm-none-eabi-9-2020-q2-update-win32/bin/../lib/gcc/arm-none-eabi/9.3.1/../../../../arm-none-eabi/lib/thumb/v7-m/nofp\libc_nano.a
END GROUP
START GROUP
LOAD d:/tools/gcc-arm-none-eabi-9-2020-q2-update-win32/bin/../lib/gcc/arm-none-eabi/9.3.1/thumb/v7-m/nofp\libgcc.a
LOAD d:/tools/gcc-arm-none-eabi-9-2020-q2-update-win32/bin/../lib/gcc/arm-none-eabi/9.3.1/../../../../arm-none-eabi/lib/thumb/v7-m/nofp\libc_nano.a
END GROUP
LOAD d:/tools/gcc-arm-none-eabi-9-2020-q2-update-win32/bin/../lib/gcc/arm-none-eabi/9.3.1/thumb/v7-m/nofp/crtend.o
LOAD d:/tools/gcc-arm-none-eabi-9-2020-q2-update-win32/bin/../lib/gcc/arm-none-eabi/9.3.1/thumb/v7-m/nofp/crtn.o
                0x20005000                _estack = 0x20005000
                0x00000200                _Min_Heap_Size = 0x200
                0x00000400                _Min_Stack_Size = 0x400

.isr_vector     0x08000000      0x10c
                0x08000000                . = ALIGN (0x4)
 *(.isr_vector)
 .isr_vector    0x08000000      0x10c CMakeFiles/stm32_fw.elf.dir/src/startup/startup_stm32f103xb.s.obj
                0x08000000                g_pfnVectors
                0x0800010c                . = ALIGN (0x4)

.text           0x0800010c     0x23a4
                0x0800010c                . = ALIGN (0x4)
 *(.text)
 .text          0x0800010c       0x40 d:/tools/gcc-arm-none-eabi-9-2020-q2-update-win32/bin/../lib/gcc/arm-none-eabi/9.3.1/thumb/v7-m/nofp/crtbegin.o
 *(.text*)
 .text.__libc_init_array
                0x0800014c       0x48 d:/tools/gcc-arm-none-eabi-9-2020-q2-update-win32/bin/../lib/gcc/arm-none-eabi/9.3.1/../../../../arm-none-eabi/lib/thumb/v7-m/nofp\libc_nano.a(lib_a-init.o)
                0x0800014c                __libc_init_array
 .text.memset   0x08000194       0x10 d:/tools/gcc-arm-none-eabi-9-2020-q2-update-win32/bin/../lib/gcc/arm-none-eabi/9.3.1/../../../../arm-none-eabi/lib/thumb/v7-m/nofp\libc_nano.a(lib_a-memset.o)
                0x08000194                memset
 .text.MX_GPIO_Init
                0x080001a4       0x64 CMakeFiles/stm32_fw.elf.dir/src/Src/gpio.c.obj
                0x080001a4                MX_GPIO_Init
 .text._write   0x08000208       0x28 CMakeFiles/stm32_fw.elf.dir/src/Src/main.c.obj
                0x08000208                _write
 .text.main     0x08000230       0x64 CMakeFiles/stm32_fw.elf.dir/src/Src/main.c.obj
                0x08000230                main
 .text.SystemClock_Config
                0x08000294       0x76 CMakeFiles/stm32_fw.elf.dir/src/Src/main.c.obj
                0x08000294                SystemClock_Config
 .text.Error_Handler
                0x0800030a        0xc CMakeFiles/stm32_fw.elf.dir/src/Src/main.c.obj
                0x0800030a                Error_Handler
 *fill*         0x08000316        0x2 
 .text.HAL_MspInit
                0x08000318       0x64 CMakeFiles/stm32_fw.elf.dir/src/Src/stm32f1xx_hal_msp.c.obj
                0x08000318                HAL_MspInit
 .text.NMI_Handler
                0x0800037c        0xc CMakeFiles/stm32_fw.elf.dir/src/Src/stm32f1xx_it.c.obj
                0x0800037c                NMI_Handler
 .text.HardFault_Handler
                0x08000388        0x6 CMakeFiles/stm32_fw.elf.dir/src/Src/stm32f1xx_it.c.obj
                0x08000388                HardFault_Handler
 .text.MemManage_Handler
                0x0800038e        0x6 CMakeFiles/stm32_fw.elf.dir/src/Src/stm32f1xx_it.c.obj
                0x0800038e                MemManage_Handler
 .text.BusFault_Handler
                0x08000394        0x6 CMakeFiles/stm32_fw.elf.dir/src/Src/stm32f1xx_it.c.obj
                0x08000394                BusFault_Handler
 .text.UsageFault_Handler
                0x0800039a        0x6 CMakeFiles/stm32_fw.elf.dir/src/Src/stm32f1xx_it.c.obj
                0x0800039a                UsageFault_Handler
 .text.SVC_Handler
                0x080003a0        0xc CMakeFiles/stm32_fw.elf.dir/src/Src/stm32f1xx_it.c.obj
                0x080003a0                SVC_Handler
 .text.DebugMon_Handler
                0x080003ac        0xc CMakeFiles/stm32_fw.elf.dir/src/Src/stm32f1xx_it.c.obj
                0x080003ac                DebugMon_Handler
 .text.PendSV_Handler
                0x080003b8        0xc CMakeFiles/stm32_fw.elf.dir/src/Src/stm32f1xx_it.c.obj
                0x080003b8                PendSV_Handler
 .text.SysTick_Handler
                0x080003c4        0xc CMakeFiles/stm32_fw.elf.dir/src/Src/stm32f1xx_it.c.obj
                0x080003c4                SysTick_Handler
 .text._read    0x080003d0       0x3a CMakeFiles/stm32_fw.elf.dir/src/Src/syscalls.c.obj
                0x080003d0                _read
 .text._close   0x0800040a       0x16 CMakeFiles/stm32_fw.elf.dir/src/Src/syscalls.c.obj
                0x0800040a                _close
 .text._fstat   0x08000420       0x1e CMakeFiles/stm32_fw.elf.dir/src/Src/syscalls.c.obj
                0x08000420                _fstat
 .text._isatty  0x0800043e       0x14 CMakeFiles/stm32_fw.elf.dir/src/Src/syscalls.c.obj
                0x0800043e                _isatty
 .text._lseek   0x08000452       0x18 CMakeFiles/stm32_fw.elf.dir/src/Src/syscalls.c.obj
                0x08000452                _lseek
 *fill*         0x0800046a        0x2 
 .text._sbrk    0x0800046c       0x58 CMakeFiles/stm32_fw.elf.dir/src/Src/sysmem.c.obj
                0x0800046c                _sbrk
 .text.SystemInit
                0x080004c4       0x68 CMakeFiles/stm32_fw.elf.dir/src/Src/system_stm32f1xx.c.obj
                0x080004c4                SystemInit
 .text.MX_USART2_UART_Init
                0x0800052c       0x54 CMakeFiles/stm32_fw.elf.dir/src/Src/usart.c.obj
                0x0800052c                MX_USART2_UART_Init
 .text.HAL_UART_MspInit
                0x08000580       0x94 CMakeFiles/stm32_fw.elf.dir/src/Src/usart.c.obj
                0x08000580                HAL_UART_MspInit
 .text.HAL_Init
                0x08000614       0x2c CMakeFiles/stm32_fw.elf.dir/src/Drivers/STM32F1xx_HAL_Driver/Src/stm32f1xx_hal.c.obj
                0x08000614                HAL_Init
 .text.HAL_InitTick
                0x08000640       0x60 CMakeFiles/stm32_fw.elf.dir/src/Drivers/STM32F1xx_HAL_Driver/Src/stm32f1xx_hal.c.obj
                0x08000640                HAL_InitTick
 .text.HAL_IncTick
                0x080006a0       0x24 CMakeFiles/stm32_fw.elf.dir/src/Drivers/STM32F1xx_HAL_Driver/Src/stm32f1xx_hal.c.obj
                0x080006a0                HAL_IncTick
 .text.HAL_GetTick
                0x080006c4       0x14 CMakeFiles/stm32_fw.elf.dir/src/Drivers/STM32F1xx_HAL_Driver/Src/stm32f1xx_hal.c.obj
                0x080006c4                HAL_GetTick
 .text.HAL_Delay
                0x080006d8       0x48 CMakeFiles/stm32_fw.elf.dir/src/Drivers/STM32F1xx_HAL_Driver/Src/stm32f1xx_hal.c.obj
                0x080006d8                HAL_Delay
 .text.NVIC_SetPriorityGrouping
                0x08000720       0x48 CMakeFiles/stm32_fw.elf.dir/src/Drivers/STM32F1xx_HAL_Driver/Src/stm32f1xx_hal_cortex.c.obj
 .text.NVIC_GetPriorityGrouping
                0x08000768       0x1c CMakeFiles/stm32_fw.elf.dir/src/Drivers/STM32F1xx_HAL_Driver/Src/stm32f1xx_hal_cortex.c.obj
 .text.NVIC_SetPriority
                0x08000784       0x54 CMakeFiles/stm32_fw.elf.dir/src/Drivers/STM32F1xx_HAL_Driver/Src/stm32f1xx_hal_cortex.c.obj
 .text.NVIC_EncodePriority
                0x080007d8       0x64 CMakeFiles/stm32_fw.elf.dir/src/Drivers/STM32F1xx_HAL_Driver/Src/stm32f1xx_hal_cortex.c.obj
 .text.SysTick_Config
                0x0800083c       0x44 CMakeFiles/stm32_fw.elf.dir/src/Drivers/STM32F1xx_HAL_Driver/Src/stm32f1xx_hal_cortex.c.obj
 .text.HAL_NVIC_SetPriorityGrouping
                0x08000880       0x16 CMakeFiles/stm32_fw.elf.dir/src/Drivers/STM32F1xx_HAL_Driver/Src/stm32f1xx_hal_cortex.c.obj
                0x08000880                HAL_NVIC_SetPriorityGrouping
 .text.HAL_NVIC_SetPriority
                0x08000896       0x38 CMakeFiles/stm32_fw.elf.dir/src/Drivers/STM32F1xx_HAL_Driver/Src/stm32f1xx_hal_cortex.c.obj
                0x08000896                HAL_NVIC_SetPriority
 .text.HAL_SYSTICK_Config
                0x080008ce       0x18 CMakeFiles/stm32_fw.elf.dir/src/Drivers/STM32F1xx_HAL_Driver/Src/stm32f1xx_hal_cortex.c.obj
                0x080008ce                HAL_SYSTICK_Config
 *fill*         0x080008e6        0x2 
 .text.HAL_GPIO_Init
                0x080008e8      0x310 CMakeFiles/stm32_fw.elf.dir/src/Drivers/STM32F1xx_HAL_Driver/Src/stm32f1xx_hal_gpio.c.obj
                0x080008e8                HAL_GPIO_Init
 .text.HAL_GPIO_WritePin
                0x08000bf8       0x30 CMakeFiles/stm32_fw.elf.dir/src/Drivers/STM32F1xx_HAL_Driver/Src/stm32f1xx_hal_gpio.c.obj
                0x08000bf8                HAL_GPIO_WritePin
 .text.HAL_GPIO_TogglePin
                0x08000c28       0x22 CMakeFiles/stm32_fw.elf.dir/src/Drivers/STM32F1xx_HAL_Driver/Src/stm32f1xx_hal_gpio.c.obj
                0x08000c28                HAL_GPIO_TogglePin
 *fill*         0x08000c4a        0x2 
 .text.HAL_RCC_OscConfig
                0x08000c4c      0x4c8 CMakeFiles/stm32_fw.elf.dir/src/Drivers/STM32F1xx_HAL_Driver/Src/stm32f1xx_hal_rcc.c.obj
                0x08000c4c                HAL_RCC_OscConfig
 .text.HAL_RCC_ClockConfig
                0x08001114      0x218 CMakeFiles/stm32_fw.elf.dir/src/Drivers/STM32F1xx_HAL_Driver/Src/stm32f1xx_hal_rcc.c.obj
                0x08001114                HAL_RCC_ClockConfig
 .text.HAL_RCC_GetSysClockFreq
                0x0800132c       0xc0 CMakeFiles/stm32_fw.elf.dir/src/Drivers/STM32F1xx_HAL_Driver/Src/stm32f1xx_hal_rcc.c.obj
                0x0800132c                HAL_RCC_GetSysClockFreq
 .text.HAL_RCC_GetHCLKFreq
                0x080013ec       0x14 CMakeFiles/stm32_fw.elf.dir/src/Drivers/STM32F1xx_HAL_Driver/Src/stm32f1xx_hal_rcc.c.obj
                0x080013ec                HAL_RCC_GetHCLKFreq
 .text.HAL_RCC_GetPCLK1Freq
                0x08001400       0x28 CMakeFiles/stm32_fw.elf.dir/src/Drivers/STM32F1xx_HAL_Driver/Src/stm32f1xx_hal_rcc.c.obj
                0x08001400                HAL_RCC_GetPCLK1Freq
 .text.HAL_RCC_GetPCLK2Freq
                0x08001428       0x28 CMakeFiles/stm32_fw.elf.dir/src/Drivers/STM32F1xx_HAL_Driver/Src/stm32f1xx_hal_rcc.c.obj
                0x08001428                HAL_RCC_GetPCLK2Freq
 .text.RCC_Delay
                0x08001450       0x40 CMakeFiles/stm32_fw.elf.dir/src/Drivers/STM32F1xx_HAL_Driver/Src/stm32f1xx_hal_rcc.c.obj
 .text.HAL_UART_Init
                0x08001490       0x9a CMakeFiles/stm32_fw.elf.dir/src/Drivers/STM32F1xx_HAL_Driver/Src/stm32f1xx_hal_uart.c.obj
                0x08001490                HAL_UART_Init
 .text.HAL_UART_Transmit
                0x0800152a      0x132 CMakeFiles/stm32_fw.elf.dir/src/Drivers/STM32F1xx_HAL_Driver/Src/stm32f1xx_hal_uart.c.obj
                0x0800152a                HAL_UART_Transmit
 .text.UART_WaitOnFlagUntilTimeout
                0x0800165c       0x94 CMakeFiles/stm32_fw.elf.dir/src/Drivers/STM32F1xx_HAL_Driver/Src/stm32f1xx_hal_uart.c.obj
 .text.UART_SetConfig
                0x080016f0      0x230 CMakeFiles/stm32_fw.elf.dir/src/Drivers/STM32F1xx_HAL_Driver/Src/stm32f1xx_hal_uart.c.obj
 .text.Reset_Handler
                0x08001920       0x48 CMakeFiles/stm32_fw.elf.dir/src/startup/startup_stm32f103xb.s.obj
                0x08001920                Reset_Handler
 .text.Default_Handler
                0x08001968        0x2 CMakeFiles/stm32_fw.elf.dir/src/startup/startup_stm32f103xb.s.obj
                0x08001968                RTC_Alarm_IRQHandler
                0x08001968                EXTI2_IRQHandler
                0x08001968                TIM1_CC_IRQHandler
                0x08001968                PVD_IRQHandler
                0x08001968                EXTI3_IRQHandler
                0x08001968                EXTI0_IRQHandler
                0x08001968                I2C2_EV_IRQHandler
                0x08001968                ADC1_2_IRQHandler
                0x08001968                SPI1_IRQHandler
                0x08001968                TAMPER_IRQHandler
                0x08001968                DMA1_Channel4_IRQHandler
                0x08001968                USART3_IRQHandler
                0x08001968                RTC_IRQHandler
                0x08001968                DMA1_Channel7_IRQHandler
                0x08001968                CAN1_RX1_IRQHandler
                0x08001968                TIM4_IRQHandler
                0x08001968                I2C1_EV_IRQHandler
                0x08001968                DMA1_Channel6_IRQHandler
                0x08001968                TIM3_IRQHandler
                0x08001968                RCC_IRQHandler
                0x08001968                TIM1_TRG_COM_IRQHandler
                0x08001968                DMA1_Channel1_IRQHandler
                0x08001968                Default_Handler
                0x08001968                EXTI15_10_IRQHandler
                0x08001968                EXTI9_5_IRQHandler
                0x08001968                SPI2_IRQHandler
                0x08001968                DMA1_Channel5_IRQHandler
                0x08001968                EXTI4_IRQHandler
                0x08001968                USB_LP_CAN1_RX0_IRQHandler
                0x08001968                USB_HP_CAN1_TX_IRQHandler
                0x08001968                DMA1_Channel3_IRQHandler
                0x08001968                TIM1_UP_IRQHandler
                0x08001968                WWDG_IRQHandler
                0x08001968                TIM2_IRQHandler
                0x08001968                TIM1_BRK_IRQHandler
                0x08001968                EXTI1_IRQHandler
                0x08001968                USART2_IRQHandler
                0x08001968                I2C2_ER_IRQHandler
                0x08001968                DMA1_Channel2_IRQHandler
                0x08001968                CAN1_SCE_IRQHandler
                0x08001968                FLASH_IRQHandler
                0x08001968                USART1_IRQHandler
                0x08001968                I2C1_ER_IRQHandler
                0x08001968                USBWakeUp_IRQHandler
 *fill*         0x0800196a        0x2 
 .text.__errno  0x0800196c        0xc d:/tools/gcc-arm-none-eabi-9-2020-q2-update-win32/bin/../lib/gcc/arm-none-eabi/9.3.1/../../../../arm-none-eabi/lib/thumb/v7-m/nofp\libg_nano.a(lib_a-errno.o)
                0x0800196c                __errno
 .text._puts_r  0x08001978       0xdc d:/tools/gcc-arm-none-eabi-9-2020-q2-update-win32/bin/../lib/gcc/arm-none-eabi/9.3.1/../../../../arm-none-eabi/lib/thumb/v7-m/nofp\libg_nano.a(lib_a-puts.o)
                0x08001978                _puts_r
 .text.puts     0x08001a54       0x10 d:/tools/gcc-arm-none-eabi-9-2020-q2-update-win32/bin/../lib/gcc/arm-none-eabi/9.3.1/../../../../arm-none-eabi/lib/thumb/v7-m/nofp\libg_nano.a(lib_a-puts.o)
                0x08001a54                puts
 .text.setvbuf  0x08001a64      0x18c d:/tools/gcc-arm-none-eabi-9-2020-q2-update-win32/bin/../lib/gcc/arm-none-eabi/9.3.1/../../../../arm-none-eabi/lib/thumb/v7-m/nofp\libg_nano.a(lib_a-setvbuf.o)
                0x08001a64                setvbuf
 .text.__swbuf_r
                0x08001bf0       0xa4 d:/tools/gcc-arm-none-eabi-9-2020-q2-update-win32/bin/../lib/gcc/arm-none-eabi/9.3.1/../../../../arm-none-eabi/lib/thumb/v7-m/nofp\libg_nano.a(lib_a-wbuf.o)
                0x08001bf0                __swbuf_r
 .text.__swsetup_r
                0x08001c94       0xdc d:/tools/gcc-arm-none-eabi-9-2020-q2-update-win32/bin/../lib/gcc/arm-none-eabi/9.3.1/../../../../arm-none-eabi/lib/thumb/v7-m/nofp\libg_nano.a(lib_a-wsetup.o)
                0x08001c94                __swsetup_r
 .text.__sflush_r
                0x08001d70      0x10c d:/tools/gcc-arm-none-eabi-9-2020-q2-update-win32/bin/../lib/gcc/arm-none-eabi/9.3.1/../../../../arm-none-eabi/lib/thumb/v7-m/nofp\libg_nano.a(lib_a-fflush.o)
                0x08001d70                __sflush_r
 .text._fflush_r
                0x08001e7c       0x78 d:/tools/gcc-arm-none-eabi-9-2020-q2-update-win32/bin/../lib/gcc/arm-none-eabi/9.3.1/../../../../arm-none-eabi/lib/thumb/v7-m/nofp\libg_nano.a(lib_a-fflush.o)
                0x08001e7c                _fflush_r
 .text.std      0x08001ef4       0x48 d:/tools/gcc-arm-none-eabi-9-2020-q2-update-win32/bin/../lib/gcc/arm-none-eabi/9.3.1/../../../../arm-none-eabi/lib/thumb/v7-m/nofp\libg_nano.a(lib_a-findfp.o)
 .text._cleanup_r
                0x08001f3c        0xc d:/tools/gcc-arm-none-eabi-9-2020-q2-update-win32/bin/../lib/gcc/arm-none-eabi/9.3.1/../../../../arm-none-eabi/lib/thumb/v7-m/nofp\libg_nano.a(lib_a-findfp.o)
                0x08001f3c                _cleanup_r
 .text.__sfmoreglue
                0x08001f48       0x2c d:/tools/gcc-arm-none-eabi-9-2020-q2-update-win32/bin/../lib/gcc/arm-none-eabi/9.3.1/../../../../arm-none-eabi/lib/thumb/v7-m/nofp\libg_nano.a(lib_a-findfp.o)
                0x08001f48                __sfmoreglue
 .text.__sfp_lock_acquire
                0x08001f74        0xc d:/tools/gcc-arm-none-eabi-9-2020-q2-update-win32/bin/../lib/gcc/arm-none-eabi/9.3.1/../../../../arm-none-eabi/lib/thumb/v7-m/nofp\libg_nano.a(lib_a-findfp.o)
                0x08001f74                __sfp_lock_acquire
 .text.__sfp_lock_release
                0x08001f80        0xc d:/tools/gcc-arm-none-eabi-9-2020-q2-update-win32/bin/../lib/gcc/arm-none-eabi/9.3.1/../../../../arm-none-eabi/lib/thumb/v7-m/nofp\libg_nano.a(lib_a-findfp.o)
                0x08001f80                __sfp_lock_release
 .text.__sinit_lock_acquire
                0x08001f8c        0xc d:/tools/gcc-arm-none-eabi-9-2020-q2-update-win32/bin/../lib/gcc/arm-none-eabi/9.3.1/../../../../arm-none-eabi/lib/thumb/v7-m/nofp\libg_nano.a(lib_a-findfp.o)
                0x08001f8c                __sinit_lock_acquire
 .text.__sinit_lock_release
                0x08001f98        0xc d:/tools/gcc-arm-none-eabi-9-2020-q2-update-win32/bin/../lib/gcc/arm-none-eabi/9.3.1/../../../../arm-none-eabi/lib/thumb/v7-m/nofp\libg_nano.a(lib_a-findfp.o)
                0x08001f98                __sinit_lock_release
 .text.__sinit  0x08001fa4       0x70 d:/tools/gcc-arm-none-eabi-9-2020-q2-update-win32/bin/../lib/gcc/arm-none-eabi/9.3.1/../../../../arm-none-eabi/lib/thumb/v7-m/nofp\libg_nano.a(lib_a-findfp.o)
                0x08001fa4                __sinit
 .text.__sfp    0x08002014       0x8c d:/tools/gcc-arm-none-eabi-9-2020-q2-update-win32/bin/../lib/gcc/arm-none-eabi/9.3.1/../../../../arm-none-eabi/lib/thumb/v7-m/nofp\libg_nano.a(lib_a-findfp.o)
                0x08002014                __sfp
 .text._fwalk_reent
                0x080020a0       0x3e d:/tools/gcc-arm-none-eabi-9-2020-q2-update-win32/bin/../lib/gcc/arm-none-eabi/9.3.1/../../../../arm-none-eabi/lib/thumb/v7-m/nofp\libg_nano.a(lib_a-fwalk.o)
                0x080020a0                _fwalk_reent
 .text.__retarget_lock_init_recursive
                0x080020de        0x2 d:/tools/gcc-arm-none-eabi-9-2020-q2-update-win32/bin/../lib/gcc/arm-none-eabi/9.3.1/../../../../arm-none-eabi/lib/thumb/v7-m/nofp\libg_nano.a(lib_a-lock.o)
                0x080020de                __retarget_lock_init_recursive
 .text.__retarget_lock_acquire_recursive
                0x080020e0        0x2 d:/tools/gcc-arm-none-eabi-9-2020-q2-update-win32/bin/../lib/gcc/arm-none-eabi/9.3.1/../../../../arm-none-eabi/lib/thumb/v7-m/nofp\libg_nano.a(lib_a-lock.o)
                0x080020e0                __retarget_lock_acquire_recursive
 .text.__retarget_lock_release_recursive
                0x080020e2        0x2 d:/tools/gcc-arm-none-eabi-9-2020-q2-update-win32/bin/../lib/gcc/arm-none-eabi/9.3.1/../../../../arm-none-eabi/lib/thumb/v7-m/nofp\libg_nano.a(lib_a-lock.o)
                0x080020e2                __retarget_lock_release_recursive
 .text.__swhatbuf_r
                0x080020e4       0x48 d:/tools/gcc-arm-none-eabi-9-2020-q2-update-win32/bin/../lib/gcc/arm-none-eabi/9.3.1/../../../../arm-none-eabi/lib/thumb/v7-m/nofp\libg_nano.a(lib_a-makebuf.o)
                0x080020e4                __swhatbuf_r
 .text.__smakebuf_r
                0x0800212c       0x80 d:/tools/gcc-arm-none-eabi-9-2020-q2-update-win32/bin/../lib/gcc/arm-none-eabi/9.3.1/../../../../arm-none-eabi/lib/thumb/v7-m/nofp\libg_nano.a(lib_a-makebuf.o)
                0x0800212c                __smakebuf_r
 .text.malloc   0x080021ac       0x10 d:/tools/gcc-arm-none-eabi-9-2020-q2-update-win32/bin/../lib/gcc/arm-none-eabi/9.3.1/../../../../arm-none-eabi/lib/thumb/v7-m/nofp\libg_nano.a(lib_a-malloc.o)
                0x080021ac                malloc
 .text._free_r  0x080021bc       0x98 d:/tools/gcc-arm-none-eabi-9-2020-q2-update-win32/bin/../lib/gcc/arm-none-eabi/9.3.1/../../../../arm-none-eabi/lib/thumb/v7-m/nofp\libg_nano.a(lib_a-nano-freer.o)
                0x080021bc                _free_r
 .text._malloc_r
                0x08002254       0xb4 d:/tools/gcc-arm-none-eabi-9-2020-q2-update-win32/bin/../lib/gcc/arm-none-eabi/9.3.1/../../../../arm-none-eabi/lib/thumb/v7-m/nofp\libg_nano.a(lib_a-nano-mallocr.o)
                0x08002254                _malloc_r
 .text._sbrk_r  0x08002308       0x20 d:/tools/gcc-arm-none-eabi-9-2020-q2-update-win32/bin/../lib/gcc/arm-none-eabi/9.3.1/../../../../arm-none-eabi/lib/thumb/v7-m/nofp\libg_nano.a(lib_a-sbrkr.o)
                0x08002308                _sbrk_r
 .text.__sread  0x08002328       0x22 d:/tools/gcc-arm-none-eabi-9-2020-q2-update-win32/bin/../lib/gcc/arm-none-eabi/9.3.1/../../../../arm-none-eabi/lib/thumb/v7-m/nofp\libg_nano.a(lib_a-stdio.o)
                0x08002328                __sread
 .text.__swrite
                0x0800234a       0x38 d:/tools/gcc-arm-none-eabi-9-2020-q2-update-win32/bin/../lib/gcc/arm-none-eabi/9.3.1/../../../../arm-none-eabi/lib/thumb/v7-m/nofp\libg_nano.a(lib_a-stdio.o)
                0x0800234a                __swrite
 .text.__sseek  0x08002382       0x24 d:/tools/gcc-arm-none-eabi-9-2020-q2-update-win32/bin/../lib/gcc/arm-none-eabi/9.3.1/../../../../arm-none-eabi/lib/thumb/v7-m/nofp\libg_nano.a(lib_a-stdio.o)
                0x08002382                __sseek
 .text.__sclose
                0x080023a6        0x8 d:/tools/gcc-arm-none-eabi-9-2020-q2-update-win32/bin/../lib/gcc/arm-none-eabi/9.3.1/../../../../arm-none-eabi/lib/thumb/v7-m/nofp\libg_nano.a(lib_a-stdio.o)
                0x080023a6                __sclose
 *fill*         0x080023ae        0x2 
 .text._write_r
                0x080023b0       0x24 d:/tools/gcc-arm-none-eabi-9-2020-q2-update-win32/bin/../lib/gcc/arm-none-eabi/9.3.1/../../../../arm-none-eabi/lib/thumb/v7-m/nofp\libg_nano.a(lib_a-writer.o)
                0x080023b0                _write_r
 .text._close_r
                0x080023d4       0x20 d:/tools/gcc-arm-none-eabi-9-2020-q2-update-win32/bin/../lib/gcc/arm-none-eabi/9.3.1/../../../../arm-none-eabi/lib/thumb/v7-m/nofp\libg_nano.a(lib_a-closer.o)
                0x080023d4                _close_r
 .text._fstat_r
                0x080023f4       0x24 d:/tools/gcc-arm-none-eabi-9-2020-q2-update-win32/bin/../lib/gcc/arm-none-eabi/9.3.1/../../../../arm-none-eabi/lib/thumb/v7-m/nofp\libg_nano.a(lib_a-fstatr.o)
                0x080023f4                _fstat_r
 .text._isatty_r
                0x08002418       0x20 d:/tools/gcc-arm-none-eabi-9-2020-q2-update-win32/bin/../lib/gcc/arm-none-eabi/9.3.1/../../../../arm-none-eabi/lib/thumb/v7-m/nofp\libg_nano.a(lib_a-isattyr.o)
                0x08002418                _isatty_r
 .text._lseek_r
                0x08002438       0x24 d:/tools/gcc-arm-none-eabi-9-2020-q2-update-win32/bin/../lib/gcc/arm-none-eabi/9.3.1/../../../../arm-none-eabi/lib/thumb/v7-m/nofp\libg_nano.a(lib_a-lseekr.o)
                0x08002438                _lseek_r
 .text.__malloc_lock
                0x0800245c        0xc d:/tools/gcc-arm-none-eabi-9-2020-q2-update-win32/bin/../lib/gcc/arm-none-eabi/9.3.1/../../../../arm-none-eabi/lib/thumb/v7-m/nofp\libg_nano.a(lib_a-mlock.o)
                0x0800245c                __malloc_lock
 .text.__malloc_unlock
                0x08002468        0xc d:/tools/gcc-arm-none-eabi-9-2020-q2-update-win32/bin/../lib/gcc/arm-none-eabi/9.3.1/../../../../arm-none-eabi/lib/thumb/v7-m/nofp\libg_nano.a(lib_a-mlock.o)
                0x08002468                __malloc_unlock
 .text._read_r  0x08002474       0x24 d:/tools/gcc-arm-none-eabi-9-2020-q2-update-win32/bin/../lib/gcc/arm-none-eabi/9.3.1/../../../../arm-none-eabi/lib/thumb/v7-m/nofp\libg_nano.a(lib_a-readr.o)
                0x08002474                _read_r
 *(.glue_7)
 .glue_7        0x08002498        0x0 linker stubs
 *(.glue_7t)
 .glue_7t       0x08002498        0x0 linker stubs
 *(.eh_frame)
 .eh_frame      0x08002498        0x0 d:/tools/gcc-arm-none-eabi-9-2020-q2-update-win32/bin/../lib/gcc/arm-none-eabi/9.3.1/thumb/v7-m/nofp/crtbegin.o
 *(.init)
 .init          0x08002498        0x4 d:/tools/gcc-arm-none-eabi-9-2020-q2-update-win32/bin/../lib/gcc/arm-none-eabi/9.3.1/thumb/v7-m/nofp/crti.o
                0x08002498                _init
 .init          0x0800249c        0x8 d:/tools/gcc-arm-none-eabi-9-2020-q2-update-win32/bin/../lib/gcc/arm-none-eabi/9.3.1/thumb/v7-m/nofp/crtn.o
 *(.fini)
 .fini          0x080024a4        0x4 d:/tools/gcc-arm-none-eabi-9-2020-q2-update-win32/bin/../lib/gcc/arm-none-eabi/9.3.1/thumb/v7-m/nofp/crti.o
                0x080024a4                _fini
 .fini          0x080024a8        0x8 d:/tools/gcc-arm-none-eabi-9-2020-q2-update-win32/bin/../lib/gcc/arm-none-eabi/9.3.1/thumb/v7-m/nofp/crtn.o
                0x080024b0                . = ALIGN (0x4)
                0x080024b0                _etext = .

.vfp11_veneer   0x080024b0        0x0
 .vfp11_veneer  0x080024b0        0x0 linker stubs

.v4_bx          0x080024b0        0x0
 .v4_bx         0x080024b0        0x0 linker stubs

.iplt           0x080024b0        0x0
 .iplt          0x080024b0        0x0 d:/tools/gcc-arm-none-eabi-9-2020-q2-update-win32/bin/../lib/gcc/arm-none-eabi/9.3.1/thumb/v7-m/nofp/crtbegin.o

.rodata         0x080024b0       0xbc
                0x080024b0                . = ALIGN (0x4)
 *(.rodata)
 .rodata        0x080024b0       0x2d CMakeFiles/stm32_fw.elf.dir/src/Src/main.c.obj
 *fill*         0x080024dd        0x3 
 .rodata        0x080024e0       0x10 CMakeFiles/stm32_fw.elf.dir/src/Drivers/STM32F1xx_HAL_Driver/Src/stm32f1xx_hal_rcc.c.obj
 *(.rodata*)
 .rodata._global_impure_ptr
                0x080024f0        0x4 d:/tools/gcc-arm-none-eabi-9-2020-q2-update-win32/bin/../lib/gcc/arm-none-eabi/9.3.1/../../../../arm-none-eabi/lib/thumb/v7-m/nofp\libc_nano.a(lib_a-impure.o)
                0x080024f0                _global_impure_ptr
 .rodata.AHBPrescTable
                0x080024f4       0x10 CMakeFiles/stm32_fw.elf.dir/src/Src/system_stm32f1xx.c.obj
                0x080024f4                AHBPrescTable
 .rodata.APBPrescTable
                0x08002504        0x8 CMakeFiles/stm32_fw.elf.dir/src/Src/system_stm32f1xx.c.obj
                0x08002504                APBPrescTable
 .rodata.__sf_fake_stderr
                0x0800250c       0x20 d:/tools/gcc-arm-none-eabi-9-2020-q2-update-win32/bin/../lib/gcc/arm-none-eabi/9.3.1/../../../../arm-none-eabi/lib/thumb/v7-m/nofp\libg_nano.a(lib_a-findfp.o)
                0x0800250c                __sf_fake_stderr
 .rodata.__sf_fake_stdin
                0x0800252c       0x20 d:/tools/gcc-arm-none-eabi-9-2020-q2-update-win32/bin/../lib/gcc/arm-none-eabi/9.3.1/../../../../arm-none-eabi/lib/thumb/v7-m/nofp\libg_nano.a(lib_a-findfp.o)
                0x0800252c                __sf_fake_stdin
 .rodata.__sf_fake_stdout
                0x0800254c       0x20 d:/tools/gcc-arm-none-eabi-9-2020-q2-update-win32/bin/../lib/gcc/arm-none-eabi/9.3.1/../../../../arm-none-eabi/lib/thumb/v7-m/nofp\libg_nano.a(lib_a-findfp.o)
                0x0800254c                __sf_fake_stdout
                0x0800256c                . = ALIGN (0x4)

.rel.dyn        0x0800256c        0x0
 .rel.iplt      0x0800256c        0x0 d:/tools/gcc-arm-none-eabi-9-2020-q2-update-win32/bin/../lib/gcc/arm-none-eabi/9.3.1/thumb/v7-m/nofp/crtbegin.o

.ARM.extab
 *(.ARM.extab* .gnu.linkonce.armextab.*)

.ARM            0x0800256c        0x0
                0x0800256c                __exidx_start = .
 *(.ARM.exidx*)
                0x0800256c                __exidx_end = .

.preinit_array  0x0800256c        0x0
                0x0800256c                PROVIDE (__preinit_array_start = .)
 *(.preinit_array*)
                0x0800256c                PROVIDE (__preinit_array_end = .)

.init_array     0x0800256c        0x4
                0x0800256c                PROVIDE (__init_array_start = .)
 *(SORT_BY_NAME(.init_array.*))
 *(.init_array*)
 .init_array    0x0800256c        0x4 d:/tools/gcc-arm-none-eabi-9-2020-q2-update-win32/bin/../lib/gcc/arm-none-eabi/9.3.1/thumb/v7-m/nofp/crtbegin.o
                0x08002570                PROVIDE (__init_array_end = .)

.fini_array     0x08002570        0x4
                [!provide]                PROVIDE (__fini_array_start = .)
 *(SORT_BY_NAME(.fini_array.*))
 *(.fini_array*)
 .fini_array    0x08002570        0x4 d:/tools/gcc-arm-none-eabi-9-2020-q2-update-win32/bin/../lib/gcc/arm-none-eabi/9.3.1/thumb/v7-m/nofp/crtbegin.o
                [!provide]                PROVIDE (__fini_array_end = .)
                0x08002574                _sidata = LOADADDR (.data)

.data           0x20000000       0x70 load address 0x08002574
                0x20000000                . = ALIGN (0x4)
                0x20000000                _sdata = .
 *(.data)
 *(.data*)
 .data._impure_ptr
                0x20000000        0x4 d:/tools/gcc-arm-none-eabi-9-2020-q2-update-win32/bin/../lib/gcc/arm-none-eabi/9.3.1/../../../../arm-none-eabi/lib/thumb/v7-m/nofp\libc_nano.a(lib_a-impure.o)
                0x20000000                _impure_ptr
 .data.impure_data
                0x20000004       0x60 d:/tools/gcc-arm-none-eabi-9-2020-q2-update-win32/bin/../lib/gcc/arm-none-eabi/9.3.1/../../../../arm-none-eabi/lib/thumb/v7-m/nofp\libc_nano.a(lib_a-impure.o)
 .data.SystemCoreClock
                0x20000064        0x4 CMakeFiles/stm32_fw.elf.dir/src/Src/system_stm32f1xx.c.obj
                0x20000064                SystemCoreClock
 .data.uwTickPrio
                0x20000068        0x4 CMakeFiles/stm32_fw.elf.dir/src/Drivers/STM32F1xx_HAL_Driver/Src/stm32f1xx_hal.c.obj
                0x20000068                uwTickPrio
 .data.uwTickFreq
                0x2000006c        0x1 CMakeFiles/stm32_fw.elf.dir/src/Drivers/STM32F1xx_HAL_Driver/Src/stm32f1xx_hal.c.obj
                0x2000006c                uwTickFreq
                0x20000070                . = ALIGN (0x4)
 *fill*         0x2000006d        0x3 
                0x20000070                _edata = .

.igot.plt       0x20000070        0x0 load address 0x080025e4
 .igot.plt      0x20000070        0x0 d:/tools/gcc-arm-none-eabi-9-2020-q2-update-win32/bin/../lib/gcc/arm-none-eabi/9.3.1/thumb/v7-m/nofp/crtbegin.o
                0x20000070                . = ALIGN (0x4)

.bss            0x20000070       0x7c load address 0x080025e4
                0x20000070                _sbss = .
                0x20000070                __bss_start__ = _sbss
 *(.bss)
 .bss           0x20000070       0x1c d:/tools/gcc-arm-none-eabi-9-2020-q2-update-win32/bin/../lib/gcc/arm-none-eabi/9.3.1/thumb/v7-m/nofp/crtbegin.o
 *(.bss*)
 .bss.heap_end.5222
                0x2000008c        0x4 CMakeFiles/stm32_fw.elf.dir/src/Src/sysmem.c.obj
 .bss.__malloc_free_list
                0x20000090        0x4 d:/tools/gcc-arm-none-eabi-9-2020-q2-update-win32/bin/../lib/gcc/arm-none-eabi/9.3.1/../../../../arm-none-eabi/lib/thumb/v7-m/nofp\libg_nano.a(lib_a-nano-mallocr.o)
                0x20000090                __malloc_free_list
 .bss.__malloc_sbrk_start
                0x20000094        0x4 d:/tools/gcc-arm-none-eabi-9-2020-q2-update-win32/bin/../lib/gcc/arm-none-eabi/9.3.1/../../../../arm-none-eabi/lib/thumb/v7-m/nofp\libg_nano.a(lib_a-nano-mallocr.o)
                0x20000094                __malloc_sbrk_start
 *(COMMON)
 COMMON         0x20000098       0x40 CMakeFiles/stm32_fw.elf.dir/src/Src/usart.c.obj
                0x20000098                huart2
 COMMON         0x200000d8        0x4 CMakeFiles/stm32_fw.elf.dir/src/Drivers/STM32F1xx_HAL_Driver/Src/stm32f1xx_hal.c.obj
                0x200000d8                uwTick
 COMMON         0x200000dc        0x9 d:/tools/gcc-arm-none-eabi-9-2020-q2-update-win32/bin/../lib/gcc/arm-none-eabi/9.3.1/../../../../arm-none-eabi/lib/thumb/v7-m/nofp\libg_nano.a(lib_a-lock.o)
                0x200000dc                __lock___atexit_recursive_mutex
                0x200000dd                __lock___arc4random_mutex
                0x200000de                __lock___env_recursive_mutex
                0x200000df                __lock___sinit_recursive_mutex
                0x200000e0                __lock___malloc_recursive_mutex
                0x200000e1                __lock___at_quick_exit_mutex
                0x200000e2                __lock___dd_hash_mutex
                0x200000e3                __lock___tz_mutex
                0x200000e4                __lock___sfp_recursive_mutex
 *fill*         0x200000e5        0x3 
 COMMON         0x200000e8        0x4 d:/tools/gcc-arm-none-eabi-9-2020-q2-update-win32/bin/../lib/gcc/arm-none-eabi/9.3.1/../../../../arm-none-eabi/lib/thumb/v7-m/nofp\libg_nano.a(lib_a-reent.o)
                0x200000e8                errno
                0x200000ec                . = ALIGN (0x4)
                0x200000ec                _ebss = .
                0x200000ec                __bss_end__ = _ebss

._user_heap_stack
                0x200000ec      0x600 load address 0x080025e4
                0x200000ec                . = ALIGN (0x4)
                0x200000ec                PROVIDE (end = .)
                [!provide]                PROVIDE (_end = .)
                0x200002ec                . = (. + _Min_Heap_Size)
 *fill*         0x200000ec      0x200 
                0x200006ec                . = (. + _Min_Stack_Size)
 *fill*         0x200002ec      0x400 
                0x200006ec                . = ALIGN (0x4)

/DISCARD/
 libc.a(*)
 libm.a(*)
 libgcc.a(*)

.ARM.attributes
                0x00000000       0x29
 *(.ARM.attributes)
 .ARM.attributes
                0x00000000       0x1d d:/tools/gcc-arm-none-eabi-9-2020-q2-update-win32/bin/../lib/gcc/arm-none-eabi/9.3.1/thumb/v7-m/nofp/crti.o
 .ARM.attributes
                0x0000001d       0x2d d:/tools/gcc-arm-none-eabi-9-2020-q2-update-win32/bin/../lib/gcc/arm-none-eabi/9.3.1/thumb/v7-m/nofp/crtbegin.o
 .ARM.attributes
                0x0000004a       0x2d d:/tools/gcc-arm-none-eabi-9-2020-q2-update-win32/bin/../lib/gcc/arm-none-eabi/9.3.1/../../../../arm-none-eabi/lib/thumb/v7-m/nofp\libc_nano.a(lib_a-impure.o)
 .ARM.attributes
                0x00000077       0x2d d:/tools/gcc-arm-none-eabi-9-2020-q2-update-win32/bin/../lib/gcc/arm-none-eabi/9.3.1/../../../../arm-none-eabi/lib/thumb/v7-m/nofp\libc_nano.a(lib_a-init.o)
 .ARM.attributes
                0x000000a4       0x2d d:/tools/gcc-arm-none-eabi-9-2020-q2-update-win32/bin/../lib/gcc/arm-none-eabi/9.3.1/../../../../arm-none-eabi/lib/thumb/v7-m/nofp\libc_nano.a(lib_a-memset.o)
 .ARM.attributes
                0x000000d1       0x2d CMakeFiles/stm32_fw.elf.dir/src/Src/gpio.c.obj
 .ARM.attributes
                0x000000fe       0x2d CMakeFiles/stm32_fw.elf.dir/src/Src/main.c.obj
 .ARM.attributes
                0x0000012b       0x2d CMakeFiles/stm32_fw.elf.dir/src/Src/stm32f1xx_hal_msp.c.obj
 .ARM.attributes
                0x00000158       0x2d CMakeFiles/stm32_fw.elf.dir/src/Src/stm32f1xx_it.c.obj
 .ARM.attributes
                0x00000185       0x2d CMakeFiles/stm32_fw.elf.dir/src/Src/syscalls.c.obj
 .ARM.attributes
                0x000001b2       0x2d CMakeFiles/stm32_fw.elf.dir/src/Src/sysmem.c.obj
 .ARM.attributes
                0x000001df       0x2d CMakeFiles/stm32_fw.elf.dir/src/Src/system_stm32f1xx.c.obj
 .ARM.attributes
                0x0000020c       0x2d CMakeFiles/stm32_fw.elf.dir/src/Src/usart.c.obj
 .ARM.attributes
                0x00000239       0x2d CMakeFiles/stm32_fw.elf.dir/src/Drivers/STM32F1xx_HAL_Driver/Src/stm32f1xx_hal.c.obj
 .ARM.attributes
                0x00000266       0x2d CMakeFiles/stm32_fw.elf.dir/src/Drivers/STM32F1xx_HAL_Driver/Src/stm32f1xx_hal_cortex.c.obj
 .ARM.attributes
                0x00000293       0x2d CMakeFiles/stm32_fw.elf.dir/src/Drivers/STM32F1xx_HAL_Driver/Src/stm32f1xx_hal_gpio.c.obj
 .ARM.attributes
                0x000002c0       0x2d CMakeFiles/stm32_fw.elf.dir/src/Drivers/STM32F1xx_HAL_Driver/Src/stm32f1xx_hal_rcc.c.obj
 .ARM.attributes
                0x000002ed       0x2d CMakeFiles/stm32_fw.elf.dir/src/Drivers/STM32F1xx_HAL_Driver/Src/stm32f1xx_hal_uart.c.obj
 .ARM.attributes
                0x0000031a       0x21 CMakeFiles/stm32_fw.elf.dir/src/startup/startup_stm32f103xb.s.obj
 .ARM.attributes
                0x0000033b       0x2d d:/tools/gcc-arm-none-eabi-9-2020-q2-update-win32/bin/../lib/gcc/arm-none-eabi/9.3.1/../../../../arm-none-eabi/lib/thumb/v7-m/nofp\libg_nano.a(lib_a-errno.o)
 .ARM.attributes
                0x00000368       0x2d d:/tools/gcc-arm-none-eabi-9-2020-q2-update-win32/bin/../lib/gcc/arm-none-eabi/9.3.1/../../../../arm-none-eabi/lib/thumb/v7-m/nofp\libg_nano.a(lib_a-puts.o)
 .ARM.attributes
                0x00000395       0x2d d:/tools/gcc-arm-none-eabi-9-2020-q2-update-win32/bin/../lib/gcc/arm-none-eabi/9.3.1/../../../../arm-none-eabi/lib/thumb/v7-m/nofp\libg_nano.a(lib_a-setvbuf.o)
 .ARM.attributes
                0x000003c2       0x2d d:/tools/gcc-arm-none-eabi-9-2020-q2-update-win32/bin/../lib/gcc/arm-none-eabi/9.3.1/../../../../arm-none-eabi/lib/thumb/v7-m/nofp\libg_nano.a(lib_a-wbuf.o)
 .ARM.attributes
                0x000003ef       0x2d d:/tools/gcc-arm-none-eabi-9-2020-q2-update-win32/bin/../lib/gcc/arm-none-eabi/9.3.1/../../../../arm-none-eabi/lib/thumb/v7-m/nofp\libg_nano.a(lib_a-wsetup.o)
 .ARM.attributes
                0x0000041c       0x2d d:/tools/gcc-arm-none-eabi-9-2020-q2-update-win32/bin/../lib/gcc/arm-none-eabi/9.3.1/../../../../arm-none-eabi/lib/thumb/v7-m/nofp\libg_nano.a(lib_a-fflush.o)
 .ARM.attributes
                0x00000449       0x2d d:/tools/gcc-arm-none-eabi-9-2020-q2-update-win32/bin/../lib/gcc/arm-none-eabi/9.3.1/../../../../arm-none-eabi/lib/thumb/v7-m/nofp\libg_nano.a(lib_a-findfp.o)
 .ARM.attributes
                0x00000476       0x2d d:/tools/gcc-arm-none-eabi-9-2020-q2-update-win32/bin/../lib/gcc/arm-none-eabi/9.3.1/../../../../arm-none-eabi/lib/thumb/v7-m/nofp\libg_nano.a(lib_a-fwalk.o)
 .ARM.attributes
                0x000004a3       0x2d d:/tools/gcc-arm-none-eabi-9-2020-q2-update-win32/bin/../lib/gcc/arm-none-eabi/9.3.1/../../../../arm-none-eabi/lib/thumb/v7-m/nofp\libg_nano.a(lib_a-lock.o)
 .ARM.attributes
                0x000004d0       0x2d d:/tools/gcc-arm-none-eabi-9-2020-q2-update-win32/bin/../lib/gcc/arm-none-eabi/9.3.1/../../../../arm-none-eabi/lib/thumb/v7-m/nofp\libg_nano.a(lib_a-makebuf.o)
 .ARM.attributes
                0x000004fd       0x2d d:/tools/gcc-arm-none-eabi-9-2020-q2-update-win32/bin/../lib/gcc/arm-none-eabi/9.3.1/../../../../arm-none-eabi/lib/thumb/v7-m/nofp\libg_nano.a(lib_a-malloc.o)
 .ARM.attributes
                0x0000052a       0x2d d:/tools/gcc-arm-none-eabi-9-2020-q2-update-win32/bin/../lib/gcc/arm-none-eabi/9.3.1/../../../../arm-none-eabi/lib/thumb/v7-m/nofp\libg_nano.a(lib_a-nano-freer.o)
 .ARM.attributes
                0x00000557       0x2d d:/tools/gcc-arm-none-eabi-9-2020-q2-update-win32/bin/../lib/gcc/arm-none-eabi/9.3.1/../../../../arm-none-eabi/lib/thumb/v7-m/nofp\libg_nano.a(lib_a-nano-mallocr.o)
 .ARM.attributes
                0x00000584       0x2d d:/tools/gcc-arm-none-eabi-9-2020-q2-update-win32/bin/../lib/gcc/arm-none-eabi/9.3.1/../../../../arm-none-eabi/lib/thumb/v7-m/nofp\libg_nano.a(lib_a-sbrkr.o)
 .ARM.attributes
                0x000005b1       0x2d d:/tools/gcc-arm-none-eabi-9-2020-q2-update-win32/bin/../lib/gcc/arm-none-eabi/9.3.1/../../../../arm-none-eabi/lib/thumb/v7-m/nofp\libg_nano.a(lib_a-stdio.o)
 .ARM.attributes
                0x000005de       0x2d d:/tools/gcc-arm-none-eabi-9-2020-q2-update-win32/bin/../lib/gcc/arm-none-eabi/9.3.1/../../../../arm-none-eabi/lib/thumb/v7-m/nofp\libg_nano.a(lib_a-writer.o)
 .ARM.attributes
                0x0000060b       0x2d d:/tools/gcc-arm-none-eabi-9-2020-q2-update-win32/bin/../lib/gcc/arm-none-eabi/9.3.1/../../../../arm-none-eabi/lib/thumb/v7-m/nofp\libg_nano.a(lib_a-closer.o)
 .ARM.attributes
                0x00000638       0x2d d:/tools/gcc-arm-none-eabi-9-2020-q2-update-win32/bin/../lib/gcc/arm-none-eabi/9.3.1/../../../../arm-none-eabi/lib/thumb/v7-m/nofp\libg_nano.a(lib_a-fstatr.o)
 .ARM.attributes
                0x00000665       0x2d d:/tools/gcc-arm-none-eabi-9-2020-q2-update-win32/bin/../lib/gcc/arm-none-eabi/9.3.1/../../../../arm-none-eabi/lib/thumb/v7-m/nofp\libg_nano.a(lib_a-isattyr.o)
 .ARM.attributes
                0x00000692       0x2d d:/tools/gcc-arm-none-eabi-9-2020-q2-update-win32/bin/../lib/gcc/arm-none-eabi/9.3.1/../../../../arm-none-eabi/lib/thumb/v7-m/nofp\libg_nano.a(lib_a-lseekr.o)
 .ARM.attributes
                0x000006bf       0x2d d:/tools/gcc-arm-none-eabi-9-2020-q2-update-win32/bin/../lib/gcc/arm-none-eabi/9.3.1/../../../../arm-none-eabi/lib/thumb/v7-m/nofp\libg_nano.a(lib_a-mlock.o)
 .ARM.attributes
                0x000006ec       0x2d d:/tools/gcc-arm-none-eabi-9-2020-q2-update-win32/bin/../lib/gcc/arm-none-eabi/9.3.1/../../../../arm-none-eabi/lib/thumb/v7-m/nofp\libg_nano.a(lib_a-readr.o)
 .ARM.attributes
                0x00000719       0x2d d:/tools/gcc-arm-none-eabi-9-2020-q2-update-win32/bin/../lib/gcc/arm-none-eabi/9.3.1/../../../../arm-none-eabi/lib/thumb/v7-m/nofp\libg_nano.a(lib_a-reent.o)
 .ARM.attributes
                0x00000746       0x1d d:/tools/gcc-arm-none-eabi-9-2020-q2-update-win32/bin/../lib/gcc/arm-none-eabi/9.3.1/thumb/v7-m/nofp/crtn.o
OUTPUT(stm32_fw.elf elf32-littlearm)
LOAD linker stubs
LOAD d:/tools/gcc-arm-none-eabi-9-2020-q2-update-win32/bin/../lib/gcc/arm-none-eabi/9.3.1/../../../../arm-none-eabi/lib/thumb/v7-m/nofp\libc.a
LOAD d:/tools/gcc-arm-none-eabi-9-2020-q2-update-win32/bin/../lib/gcc/arm-none-eabi/9.3.1/../../../../arm-none-eabi/lib/thumb/v7-m/nofp\libm.a
LOAD d:/tools/gcc-arm-none-eabi-9-2020-q2-update-win32/bin/../lib/gcc/arm-none-eabi/9.3.1/thumb/v7-m/nofp\libgcc.a

.debug_frame    0x00000000     0x1fb8
 .debug_frame   0x00000000       0x2c d:/tools/gcc-arm-none-eabi-9-2020-q2-update-win32/bin/../lib/gcc/arm-none-eabi/9.3.1/../../../../arm-none-eabi/lib/thumb/v7-m/nofp\libc_nano.a(lib_a-init.o)
 .debug_frame   0x0000002c       0x20 d:/tools/gcc-arm-none-eabi-9-2020-q2-update-win32/bin/../lib/gcc/arm-none-eabi/9.3.1/../../../../arm-none-eabi/lib/thumb/v7-m/nofp\libc_nano.a(lib_a-memset.o)
 .debug_frame   0x0000004c       0x34 CMakeFiles/stm32_fw.elf.dir/src/Src/gpio.c.obj
 .debug_frame   0x00000080       0x9c CMakeFiles/stm32_fw.elf.dir/src/Src/main.c.obj
 .debug_frame   0x0000011c       0x38 CMakeFiles/stm32_fw.elf.dir/src/Src/stm32f1xx_hal_msp.c.obj
 .debug_frame   0x00000154      0x10c CMakeFiles/stm32_fw.elf.dir/src/Src/stm32f1xx_it.c.obj
 .debug_frame   0x00000260      0x2ac CMakeFiles/stm32_fw.elf.dir/src/Src/syscalls.c.obj
 .debug_frame   0x0000050c       0x34 CMakeFiles/stm32_fw.elf.dir/src/Src/sysmem.c.obj
 .debug_frame   0x00000540       0x58 CMakeFiles/stm32_fw.elf.dir/src/Src/system_stm32f1xx.c.obj
 .debug_frame   0x00000598       0x74 CMakeFiles/stm32_fw.elf.dir/src/Src/usart.c.obj
 .debug_frame   0x0000060c      0x2fc CMakeFiles/stm32_fw.elf.dir/src/Drivers/STM32F1xx_HAL_Driver/Src/stm32f1xx_hal.c.obj
 .debug_frame   0x00000908      0x428 CMakeFiles/stm32_fw.elf.dir/src/Drivers/STM32F1xx_HAL_Driver/Src/stm32f1xx_hal_cortex.c.obj
 .debug_frame   0x00000d30      0x14c CMakeFiles/stm32_fw.elf.dir/src/Drivers/STM32F1xx_HAL_Driver/Src/stm32f1xx_hal_gpio.c.obj
 .debug_frame   0x00000e7c      0x21c CMakeFiles/stm32_fw.elf.dir/src/Drivers/STM32F1xx_HAL_Driver/Src/stm32f1xx_hal_rcc.c.obj
 .debug_frame   0x00001098      0x83c CMakeFiles/stm32_fw.elf.dir/src/Drivers/STM32F1xx_HAL_Driver/Src/stm32f1xx_hal_uart.c.obj
 .debug_frame   0x000018d4       0x20 d:/tools/gcc-arm-none-eabi-9-2020-q2-update-win32/bin/../lib/gcc/arm-none-eabi/9.3.1/../../../../arm-none-eabi/lib/thumb/v7-m/nofp\libg_nano.a(lib_a-errno.o)
 .debug_frame   0x000018f4       0x3c d:/tools/gcc-arm-none-eabi-9-2020-q2-update-win32/bin/../lib/gcc/arm-none-eabi/9.3.1/../../../../arm-none-eabi/lib/thumb/v7-m/nofp\libg_nano.a(lib_a-puts.o)
 .debug_frame   0x00001930       0x38 d:/tools/gcc-arm-none-eabi-9-2020-q2-update-win32/bin/../lib/gcc/arm-none-eabi/9.3.1/../../../../arm-none-eabi/lib/thumb/v7-m/nofp\libg_nano.a(lib_a-setvbuf.o)
 .debug_frame   0x00001968       0x40 d:/tools/gcc-arm-none-eabi-9-2020-q2-update-win32/bin/../lib/gcc/arm-none-eabi/9.3.1/../../../../arm-none-eabi/lib/thumb/v7-m/nofp\libg_nano.a(lib_a-wbuf.o)
 .debug_frame   0x000019a8       0x2c d:/tools/gcc-arm-none-eabi-9-2020-q2-update-win32/bin/../lib/gcc/arm-none-eabi/9.3.1/../../../../arm-none-eabi/lib/thumb/v7-m/nofp\libg_nano.a(lib_a-wsetup.o)
 .debug_frame   0x000019d4       0x5c d:/tools/gcc-arm-none-eabi-9-2020-q2-update-win32/bin/../lib/gcc/arm-none-eabi/9.3.1/../../../../arm-none-eabi/lib/thumb/v7-m/nofp\libg_nano.a(lib_a-fflush.o)
 .debug_frame   0x00001a30      0x14c d:/tools/gcc-arm-none-eabi-9-2020-q2-update-win32/bin/../lib/gcc/arm-none-eabi/9.3.1/../../../../arm-none-eabi/lib/thumb/v7-m/nofp\libg_nano.a(lib_a-findfp.o)
 .debug_frame   0x00001b7c       0x54 d:/tools/gcc-arm-none-eabi-9-2020-q2-update-win32/bin/../lib/gcc/arm-none-eabi/9.3.1/../../../../arm-none-eabi/lib/thumb/v7-m/nofp\libg_nano.a(lib_a-fwalk.o)
 .debug_frame   0x00001bd0       0xb0 d:/tools/gcc-arm-none-eabi-9-2020-q2-update-win32/bin/../lib/gcc/arm-none-eabi/9.3.1/../../../../arm-none-eabi/lib/thumb/v7-m/nofp\libg_nano.a(lib_a-lock.o)
 .debug_frame   0x00001c80       0x58 d:/tools/gcc-arm-none-eabi-9-2020-q2-update-win32/bin/../lib/gcc/arm-none-eabi/9.3.1/../../../../arm-none-eabi/lib/thumb/v7-m/nofp\libg_nano.a(lib_a-makebuf.o)
 .debug_frame   0x00001cd8       0x30 d:/tools/gcc-arm-none-eabi-9-2020-q2-update-win32/bin/../lib/gcc/arm-none-eabi/9.3.1/../../../../arm-none-eabi/lib/thumb/v7-m/nofp\libg_nano.a(lib_a-malloc.o)
 .debug_frame   0x00001d08       0x38 d:/tools/gcc-arm-none-eabi-9-2020-q2-update-win32/bin/../lib/gcc/arm-none-eabi/9.3.1/../../../../arm-none-eabi/lib/thumb/v7-m/nofp\libg_nano.a(lib_a-nano-freer.o)
 .debug_frame   0x00001d40       0x30 d:/tools/gcc-arm-none-eabi-9-2020-q2-update-win32/bin/../lib/gcc/arm-none-eabi/9.3.1/../../../../arm-none-eabi/lib/thumb/v7-m/nofp\libg_nano.a(lib_a-nano-mallocr.o)
 .debug_frame   0x00001d70       0x2c d:/tools/gcc-arm-none-eabi-9-2020-q2-update-win32/bin/../lib/gcc/arm-none-eabi/9.3.1/../../../../arm-none-eabi/lib/thumb/v7-m/nofp\libg_nano.a(lib_a-sbrkr.o)
 .debug_frame   0x00001d9c       0x88 d:/tools/gcc-arm-none-eabi-9-2020-q2-update-win32/bin/../lib/gcc/arm-none-eabi/9.3.1/../../../../arm-none-eabi/lib/thumb/v7-m/nofp\libg_nano.a(lib_a-stdio.o)
 .debug_frame   0x00001e24       0x2c d:/tools/gcc-arm-none-eabi-9-2020-q2-update-win32/bin/../lib/gcc/arm-none-eabi/9.3.1/../../../../arm-none-eabi/lib/thumb/v7-m/nofp\libg_nano.a(lib_a-writer.o)
 .debug_frame   0x00001e50       0x2c d:/tools/gcc-arm-none-eabi-9-2020-q2-update-win32/bin/../lib/gcc/arm-none-eabi/9.3.1/../../../../arm-none-eabi/lib/thumb/v7-m/nofp\libg_nano.a(lib_a-closer.o)
 .debug_frame   0x00001e7c       0x2c d:/tools/gcc-arm-none-eabi-9-2020-q2-update-win32/bin/../lib/gcc/arm-none-eabi/9.3.1/../../../../arm-none-eabi/lib/thumb/v7-m/nofp\libg_nano.a(lib_a-fstatr.o)
 .debug_frame   0x00001ea8       0x2c d:/tools/gcc-arm-none-eabi-9-2020-q2-update-win32/bin/../lib/gcc/arm-none-eabi/9.3.1/../../../../arm-none-eabi/lib/thumb/v7-m/nofp\libg_nano.a(lib_a-isattyr.o)
 .debug_frame   0x00001ed4       0x2c d:/tools/gcc-arm-none-eabi-9-2020-q2-update-win32/bin/../lib/gcc/arm-none-eabi/9.3.1/../../../../arm-none-eabi/lib/thumb/v7-m/nofp\libg_nano.a(lib_a-lseekr.o)
 .debug_frame   0x00001f00       0x30 d:/tools/gcc-arm-none-eabi-9-2020-q2-update-win32/bin/../lib/gcc/arm-none-eabi/9.3.1/../../../../arm-none-eabi/lib/thumb/v7-m/nofp\libg_nano.a(lib_a-mlock.o)
 .debug_frame   0x00001f30       0x2c d:/tools/gcc-arm-none-eabi-9-2020-q2-update-win32/bin/../lib/gcc/arm-none-eabi/9.3.1/../../../../arm-none-eabi/lib/thumb/v7-m/nofp\libg_nano.a(lib_a-readr.o)
 .debug_frame   0x00001f5c       0x5c d:/tools/gcc-arm-none-eabi-9-2020-q2-update-win32/bin/../lib/gcc/arm-none-eabi/9.3.1/../../../../arm-none-eabi/lib/thumb/v7-m/nofp\libg_nano.a(lib_a-reent.o)

.debug_info     0x00000000     0xcb25
 .debug_info    0x00000000      0xbeb CMakeFiles/stm32_fw.elf.dir/src/Src/gpio.c.obj
 .debug_info    0x00000beb     0x110a CMakeFiles/stm32_fw.elf.dir/src/Src/main.c.obj
 .debug_info    0x00001cf5      0xb92 CMakeFiles/stm32_fw.elf.dir/src/Src/stm32f1xx_hal_msp.c.obj
 .debug_info    0x00002887      0xab3 CMakeFiles/stm32_fw.elf.dir/src/Src/stm32f1xx_it.c.obj
 .debug_info    0x0000333a      0xfb4 CMakeFiles/stm32_fw.elf.dir/src/Src/syscalls.c.obj
 .debug_info    0x000042ee      0x9b5 CMakeFiles/stm32_fw.elf.dir/src/Src/sysmem.c.obj
 .debug_info    0x00004ca3      0xd13 CMakeFiles/stm32_fw.elf.dir/src/Src/system_stm32f1xx.c.obj
 .debug_info    0x000059b6     0x10c3 CMakeFiles/stm32_fw.elf.dir/src/Src/usart.c.obj
 .debug_info    0x00006a79      0xfdd CMakeFiles/stm32_fw.elf.dir/src/Drivers/STM32F1xx_HAL_Driver/Src/stm32f1xx_hal.c.obj
 .debug_info    0x00007a56     0x1461 CMakeFiles/stm32_fw.elf.dir/src/Drivers/STM32F1xx_HAL_Driver/Src/stm32f1xx_hal_cortex.c.obj
 .debug_info    0x00008eb7      0xfa2 CMakeFiles/stm32_fw.elf.dir/src/Drivers/STM32F1xx_HAL_Driver/Src/stm32f1xx_hal_gpio.c.obj
 .debug_info    0x00009e59     0x1138 CMakeFiles/stm32_fw.elf.dir/src/Drivers/STM32F1xx_HAL_Driver/Src/stm32f1xx_hal_rcc.c.obj
 .debug_info    0x0000af91     0x1b72 CMakeFiles/stm32_fw.elf.dir/src/Drivers/STM32F1xx_HAL_Driver/Src/stm32f1xx_hal_uart.c.obj
 .debug_info    0x0000cb03       0x22 CMakeFiles/stm32_fw.elf.dir/src/startup/startup_stm32f103xb.s.obj

.debug_abbrev   0x00000000     0x201c
 .debug_abbrev  0x00000000      0x1e0 CMakeFiles/stm32_fw.elf.dir/src/Src/gpio.c.obj
 .debug_abbrev  0x000001e0      0x25e CMakeFiles/stm32_fw.elf.dir/src/Src/main.c.obj
 .debug_abbrev  0x0000043e      0x1eb CMakeFiles/stm32_fw.elf.dir/src/Src/stm32f1xx_hal_msp.c.obj
 .debug_abbrev  0x00000629      0x1d1 CMakeFiles/stm32_fw.elf.dir/src/Src/stm32f1xx_it.c.obj
 .debug_abbrev  0x000007fa      0x297 CMakeFiles/stm32_fw.elf.dir/src/Src/syscalls.c.obj
 .debug_abbrev  0x00000a91      0x1e3 CMakeFiles/stm32_fw.elf.dir/src/Src/sysmem.c.obj
 .debug_abbrev  0x00000c74      0x21c CMakeFiles/stm32_fw.elf.dir/src/Src/system_stm32f1xx.c.obj
 .debug_abbrev  0x00000e90      0x227 CMakeFiles/stm32_fw.elf.dir/src/Src/usart.c.obj
 .debug_abbrev  0x000010b7      0x2fb CMakeFiles/stm32_fw.elf.dir/src/Drivers/STM32F1xx_HAL_Driver/Src/stm32f1xx_hal.c.obj
 .debug_abbrev  0x000013b2      0x3bb CMakeFiles/stm32_fw.elf.dir/src/Drivers/STM32F1xx_HAL_Driver/Src/stm32f1xx_hal_cortex.c.obj
 .debug_abbrev  0x0000176d      0x285 CMakeFiles/stm32_fw.elf.dir/src/Drivers/STM32F1xx_HAL_Driver/Src/stm32f1xx_hal_gpio.c.obj
 .debug_abbrev  0x000019f2      0x32b CMakeFiles/stm32_fw.elf.dir/src/Drivers/STM32F1xx_HAL_Driver/Src/stm32f1xx_hal_rcc.c.obj
 .debug_abbrev  0x00001d1d      0x2ed CMakeFiles/stm32_fw.elf.dir/src/Drivers/STM32F1xx_HAL_Driver/Src/stm32f1xx_hal_uart.c.obj
 .debug_abbrev  0x0000200a       0x12 CMakeFiles/stm32_fw.elf.dir/src/startup/startup_stm32f103xb.s.obj

.debug_aranges  0x00000000      0x6a8
 .debug_aranges
                0x00000000       0x20 CMakeFiles/stm32_fw.elf.dir/src/Src/gpio.c.obj
 .debug_aranges
                0x00000020       0x38 CMakeFiles/stm32_fw.elf.dir/src/Src/main.c.obj
 .debug_aranges
                0x00000058       0x20 CMakeFiles/stm32_fw.elf.dir/src/Src/stm32f1xx_hal_msp.c.obj
 .debug_aranges
                0x00000078       0x60 CMakeFiles/stm32_fw.elf.dir/src/Src/stm32f1xx_it.c.obj
 .debug_aranges
                0x000000d8       0xa8 CMakeFiles/stm32_fw.elf.dir/src/Src/syscalls.c.obj
 .debug_aranges
                0x00000180       0x20 CMakeFiles/stm32_fw.elf.dir/src/Src/sysmem.c.obj
 .debug_aranges
                0x000001a0       0x28 CMakeFiles/stm32_fw.elf.dir/src/Src/system_stm32f1xx.c.obj
 .debug_aranges
                0x000001c8       0x30 CMakeFiles/stm32_fw.elf.dir/src/Src/usart.c.obj
 .debug_aranges
                0x000001f8       0xd0 CMakeFiles/stm32_fw.elf.dir/src/Drivers/STM32F1xx_HAL_Driver/Src/stm32f1xx_hal.c.obj
 .debug_aranges
                0x000002c8      0x100 CMakeFiles/stm32_fw.elf.dir/src/Drivers/STM32F1xx_HAL_Driver/Src/stm32f1xx_hal_cortex.c.obj
 .debug_aranges
                0x000003c8       0x58 CMakeFiles/stm32_fw.elf.dir/src/Drivers/STM32F1xx_HAL_Driver/Src/stm32f1xx_hal_gpio.c.obj
 .debug_aranges
                0x00000420       0x90 CMakeFiles/stm32_fw.elf.dir/src/Drivers/STM32F1xx_HAL_Driver/Src/stm32f1xx_hal_rcc.c.obj
 .debug_aranges
                0x000004b0      0x1d0 CMakeFiles/stm32_fw.elf.dir/src/Drivers/STM32F1xx_HAL_Driver/Src/stm32f1xx_hal_uart.c.obj
 .debug_aranges
                0x00000680       0x28 CMakeFiles/stm32_fw.elf.dir/src/startup/startup_stm32f103xb.s.obj

.debug_ranges   0x00000000      0x5d0
 .debug_ranges  0x00000000       0x10 CMakeFiles/stm32_fw.elf.dir/src/Src/gpio.c.obj
 .debug_ranges  0x00000010       0x28 CMakeFiles/stm32_fw.elf.dir/src/Src/main.c.obj
 .debug_ranges  0x00000038       0x10 CMakeFiles/stm32_fw.elf.dir/src/Src/stm32f1xx_hal_msp.c.obj
 .debug_ranges  0x00000048       0x50 CMakeFiles/stm32_fw.elf.dir/src/Src/stm32f1xx_it.c.obj
 .debug_ranges  0x00000098       0x98 CMakeFiles/stm32_fw.elf.dir/src/Src/syscalls.c.obj
 .debug_ranges  0x00000130       0x10 CMakeFiles/stm32_fw.elf.dir/src/Src/sysmem.c.obj
 .debug_ranges  0x00000140       0x18 CMakeFiles/stm32_fw.elf.dir/src/Src/system_stm32f1xx.c.obj
 .debug_ranges  0x00000158       0x20 CMakeFiles/stm32_fw.elf.dir/src/Src/usart.c.obj
 .debug_ranges  0x00000178       0xc0 CMakeFiles/stm32_fw.elf.dir/src/Drivers/STM32F1xx_HAL_Driver/Src/stm32f1xx_hal.c.obj
 .debug_ranges  0x00000238       0xf0 CMakeFiles/stm32_fw.elf.dir/src/Drivers/STM32F1xx_HAL_Driver/Src/stm32f1xx_hal_cortex.c.obj
 .debug_ranges  0x00000328       0x48 CMakeFiles/stm32_fw.elf.dir/src/Drivers/STM32F1xx_HAL_Driver/Src/stm32f1xx_hal_gpio.c.obj
 .debug_ranges  0x00000370       0x80 CMakeFiles/stm32_fw.elf.dir/src/Drivers/STM32F1xx_HAL_Driver/Src/stm32f1xx_hal_rcc.c.obj
 .debug_ranges  0x000003f0      0x1c0 CMakeFiles/stm32_fw.elf.dir/src/Drivers/STM32F1xx_HAL_Driver/Src/stm32f1xx_hal_uart.c.obj
 .debug_ranges  0x000005b0       0x20 CMakeFiles/stm32_fw.elf.dir/src/startup/startup_stm32f103xb.s.obj

.debug_macro    0x00000000    0x15939
 .debug_macro   0x00000000      0x2f2 CMakeFiles/stm32_fw.elf.dir/src/Src/gpio.c.obj
 .debug_macro   0x000002f2      0xa96 CMakeFiles/stm32_fw.elf.dir/src/Src/gpio.c.obj
 .debug_macro   0x00000d88      0x169 CMakeFiles/stm32_fw.elf.dir/src/Src/gpio.c.obj
 .debug_macro   0x00000ef1       0x2e CMakeFiles/stm32_fw.elf.dir/src/Src/gpio.c.obj
 .debug_macro   0x00000f1f       0x22 CMakeFiles/stm32_fw.elf.dir/src/Src/gpio.c.obj
 .debug_macro   0x00000f41       0x22 CMakeFiles/stm32_fw.elf.dir/src/Src/gpio.c.obj
 .debug_macro   0x00000f63       0x8e CMakeFiles/stm32_fw.elf.dir/src/Src/gpio.c.obj
 .debug_macro   0x00000ff1       0x51 CMakeFiles/stm32_fw.elf.dir/src/Src/gpio.c.obj
 .debug_macro   0x00001042      0x103 CMakeFiles/stm32_fw.elf.dir/src/Src/gpio.c.obj
 .debug_macro   0x00001145       0x6a CMakeFiles/stm32_fw.elf.dir/src/Src/gpio.c.obj
 .debug_macro   0x000011af      0x1df CMakeFiles/stm32_fw.elf.dir/src/Src/gpio.c.obj
 .debug_macro   0x0000138e       0x34 CMakeFiles/stm32_fw.elf.dir/src/Src/gpio.c.obj
 .debug_macro   0x000013c2       0x34 CMakeFiles/stm32_fw.elf.dir/src/Src/gpio.c.obj
 .debug_macro   0x000013f6      0xb8e CMakeFiles/stm32_fw.elf.dir/src/Src/gpio.c.obj
 .debug_macro   0x00001f84     0xe911 CMakeFiles/stm32_fw.elf.dir/src/Src/gpio.c.obj
 .debug_macro   0x00010895       0x43 CMakeFiles/stm32_fw.elf.dir/src/Src/gpio.c.obj
 .debug_macro   0x000108d8       0x52 CMakeFiles/stm32_fw.elf.dir/src/Src/gpio.c.obj
 .debug_macro   0x0001092a       0x18 CMakeFiles/stm32_fw.elf.dir/src/Src/gpio.c.obj
 .debug_macro   0x00010942       0x3c CMakeFiles/stm32_fw.elf.dir/src/Src/gpio.c.obj
 .debug_macro   0x0001097e       0x34 CMakeFiles/stm32_fw.elf.dir/src/Src/gpio.c.obj
 .debug_macro   0x000109b2       0x16 CMakeFiles/stm32_fw.elf.dir/src/Src/gpio.c.obj
 .debug_macro   0x000109c8       0x97 CMakeFiles/stm32_fw.elf.dir/src/Src/gpio.c.obj
 .debug_macro   0x00010a5f      0x339 CMakeFiles/stm32_fw.elf.dir/src/Src/gpio.c.obj
 .debug_macro   0x00010d98       0xfd CMakeFiles/stm32_fw.elf.dir/src/Src/gpio.c.obj
 .debug_macro   0x00010e95       0x10 CMakeFiles/stm32_fw.elf.dir/src/Src/gpio.c.obj
 .debug_macro   0x00010ea5       0x16 CMakeFiles/stm32_fw.elf.dir/src/Src/gpio.c.obj
 .debug_macro   0x00010ebb       0x43 CMakeFiles/stm32_fw.elf.dir/src/Src/gpio.c.obj
 .debug_macro   0x00010efe       0x34 CMakeFiles/stm32_fw.elf.dir/src/Src/gpio.c.obj
 .debug_macro   0x00010f32       0x10 CMakeFiles/stm32_fw.elf.dir/src/Src/gpio.c.obj
 .debug_macro   0x00010f42       0x58 CMakeFiles/stm32_fw.elf.dir/src/Src/gpio.c.obj
 .debug_macro   0x00010f9a       0x71 CMakeFiles/stm32_fw.elf.dir/src/Src/gpio.c.obj
 .debug_macro   0x0001100b       0x1c CMakeFiles/stm32_fw.elf.dir/src/Src/gpio.c.obj
 .debug_macro   0x00011027      0x12a CMakeFiles/stm32_fw.elf.dir/src/Src/gpio.c.obj
 .debug_macro   0x00011151       0x10 CMakeFiles/stm32_fw.elf.dir/src/Src/gpio.c.obj
 .debug_macro   0x00011161       0x1c CMakeFiles/stm32_fw.elf.dir/src/Src/gpio.c.obj
 .debug_macro   0x0001117d       0x52 CMakeFiles/stm32_fw.elf.dir/src/Src/gpio.c.obj
 .debug_macro   0x000111cf       0x22 CMakeFiles/stm32_fw.elf.dir/src/Src/gpio.c.obj
 .debug_macro   0x000111f1       0x10 CMakeFiles/stm32_fw.elf.dir/src/Src/gpio.c.obj
 .debug_macro   0x00011201       0x40 CMakeFiles/stm32_fw.elf.dir/src/Src/gpio.c.obj
 .debug_macro   0x00011241       0xd5 CMakeFiles/stm32_fw.elf.dir/src/Src/gpio.c.obj
 .debug_macro   0x00011316       0x1c CMakeFiles/stm32_fw.elf.dir/src/Src/gpio.c.obj
 .debug_macro   0x00011332       0x3d CMakeFiles/stm32_fw.elf.dir/src/Src/gpio.c.obj
 .debug_macro   0x0001136f       0x16 CMakeFiles/stm32_fw.elf.dir/src/Src/gpio.c.obj
 .debug_macro   0x00011385      0x145 CMakeFiles/stm32_fw.elf.dir/src/Src/gpio.c.obj
 .debug_macro   0x000114ca       0x57 CMakeFiles/stm32_fw.elf.dir/src/Src/gpio.c.obj
 .debug_macro   0x00011521      0x5c2 CMakeFiles/stm32_fw.elf.dir/src/Src/gpio.c.obj
 .debug_macro   0x00011ae3      0x28a CMakeFiles/stm32_fw.elf.dir/src/Src/gpio.c.obj
 .debug_macro   0x00011d6d      0x1cb CMakeFiles/stm32_fw.elf.dir/src/Src/gpio.c.obj
 .debug_macro   0x00011f38      0x11e CMakeFiles/stm32_fw.elf.dir/src/Src/gpio.c.obj
 .debug_macro   0x00012056      0x1b3 CMakeFiles/stm32_fw.elf.dir/src/Src/gpio.c.obj
 .debug_macro   0x00012209       0x27 CMakeFiles/stm32_fw.elf.dir/src/Src/gpio.c.obj
 .debug_macro   0x00012230      0x1bc CMakeFiles/stm32_fw.elf.dir/src/Src/gpio.c.obj
 .debug_macro   0x000123ec       0x34 CMakeFiles/stm32_fw.elf.dir/src/Src/gpio.c.obj
 .debug_macro   0x00012420       0x3c CMakeFiles/stm32_fw.elf.dir/src/Src/gpio.c.obj
 .debug_macro   0x0001245c       0x57 CMakeFiles/stm32_fw.elf.dir/src/Src/gpio.c.obj
 .debug_macro   0x000124b3       0x8c CMakeFiles/stm32_fw.elf.dir/src/Src/gpio.c.obj
 .debug_macro   0x0001253f      0x242 CMakeFiles/stm32_fw.elf.dir/src/Src/gpio.c.obj
 .debug_macro   0x00012781      0x143 CMakeFiles/stm32_fw.elf.dir/src/Src/gpio.c.obj
 .debug_macro   0x000128c4      0x26b CMakeFiles/stm32_fw.elf.dir/src/Src/gpio.c.obj
 .debug_macro   0x00012b2f       0x83 CMakeFiles/stm32_fw.elf.dir/src/Src/gpio.c.obj
 .debug_macro   0x00012bb2       0x10 CMakeFiles/stm32_fw.elf.dir/src/Src/gpio.c.obj
 .debug_macro   0x00012bc2      0x300 CMakeFiles/stm32_fw.elf.dir/src/Src/main.c.obj
 .debug_macro   0x00012ec2      0x2e8 CMakeFiles/stm32_fw.elf.dir/src/Src/stm32f1xx_hal_msp.c.obj
 .debug_macro   0x000131aa      0x2f2 CMakeFiles/stm32_fw.elf.dir/src/Src/stm32f1xx_it.c.obj
 .debug_macro   0x0001349c      0x24c CMakeFiles/stm32_fw.elf.dir/src/Src/syscalls.c.obj
 .debug_macro   0x000136e8       0x4c CMakeFiles/stm32_fw.elf.dir/src/Src/syscalls.c.obj
 .debug_macro   0x00013734       0x94 CMakeFiles/stm32_fw.elf.dir/src/Src/syscalls.c.obj
 .debug_macro   0x000137c8       0x57 CMakeFiles/stm32_fw.elf.dir/src/Src/syscalls.c.obj
 .debug_macro   0x0001381f      0x174 CMakeFiles/stm32_fw.elf.dir/src/Src/syscalls.c.obj
 .debug_macro   0x00013993       0x10 CMakeFiles/stm32_fw.elf.dir/src/Src/syscalls.c.obj
 .debug_macro   0x000139a3       0x35 CMakeFiles/stm32_fw.elf.dir/src/Src/syscalls.c.obj
 .debug_macro   0x000139d8       0x10 CMakeFiles/stm32_fw.elf.dir/src/Src/syscalls.c.obj
 .debug_macro   0x000139e8       0x10 CMakeFiles/stm32_fw.elf.dir/src/Src/syscalls.c.obj
 .debug_macro   0x000139f8       0x35 CMakeFiles/stm32_fw.elf.dir/src/Src/syscalls.c.obj
 .debug_macro   0x00013a2d      0x12c CMakeFiles/stm32_fw.elf.dir/src/Src/syscalls.c.obj
 .debug_macro   0x00013b59       0x16 CMakeFiles/stm32_fw.elf.dir/src/Src/syscalls.c.obj
 .debug_macro   0x00013b6f       0x16 CMakeFiles/stm32_fw.elf.dir/src/Src/syscalls.c.obj
 .debug_macro   0x00013b85       0x29 CMakeFiles/stm32_fw.elf.dir/src/Src/syscalls.c.obj
 .debug_macro   0x00013bae       0x10 CMakeFiles/stm32_fw.elf.dir/src/Src/syscalls.c.obj
 .debug_macro   0x00013bbe      0x241 CMakeFiles/stm32_fw.elf.dir/src/Src/syscalls.c.obj
 .debug_macro   0x00013dff       0x1c CMakeFiles/stm32_fw.elf.dir/src/Src/syscalls.c.obj
 .debug_macro   0x00013e1b       0x10 CMakeFiles/stm32_fw.elf.dir/src/Src/syscalls.c.obj
 .debug_macro   0x00013e2b      0x189 CMakeFiles/stm32_fw.elf.dir/src/Src/syscalls.c.obj
 .debug_macro   0x00013fb4       0x16 CMakeFiles/stm32_fw.elf.dir/src/Src/syscalls.c.obj
 .debug_macro   0x00013fca       0xce CMakeFiles/stm32_fw.elf.dir/src/Src/syscalls.c.obj
 .debug_macro   0x00014098      0x1b1 CMakeFiles/stm32_fw.elf.dir/src/Src/sysmem.c.obj
 .debug_macro   0x00014249      0x23b CMakeFiles/stm32_fw.elf.dir/src/Src/sysmem.c.obj
 .debug_macro   0x00014484      0x2df CMakeFiles/stm32_fw.elf.dir/src/Src/system_stm32f1xx.c.obj
 .debug_macro   0x00014763      0x2f2 CMakeFiles/stm32_fw.elf.dir/src/Src/usart.c.obj
 .debug_macro   0x00014a55      0x2fd CMakeFiles/stm32_fw.elf.dir/src/Drivers/STM32F1xx_HAL_Driver/Src/stm32f1xx_hal.c.obj
 .debug_macro   0x00014d52      0x2d9 CMakeFiles/stm32_fw.elf.dir/src/Drivers/STM32F1xx_HAL_Driver/Src/stm32f1xx_hal_cortex.c.obj
 .debug_macro   0x0001502b      0x349 CMakeFiles/stm32_fw.elf.dir/src/Drivers/STM32F1xx_HAL_Driver/Src/stm32f1xx_hal_gpio.c.obj
 .debug_macro   0x00015374      0x2eb CMakeFiles/stm32_fw.elf.dir/src/Drivers/STM32F1xx_HAL_Driver/Src/stm32f1xx_hal_rcc.c.obj
 .debug_macro   0x0001565f      0x2da CMakeFiles/stm32_fw.elf.dir/src/Drivers/STM32F1xx_HAL_Driver/Src/stm32f1xx_hal_uart.c.obj

.debug_line     0x00000000     0x74cf
 .debug_line    0x00000000      0x679 CMakeFiles/stm32_fw.elf.dir/src/Src/gpio.c.obj
 .debug_line    0x00000679      0x707 CMakeFiles/stm32_fw.elf.dir/src/Src/main.c.obj
 .debug_line    0x00000d80      0x66e CMakeFiles/stm32_fw.elf.dir/src/Src/stm32f1xx_hal_msp.c.obj
 .debug_line    0x000013ee      0x729 CMakeFiles/stm32_fw.elf.dir/src/Src/stm32f1xx_it.c.obj
 .debug_line    0x00001b17      0x620 CMakeFiles/stm32_fw.elf.dir/src/Src/syscalls.c.obj
 .debug_line    0x00002137      0x3a4 CMakeFiles/stm32_fw.elf.dir/src/Src/sysmem.c.obj
 .debug_line    0x000024db      0x708 CMakeFiles/stm32_fw.elf.dir/src/Src/system_stm32f1xx.c.obj
 .debug_line    0x00002be3      0x6da CMakeFiles/stm32_fw.elf.dir/src/Src/usart.c.obj
 .debug_line    0x000032bd      0x8ff CMakeFiles/stm32_fw.elf.dir/src/Drivers/STM32F1xx_HAL_Driver/Src/stm32f1xx_hal.c.obj
 .debug_line    0x00003bbc      0xaea CMakeFiles/stm32_fw.elf.dir/src/Drivers/STM32F1xx_HAL_Driver/Src/stm32f1xx_hal_cortex.c.obj
 .debug_line    0x000046a6      0x9c9 CMakeFiles/stm32_fw.elf.dir/src/Drivers/STM32F1xx_HAL_Driver/Src/stm32f1xx_hal_gpio.c.obj
 .debug_line    0x0000506f      0xd1e CMakeFiles/stm32_fw.elf.dir/src/Drivers/STM32F1xx_HAL_Driver/Src/stm32f1xx_hal_rcc.c.obj
 .debug_line    0x00005d8d     0x16a3 CMakeFiles/stm32_fw.elf.dir/src/Drivers/STM32F1xx_HAL_Driver/Src/stm32f1xx_hal_uart.c.obj
 .debug_line    0x00007430       0x9f CMakeFiles/stm32_fw.elf.dir/src/startup/startup_stm32f103xb.s.obj

.debug_str      0x00000000    0x6c731
 .debug_str     0x00000000    0x69361 CMakeFiles/stm32_fw.elf.dir/src/Src/gpio.c.obj
                              0x696b8 (size before relaxing)
 .debug_str     0x00069361      0x4ed CMakeFiles/stm32_fw.elf.dir/src/Src/main.c.obj
                              0x69b0a (size before relaxing)
 .debug_str     0x0006984e       0x77 CMakeFiles/stm32_fw.elf.dir/src/Src/stm32f1xx_hal_msp.c.obj
                              0x69670 (size before relaxing)
 .debug_str     0x000698c5       0xda CMakeFiles/stm32_fw.elf.dir/src/Src/stm32f1xx_it.c.obj
                              0x6968d (size before relaxing)
 .debug_str     0x0006999f     0x1776 CMakeFiles/stm32_fw.elf.dir/src/Src/syscalls.c.obj
                               0x8e8a (size before relaxing)
 .debug_str     0x0006b115       0x53 CMakeFiles/stm32_fw.elf.dir/src/Src/sysmem.c.obj
                               0x7b60 (size before relaxing)
 .debug_str     0x0006b168       0xdf CMakeFiles/stm32_fw.elf.dir/src/Src/system_stm32f1xx.c.obj
                              0x696b0 (size before relaxing)
 .debug_str     0x0006b247       0x74 CMakeFiles/stm32_fw.elf.dir/src/Src/usart.c.obj
                              0x69a6e (size before relaxing)
 .debug_str     0x0006b2bb      0x62a CMakeFiles/stm32_fw.elf.dir/src/Drivers/STM32F1xx_HAL_Driver/Src/stm32f1xx_hal.c.obj
                              0x69caa (size before relaxing)
 .debug_str     0x0006b8e5      0x2ea CMakeFiles/stm32_fw.elf.dir/src/Drivers/STM32F1xx_HAL_Driver/Src/stm32f1xx_hal_cortex.c.obj
                              0x69cbe (size before relaxing)
 .debug_str     0x0006bbcf      0x34d CMakeFiles/stm32_fw.elf.dir/src/Drivers/STM32F1xx_HAL_Driver/Src/stm32f1xx_hal_gpio.c.obj
                              0x69a05 (size before relaxing)
 .debug_str     0x0006bf1c      0x27a CMakeFiles/stm32_fw.elf.dir/src/Drivers/STM32F1xx_HAL_Driver/Src/stm32f1xx_hal_rcc.c.obj
                              0x69a33 (size before relaxing)
 .debug_str     0x0006c196      0x54a CMakeFiles/stm32_fw.elf.dir/src/Drivers/STM32F1xx_HAL_Driver/Src/stm32f1xx_hal_uart.c.obj
                              0x69f0d (size before relaxing)
 .debug_str     0x0006c6e0       0x51 CMakeFiles/stm32_fw.elf.dir/src/startup/startup_stm32f103xb.s.obj
                                 0x78 (size before relaxing)

.comment        0x00000000       0x4c
 .comment       0x00000000       0x4c CMakeFiles/stm32_fw.elf.dir/src/Src/gpio.c.obj
                                 0x4d (size before relaxing)
 .comment       0x0000004c       0x4d CMakeFiles/stm32_fw.elf.dir/src/Src/main.c.obj
 .comment       0x0000004c       0x4d CMakeFiles/stm32_fw.elf.dir/src/Src/stm32f1xx_hal_msp.c.obj
 .comment       0x0000004c       0x4d CMakeFiles/stm32_fw.elf.dir/src/Src/stm32f1xx_it.c.obj
 .comment       0x0000004c       0x4d CMakeFiles/stm32_fw.elf.dir/src/Src/syscalls.c.obj
 .comment       0x0000004c       0x4d CMakeFiles/stm32_fw.elf.dir/src/Src/sysmem.c.obj
 .comment       0x0000004c       0x4d CMakeFiles/stm32_fw.elf.dir/src/Src/system_stm32f1xx.c.obj
 .comment       0x0000004c       0x4d CMakeFiles/stm32_fw.elf.dir/src/Src/usart.c.obj
 .comment       0x0000004c       0x4d CMakeFiles/stm32_fw.elf.dir/src/Drivers/STM32F1xx_HAL_Driver/Src/stm32f1xx_hal.c.obj
 .comment       0x0000004c       0x4d CMakeFiles/stm32_fw.elf.dir/src/Drivers/STM32F1xx_HAL_Driver/Src/stm32f1xx_hal_cortex.c.obj
 .comment       0x0000004c       0x4d CMakeFiles/stm32_fw.elf.dir/src/Drivers/STM32F1xx_HAL_Driver/Src/stm32f1xx_hal_gpio.c.obj
 .comment       0x0000004c       0x4d CMakeFiles/stm32_fw.elf.dir/src/Drivers/STM32F1xx_HAL_Driver/Src/stm32f1xx_hal_rcc.c.obj
 .comment       0x0000004c       0x4d CMakeFiles/stm32_fw.elf.dir/src/Drivers/STM32F1xx_HAL_Driver/Src/stm32f1xx_hal_uart.c.obj

Cross Reference Table

Symbol                                            File
ADC1_2_IRQHandler                                 CMakeFiles/stm32_fw.elf.dir/src/startup/startup_stm32f103xb.s.obj
AHBPrescTable                                     CMakeFiles/stm32_fw.elf.dir/src/Src/system_stm32f1xx.c.obj
                                                  CMakeFiles/stm32_fw.elf.dir/src/Drivers/STM32F1xx_HAL_Driver/Src/stm32f1xx_hal_rcc.c.obj
APBPrescTable                                     CMakeFiles/stm32_fw.elf.dir/src/Src/system_stm32f1xx.c.obj
                                                  CMakeFiles/stm32_fw.elf.dir/src/Drivers/STM32F1xx_HAL_Driver/Src/stm32f1xx_hal_rcc.c.obj
BusFault_Handler                                  CMakeFiles/stm32_fw.elf.dir/src/Src/stm32f1xx_it.c.obj
CAN1_RX1_IRQHandler                               CMakeFiles/stm32_fw.elf.dir/src/startup/startup_stm32f103xb.s.obj
CAN1_SCE_IRQHandler                               CMakeFiles/stm32_fw.elf.dir/src/startup/startup_stm32f103xb.s.obj
DMA1_Channel1_IRQHandler                          CMakeFiles/stm32_fw.elf.dir/src/startup/startup_stm32f103xb.s.obj
DMA1_Channel2_IRQHandler                          CMakeFiles/stm32_fw.elf.dir/src/startup/startup_stm32f103xb.s.obj
DMA1_Channel3_IRQHandler                          CMakeFiles/stm32_fw.elf.dir/src/startup/startup_stm32f103xb.s.obj
DMA1_Channel4_IRQHandler                          CMakeFiles/stm32_fw.elf.dir/src/startup/startup_stm32f103xb.s.obj
DMA1_Channel5_IRQHandler                          CMakeFiles/stm32_fw.elf.dir/src/startup/startup_stm32f103xb.s.obj
DMA1_Channel6_IRQHandler                          CMakeFiles/stm32_fw.elf.dir/src/startup/startup_stm32f103xb.s.obj
DMA1_Channel7_IRQHandler                          CMakeFiles/stm32_fw.elf.dir/src/startup/startup_stm32f103xb.s.obj
DebugMon_Handler                                  CMakeFiles/stm32_fw.elf.dir/src/Src/stm32f1xx_it.c.obj
Default_Handler                                   CMakeFiles/stm32_fw.elf.dir/src/startup/startup_stm32f103xb.s.obj
EXTI0_IRQHandler                                  CMakeFiles/stm32_fw.elf.dir/src/startup/startup_stm32f103xb.s.obj
EXTI15_10_IRQHandler                              CMakeFiles/stm32_fw.elf.dir/src/startup/startup_stm32f103xb.s.obj
EXTI1_IRQHandler                                  CMakeFiles/stm32_fw.elf.dir/src/startup/startup_stm32f103xb.s.obj
EXTI2_IRQHandler                                  CMakeFiles/stm32_fw.elf.dir/src/startup/startup_stm32f103xb.s.obj
EXTI3_IRQHandler                                  CMakeFiles/stm32_fw.elf.dir/src/startup/startup_stm32f103xb.s.obj
EXTI4_IRQHandler                                  CMakeFiles/stm32_fw.elf.dir/src/startup/startup_stm32f103xb.s.obj
EXTI9_5_IRQHandler                                CMakeFiles/stm32_fw.elf.dir/src/startup/startup_stm32f103xb.s.obj
Error_Handler                                     CMakeFiles/stm32_fw.elf.dir/src/Src/main.c.obj
                                                  CMakeFiles/stm32_fw.elf.dir/src/Src/usart.c.obj
FLASH_IRQHandler                                  CMakeFiles/stm32_fw.elf.dir/src/startup/startup_stm32f103xb.s.obj
FLASH_PageErase                                   CMakeFiles/stm32_fw.elf.dir/src/Drivers/STM32F1xx_HAL_Driver/Src/stm32f1xx_hal_flash_ex.c.obj
                                                  CMakeFiles/stm32_fw.elf.dir/src/Drivers/STM32F1xx_HAL_Driver/Src/stm32f1xx_hal_flash.c.obj
FLASH_WaitForLastOperation                        CMakeFiles/stm32_fw.elf.dir/src/Drivers/STM32F1xx_HAL_Driver/Src/stm32f1xx_hal_flash.c.obj
                                                  CMakeFiles/stm32_fw.elf.dir/src/Drivers/STM32F1xx_HAL_Driver/Src/stm32f1xx_hal_flash_ex.c.obj
HAL_DBGMCU_DisableDBGSleepMode                    CMakeFiles/stm32_fw.elf.dir/src/Drivers/STM32F1xx_HAL_Driver/Src/stm32f1xx_hal.c.obj
HAL_DBGMCU_DisableDBGStandbyMode                  CMakeFiles/stm32_fw.elf.dir/src/Drivers/STM32F1xx_HAL_Driver/Src/stm32f1xx_hal.c.obj
HAL_DBGMCU_DisableDBGStopMode                     CMakeFiles/stm32_fw.elf.dir/src/Drivers/STM32F1xx_HAL_Driver/Src/stm32f1xx_hal.c.obj
HAL_DBGMCU_EnableDBGSleepMode                     CMakeFiles/stm32_fw.elf.dir/src/Drivers/STM32F1xx_HAL_Driver/Src/stm32f1xx_hal.c.obj
HAL_DBGMCU_EnableDBGStandbyMode                   CMakeFiles/stm32_fw.elf.dir/src/Drivers/STM32F1xx_HAL_Driver/Src/stm32f1xx_hal.c.obj
HAL_DBGMCU_EnableDBGStopMode                      CMakeFiles/stm32_fw.elf.dir/src/Drivers/STM32F1xx_HAL_Driver/Src/stm32f1xx_hal.c.obj
HAL_DMA_Abort                                     CMakeFiles/stm32_fw.elf.dir/src/Drivers/STM32F1xx_HAL_Driver/Src/stm32f1xx_hal_dma.c.obj
                                                  CMakeFiles/stm32_fw.elf.dir/src/Drivers/STM32F1xx_HAL_Driver/Src/stm32f1xx_hal_uart.c.obj
HAL_DMA_Abort_IT                                  CMakeFiles/stm32_fw.elf.dir/src/Drivers/STM32F1xx_HAL_Driver/Src/stm32f1xx_hal_dma.c.obj
                                                  CMakeFiles/stm32_fw.elf.dir/src/Drivers/STM32F1xx_HAL_Driver/Src/stm32f1xx_hal_uart.c.obj
HAL_DMA_DeInit                                    CMakeFiles/stm32_fw.elf.dir/src/Drivers/STM32F1xx_HAL_Driver/Src/stm32f1xx_hal_dma.c.obj
HAL_DMA_GetError                                  CMakeFiles/stm32_fw.elf.dir/src/Drivers/STM32F1xx_HAL_Driver/Src/stm32f1xx_hal_dma.c.obj
HAL_DMA_GetState                                  CMakeFiles/stm32_fw.elf.dir/src/Drivers/STM32F1xx_HAL_Driver/Src/stm32f1xx_hal_dma.c.obj
HAL_DMA_IRQHandler                                CMakeFiles/stm32_fw.elf.dir/src/Drivers/STM32F1xx_HAL_Driver/Src/stm32f1xx_hal_dma.c.obj
HAL_DMA_Init                                      CMakeFiles/stm32_fw.elf.dir/src/Drivers/STM32F1xx_HAL_Driver/Src/stm32f1xx_hal_dma.c.obj
HAL_DMA_PollForTransfer                           CMakeFiles/stm32_fw.elf.dir/src/Drivers/STM32F1xx_HAL_Driver/Src/stm32f1xx_hal_dma.c.obj
HAL_DMA_RegisterCallback                          CMakeFiles/stm32_fw.elf.dir/src/Drivers/STM32F1xx_HAL_Driver/Src/stm32f1xx_hal_dma.c.obj
HAL_DMA_Start                                     CMakeFiles/stm32_fw.elf.dir/src/Drivers/STM32F1xx_HAL_Driver/Src/stm32f1xx_hal_dma.c.obj
HAL_DMA_Start_IT                                  CMakeFiles/stm32_fw.elf.dir/src/Drivers/STM32F1xx_HAL_Driver/Src/stm32f1xx_hal_dma.c.obj
                                                  CMakeFiles/stm32_fw.elf.dir/src/Drivers/STM32F1xx_HAL_Driver/Src/stm32f1xx_hal_uart.c.obj
HAL_DMA_UnRegisterCallback                        CMakeFiles/stm32_fw.elf.dir/src/Drivers/STM32F1xx_HAL_Driver/Src/stm32f1xx_hal_dma.c.obj
HAL_DeInit                                        CMakeFiles/stm32_fw.elf.dir/src/Drivers/STM32F1xx_HAL_Driver/Src/stm32f1xx_hal.c.obj
HAL_Delay                                         CMakeFiles/stm32_fw.elf.dir/src/Drivers/STM32F1xx_HAL_Driver/Src/stm32f1xx_hal.c.obj
                                                  CMakeFiles/stm32_fw.elf.dir/src/Src/main.c.obj
HAL_FLASHEx_Erase                                 CMakeFiles/stm32_fw.elf.dir/src/Drivers/STM32F1xx_HAL_Driver/Src/stm32f1xx_hal_flash_ex.c.obj
HAL_FLASHEx_Erase_IT                              CMakeFiles/stm32_fw.elf.dir/src/Drivers/STM32F1xx_HAL_Driver/Src/stm32f1xx_hal_flash_ex.c.obj
HAL_FLASHEx_OBErase                               CMakeFiles/stm32_fw.elf.dir/src/Drivers/STM32F1xx_HAL_Driver/Src/stm32f1xx_hal_flash_ex.c.obj
HAL_FLASHEx_OBGetConfig                           CMakeFiles/stm32_fw.elf.dir/src/Drivers/STM32F1xx_HAL_Driver/Src/stm32f1xx_hal_flash_ex.c.obj
HAL_FLASHEx_OBGetUserData                         CMakeFiles/stm32_fw.elf.dir/src/Drivers/STM32F1xx_HAL_Driver/Src/stm32f1xx_hal_flash_ex.c.obj
HAL_FLASHEx_OBProgram                             CMakeFiles/stm32_fw.elf.dir/src/Drivers/STM32F1xx_HAL_Driver/Src/stm32f1xx_hal_flash_ex.c.obj
HAL_FLASH_EndOfOperationCallback                  CMakeFiles/stm32_fw.elf.dir/src/Drivers/STM32F1xx_HAL_Driver/Src/stm32f1xx_hal_flash.c.obj
HAL_FLASH_GetError                                CMakeFiles/stm32_fw.elf.dir/src/Drivers/STM32F1xx_HAL_Driver/Src/stm32f1xx_hal_flash.c.obj
HAL_FLASH_IRQHandler                              CMakeFiles/stm32_fw.elf.dir/src/Drivers/STM32F1xx_HAL_Driver/Src/stm32f1xx_hal_flash.c.obj
HAL_FLASH_Lock                                    CMakeFiles/stm32_fw.elf.dir/src/Drivers/STM32F1xx_HAL_Driver/Src/stm32f1xx_hal_flash.c.obj
HAL_FLASH_OB_Launch                               CMakeFiles/stm32_fw.elf.dir/src/Drivers/STM32F1xx_HAL_Driver/Src/stm32f1xx_hal_flash.c.obj
HAL_FLASH_OB_Lock                                 CMakeFiles/stm32_fw.elf.dir/src/Drivers/STM32F1xx_HAL_Driver/Src/stm32f1xx_hal_flash.c.obj
HAL_FLASH_OB_Unlock                               CMakeFiles/stm32_fw.elf.dir/src/Drivers/STM32F1xx_HAL_Driver/Src/stm32f1xx_hal_flash.c.obj
HAL_FLASH_OperationErrorCallback                  CMakeFiles/stm32_fw.elf.dir/src/Drivers/STM32F1xx_HAL_Driver/Src/stm32f1xx_hal_flash.c.obj
HAL_FLASH_Program                                 CMakeFiles/stm32_fw.elf.dir/src/Drivers/STM32F1xx_HAL_Driver/Src/stm32f1xx_hal_flash.c.obj
HAL_FLASH_Program_IT                              CMakeFiles/stm32_fw.elf.dir/src/Drivers/STM32F1xx_HAL_Driver/Src/stm32f1xx_hal_flash.c.obj
HAL_FLASH_Unlock                                  CMakeFiles/stm32_fw.elf.dir/src/Drivers/STM32F1xx_HAL_Driver/Src/stm32f1xx_hal_flash.c.obj
HAL_GPIOEx_ConfigEventout                         CMakeFiles/stm32_fw.elf.dir/src/Drivers/STM32F1xx_HAL_Driver/Src/stm32f1xx_hal_gpio_ex.c.obj
HAL_GPIOEx_DisableEventout                        CMakeFiles/stm32_fw.elf.dir/src/Drivers/STM32F1xx_HAL_Driver/Src/stm32f1xx_hal_gpio_ex.c.obj
HAL_GPIOEx_EnableEventout                         CMakeFiles/stm32_fw.elf.dir/src/Drivers/STM32F1xx_HAL_Driver/Src/stm32f1xx_hal_gpio_ex.c.obj
HAL_GPIO_DeInit                                   CMakeFiles/stm32_fw.elf.dir/src/Drivers/STM32F1xx_HAL_Driver/Src/stm32f1xx_hal_gpio.c.obj
                                                  CMakeFiles/stm32_fw.elf.dir/src/Src/usart.c.obj
HAL_GPIO_EXTI_Callback                            CMakeFiles/stm32_fw.elf.dir/src/Drivers/STM32F1xx_HAL_Driver/Src/stm32f1xx_hal_gpio.c.obj
HAL_GPIO_EXTI_IRQHandler                          CMakeFiles/stm32_fw.elf.dir/src/Drivers/STM32F1xx_HAL_Driver/Src/stm32f1xx_hal_gpio.c.obj
HAL_GPIO_Init                                     CMakeFiles/stm32_fw.elf.dir/src/Drivers/STM32F1xx_HAL_Driver/Src/stm32f1xx_hal_gpio.c.obj
                                                  CMakeFiles/stm32_fw.elf.dir/src/Drivers/STM32F1xx_HAL_Driver/Src/stm32f1xx_hal_rcc.c.obj
                                                  CMakeFiles/stm32_fw.elf.dir/src/Src/usart.c.obj
                                                  CMakeFiles/stm32_fw.elf.dir/src/Src/gpio.c.obj
HAL_GPIO_LockPin                                  CMakeFiles/stm32_fw.elf.dir/src/Drivers/STM32F1xx_HAL_Driver/Src/stm32f1xx_hal_gpio.c.obj
HAL_GPIO_ReadPin                                  CMakeFiles/stm32_fw.elf.dir/src/Drivers/STM32F1xx_HAL_Driver/Src/stm32f1xx_hal_gpio.c.obj
HAL_GPIO_TogglePin                                CMakeFiles/stm32_fw.elf.dir/src/Drivers/STM32F1xx_HAL_Driver/Src/stm32f1xx_hal_gpio.c.obj
                                                  CMakeFiles/stm32_fw.elf.dir/src/Src/main.c.obj
HAL_GPIO_WritePin                                 CMakeFiles/stm32_fw.elf.dir/src/Drivers/STM32F1xx_HAL_Driver/Src/stm32f1xx_hal_gpio.c.obj
                                                  CMakeFiles/stm32_fw.elf.dir/src/Src/gpio.c.obj
HAL_GetDEVID                                      CMakeFiles/stm32_fw.elf.dir/src/Drivers/STM32F1xx_HAL_Driver/Src/stm32f1xx_hal.c.obj
HAL_GetHalVersion                                 CMakeFiles/stm32_fw.elf.dir/src/Drivers/STM32F1xx_HAL_Driver/Src/stm32f1xx_hal.c.obj
HAL_GetREVID                                      CMakeFiles/stm32_fw.elf.dir/src/Drivers/STM32F1xx_HAL_Driver/Src/stm32f1xx_hal.c.obj
HAL_GetTick                                       CMakeFiles/stm32_fw.elf.dir/src/Drivers/STM32F1xx_HAL_Driver/Src/stm32f1xx_hal.c.obj
                                                  CMakeFiles/stm32_fw.elf.dir/src/Drivers/STM32F1xx_HAL_Driver/Src/stm32f1xx_hal_uart.c.obj
                                                  CMakeFiles/stm32_fw.elf.dir/src/Drivers/STM32F1xx_HAL_Driver/Src/stm32f1xx_hal_rcc_ex.c.obj
                                                  CMakeFiles/stm32_fw.elf.dir/src/Drivers/STM32F1xx_HAL_Driver/Src/stm32f1xx_hal_rcc.c.obj
                                                  CMakeFiles/stm32_fw.elf.dir/src/Drivers/STM32F1xx_HAL_Driver/Src/stm32f1xx_hal_flash.c.obj
                                                  CMakeFiles/stm32_fw.elf.dir/src/Drivers/STM32F1xx_HAL_Driver/Src/stm32f1xx_hal_dma.c.obj
HAL_GetTickFreq                                   CMakeFiles/stm32_fw.elf.dir/src/Drivers/STM32F1xx_HAL_Driver/Src/stm32f1xx_hal.c.obj
HAL_GetTickPrio                                   CMakeFiles/stm32_fw.elf.dir/src/Drivers/STM32F1xx_HAL_Driver/Src/stm32f1xx_hal.c.obj
HAL_GetUID                                        CMakeFiles/stm32_fw.elf.dir/src/Drivers/STM32F1xx_HAL_Driver/Src/stm32f1xx_hal.c.obj
HAL_HalfDuplex_EnableReceiver                     CMakeFiles/stm32_fw.elf.dir/src/Drivers/STM32F1xx_HAL_Driver/Src/stm32f1xx_hal_uart.c.obj
HAL_HalfDuplex_EnableTransmitter                  CMakeFiles/stm32_fw.elf.dir/src/Drivers/STM32F1xx_HAL_Driver/Src/stm32f1xx_hal_uart.c.obj
HAL_HalfDuplex_Init                               CMakeFiles/stm32_fw.elf.dir/src/Drivers/STM32F1xx_HAL_Driver/Src/stm32f1xx_hal_uart.c.obj
HAL_IncTick                                       CMakeFiles/stm32_fw.elf.dir/src/Drivers/STM32F1xx_HAL_Driver/Src/stm32f1xx_hal.c.obj
                                                  CMakeFiles/stm32_fw.elf.dir/src/Src/stm32f1xx_it.c.obj
HAL_Init                                          CMakeFiles/stm32_fw.elf.dir/src/Drivers/STM32F1xx_HAL_Driver/Src/stm32f1xx_hal.c.obj
                                                  CMakeFiles/stm32_fw.elf.dir/src/Src/main.c.obj
HAL_InitTick                                      CMakeFiles/stm32_fw.elf.dir/src/Drivers/STM32F1xx_HAL_Driver/Src/stm32f1xx_hal.c.obj
                                                  CMakeFiles/stm32_fw.elf.dir/src/Drivers/STM32F1xx_HAL_Driver/Src/stm32f1xx_hal_rcc.c.obj
HAL_LIN_Init                                      CMakeFiles/stm32_fw.elf.dir/src/Drivers/STM32F1xx_HAL_Driver/Src/stm32f1xx_hal_uart.c.obj
HAL_LIN_SendBreak                                 CMakeFiles/stm32_fw.elf.dir/src/Drivers/STM32F1xx_HAL_Driver/Src/stm32f1xx_hal_uart.c.obj
HAL_MspDeInit                                     CMakeFiles/stm32_fw.elf.dir/src/Drivers/STM32F1xx_HAL_Driver/Src/stm32f1xx_hal.c.obj
HAL_MspInit                                       CMakeFiles/stm32_fw.elf.dir/src/Src/stm32f1xx_hal_msp.c.obj
HAL_MultiProcessor_EnterMuteMode                  CMakeFiles/stm32_fw.elf.dir/src/Drivers/STM32F1xx_HAL_Driver/Src/stm32f1xx_hal_uart.c.obj
HAL_MultiProcessor_ExitMuteMode                   CMakeFiles/stm32_fw.elf.dir/src/Drivers/STM32F1xx_HAL_Driver/Src/stm32f1xx_hal_uart.c.obj
HAL_MultiProcessor_Init                           CMakeFiles/stm32_fw.elf.dir/src/Drivers/STM32F1xx_HAL_Driver/Src/stm32f1xx_hal_uart.c.obj
HAL_NVIC_ClearPendingIRQ                          CMakeFiles/stm32_fw.elf.dir/src/Drivers/STM32F1xx_HAL_Driver/Src/stm32f1xx_hal_cortex.c.obj
HAL_NVIC_DisableIRQ                               CMakeFiles/stm32_fw.elf.dir/src/Drivers/STM32F1xx_HAL_Driver/Src/stm32f1xx_hal_cortex.c.obj
HAL_NVIC_EnableIRQ                                CMakeFiles/stm32_fw.elf.dir/src/Drivers/STM32F1xx_HAL_Driver/Src/stm32f1xx_hal_cortex.c.obj
HAL_NVIC_GetActive                                CMakeFiles/stm32_fw.elf.dir/src/Drivers/STM32F1xx_HAL_Driver/Src/stm32f1xx_hal_cortex.c.obj
HAL_NVIC_GetPendingIRQ                            CMakeFiles/stm32_fw.elf.dir/src/Drivers/STM32F1xx_HAL_Driver/Src/stm32f1xx_hal_cortex.c.obj
HAL_NVIC_GetPriority                              CMakeFiles/stm32_fw.elf.dir/src/Drivers/STM32F1xx_HAL_Driver/Src/stm32f1xx_hal_cortex.c.obj
HAL_NVIC_GetPriorityGrouping                      CMakeFiles/stm32_fw.elf.dir/src/Drivers/STM32F1xx_HAL_Driver/Src/stm32f1xx_hal_cortex.c.obj
HAL_NVIC_SetPendingIRQ                            CMakeFiles/stm32_fw.elf.dir/src/Drivers/STM32F1xx_HAL_Driver/Src/stm32f1xx_hal_cortex.c.obj
HAL_NVIC_SetPriority                              CMakeFiles/stm32_fw.elf.dir/src/Drivers/STM32F1xx_HAL_Driver/Src/stm32f1xx_hal_cortex.c.obj
                                                  CMakeFiles/stm32_fw.elf.dir/src/Drivers/STM32F1xx_HAL_Driver/Src/stm32f1xx_hal.c.obj
HAL_NVIC_SetPriorityGrouping                      CMakeFiles/stm32_fw.elf.dir/src/Drivers/STM32F1xx_HAL_Driver/Src/stm32f1xx_hal_cortex.c.obj
                                                  CMakeFiles/stm32_fw.elf.dir/src/Drivers/STM32F1xx_HAL_Driver/Src/stm32f1xx_hal.c.obj
HAL_NVIC_SystemReset                              CMakeFiles/stm32_fw.elf.dir/src/Drivers/STM32F1xx_HAL_Driver/Src/stm32f1xx_hal_cortex.c.obj
                                                  CMakeFiles/stm32_fw.elf.dir/src/Drivers/STM32F1xx_HAL_Driver/Src/stm32f1xx_hal_flash.c.obj
HAL_PWR_ConfigPVD                                 CMakeFiles/stm32_fw.elf.dir/src/Drivers/STM32F1xx_HAL_Driver/Src/stm32f1xx_hal_pwr.c.obj
HAL_PWR_DeInit                                    CMakeFiles/stm32_fw.elf.dir/src/Drivers/STM32F1xx_HAL_Driver/Src/stm32f1xx_hal_pwr.c.obj
HAL_PWR_DisableBkUpAccess                         CMakeFiles/stm32_fw.elf.dir/src/Drivers/STM32F1xx_HAL_Driver/Src/stm32f1xx_hal_pwr.c.obj
HAL_PWR_DisablePVD                                CMakeFiles/stm32_fw.elf.dir/src/Drivers/STM32F1xx_HAL_Driver/Src/stm32f1xx_hal_pwr.c.obj
HAL_PWR_DisableSEVOnPend                          CMakeFiles/stm32_fw.elf.dir/src/Drivers/STM32F1xx_HAL_Driver/Src/stm32f1xx_hal_pwr.c.obj
HAL_PWR_DisableSleepOnExit                        CMakeFiles/stm32_fw.elf.dir/src/Drivers/STM32F1xx_HAL_Driver/Src/stm32f1xx_hal_pwr.c.obj
HAL_PWR_DisableWakeUpPin                          CMakeFiles/stm32_fw.elf.dir/src/Drivers/STM32F1xx_HAL_Driver/Src/stm32f1xx_hal_pwr.c.obj
HAL_PWR_EnableBkUpAccess                          CMakeFiles/stm32_fw.elf.dir/src/Drivers/STM32F1xx_HAL_Driver/Src/stm32f1xx_hal_pwr.c.obj
HAL_PWR_EnablePVD                                 CMakeFiles/stm32_fw.elf.dir/src/Drivers/STM32F1xx_HAL_Driver/Src/stm32f1xx_hal_pwr.c.obj
HAL_PWR_EnableSEVOnPend                           CMakeFiles/stm32_fw.elf.dir/src/Drivers/STM32F1xx_HAL_Driver/Src/stm32f1xx_hal_pwr.c.obj
HAL_PWR_EnableSleepOnExit                         CMakeFiles/stm32_fw.elf.dir/src/Drivers/STM32F1xx_HAL_Driver/Src/stm32f1xx_hal_pwr.c.obj
HAL_PWR_EnableWakeUpPin                           CMakeFiles/stm32_fw.elf.dir/src/Drivers/STM32F1xx_HAL_Driver/Src/stm32f1xx_hal_pwr.c.obj
HAL_PWR_EnterSLEEPMode                            CMakeFiles/stm32_fw.elf.dir/src/Drivers/STM32F1xx_HAL_Driver/Src/stm32f1xx_hal_pwr.c.obj
HAL_PWR_EnterSTANDBYMode                          CMakeFiles/stm32_fw.elf.dir/src/Drivers/STM32F1xx_HAL_Driver/Src/stm32f1xx_hal_pwr.c.obj
HAL_PWR_EnterSTOPMode                             CMakeFiles/stm32_fw.elf.dir/src/Drivers/STM32F1xx_HAL_Driver/Src/stm32f1xx_hal_pwr.c.obj
HAL_PWR_PVDCallback                               CMakeFiles/stm32_fw.elf.dir/src/Drivers/STM32F1xx_HAL_Driver/Src/stm32f1xx_hal_pwr.c.obj
HAL_PWR_PVD_IRQHandler                            CMakeFiles/stm32_fw.elf.dir/src/Drivers/STM32F1xx_HAL_Driver/Src/stm32f1xx_hal_pwr.c.obj
HAL_RCCEx_GetPeriphCLKConfig                      CMakeFiles/stm32_fw.elf.dir/src/Drivers/STM32F1xx_HAL_Driver/Src/stm32f1xx_hal_rcc_ex.c.obj
HAL_RCCEx_GetPeriphCLKFreq                        CMakeFiles/stm32_fw.elf.dir/src/Drivers/STM32F1xx_HAL_Driver/Src/stm32f1xx_hal_rcc_ex.c.obj
HAL_RCCEx_PeriphCLKConfig                         CMakeFiles/stm32_fw.elf.dir/src/Drivers/STM32F1xx_HAL_Driver/Src/stm32f1xx_hal_rcc_ex.c.obj
HAL_RCC_CSSCallback                               CMakeFiles/stm32_fw.elf.dir/src/Drivers/STM32F1xx_HAL_Driver/Src/stm32f1xx_hal_rcc.c.obj
HAL_RCC_ClockConfig                               CMakeFiles/stm32_fw.elf.dir/src/Drivers/STM32F1xx_HAL_Driver/Src/stm32f1xx_hal_rcc.c.obj
                                                  CMakeFiles/stm32_fw.elf.dir/src/Src/main.c.obj
HAL_RCC_DeInit                                    CMakeFiles/stm32_fw.elf.dir/src/Drivers/STM32F1xx_HAL_Driver/Src/stm32f1xx_hal_rcc.c.obj
HAL_RCC_DisableCSS                                CMakeFiles/stm32_fw.elf.dir/src/Drivers/STM32F1xx_HAL_Driver/Src/stm32f1xx_hal_rcc.c.obj
HAL_RCC_EnableCSS                                 CMakeFiles/stm32_fw.elf.dir/src/Drivers/STM32F1xx_HAL_Driver/Src/stm32f1xx_hal_rcc.c.obj
HAL_RCC_GetClockConfig                            CMakeFiles/stm32_fw.elf.dir/src/Drivers/STM32F1xx_HAL_Driver/Src/stm32f1xx_hal_rcc.c.obj
HAL_RCC_GetHCLKFreq                               CMakeFiles/stm32_fw.elf.dir/src/Drivers/STM32F1xx_HAL_Driver/Src/stm32f1xx_hal_rcc.c.obj
HAL_RCC_GetOscConfig                              CMakeFiles/stm32_fw.elf.dir/src/Drivers/STM32F1xx_HAL_Driver/Src/stm32f1xx_hal_rcc.c.obj
HAL_RCC_GetPCLK1Freq                              CMakeFiles/stm32_fw.elf.dir/src/Drivers/STM32F1xx_HAL_Driver/Src/stm32f1xx_hal_rcc.c.obj
                                                  CMakeFiles/stm32_fw.elf.dir/src/Drivers/STM32F1xx_HAL_Driver/Src/stm32f1xx_hal_uart.c.obj
HAL_RCC_GetPCLK2Freq                              CMakeFiles/stm32_fw.elf.dir/src/Drivers/STM32F1xx_HAL_Driver/Src/stm32f1xx_hal_rcc.c.obj
                                                  CMakeFiles/stm32_fw.elf.dir/src/Drivers/STM32F1xx_HAL_Driver/Src/stm32f1xx_hal_uart.c.obj
                                                  CMakeFiles/stm32_fw.elf.dir/src/Drivers/STM32F1xx_HAL_Driver/Src/stm32f1xx_hal_rcc_ex.c.obj
HAL_RCC_GetSysClockFreq                           CMakeFiles/stm32_fw.elf.dir/src/Drivers/STM32F1xx_HAL_Driver/Src/stm32f1xx_hal_rcc.c.obj
HAL_RCC_MCOConfig                                 CMakeFiles/stm32_fw.elf.dir/src/Drivers/STM32F1xx_HAL_Driver/Src/stm32f1xx_hal_rcc.c.obj
HAL_RCC_NMI_IRQHandler                            CMakeFiles/stm32_fw.elf.dir/src/Drivers/STM32F1xx_HAL_Driver/Src/stm32f1xx_hal_rcc.c.obj
HAL_RCC_OscConfig                                 CMakeFiles/stm32_fw.elf.dir/src/Drivers/STM32F1xx_HAL_Driver/Src/stm32f1xx_hal_rcc.c.obj
                                                  CMakeFiles/stm32_fw.elf.dir/src/Src/main.c.obj
HAL_ResumeTick                                    CMakeFiles/stm32_fw.elf.dir/src/Drivers/STM32F1xx_HAL_Driver/Src/stm32f1xx_hal.c.obj
HAL_SYSTICK_CLKSourceConfig                       CMakeFiles/stm32_fw.elf.dir/src/Drivers/STM32F1xx_HAL_Driver/Src/stm32f1xx_hal_cortex.c.obj
HAL_SYSTICK_Callback                              CMakeFiles/stm32_fw.elf.dir/src/Drivers/STM32F1xx_HAL_Driver/Src/stm32f1xx_hal_cortex.c.obj