Archive member included to satisfy reference by file (symbol)

d:/tools/gcc-arm-none-eabi-9-2020-q2-update-win32/bin/../lib/gcc/arm-none-eabi/9.3.1/../../../../arm-none-eabi/lib/thumb/v7-m/nofp\libc_nano.a(lib_a-exit.o)
                              d:/tools/gcc-arm-none-eabi-9-2020-q2-update-win32/bin/../lib/gcc/arm-none-eabi/9.3.1/../../../../arm-none-eabi/lib/thumb/v7-m/nofp/crt0.o (exit)
d:/tools/gcc-arm-none-eabi-9-2020-q2-update-win32/bin/../lib/gcc/arm-none-eabi/9.3.1/../../../../arm-none-eabi/lib/thumb/v7-m/nofp\libc_nano.a(lib_a-impure.o)
                              d:/tools/gcc-arm-none-eabi-9-2020-q2-update-win32/bin/../lib/gcc/arm-none-eabi/9.3.1/../../../../arm-none-eabi/lib/thumb/v7-m/nofp\libc_nano.a(lib_a-exit.o) (_global_impure_ptr)
d:/tools/gcc-arm-none-eabi-9-2020-q2-update-win32/bin/../lib/gcc/arm-none-eabi/9.3.1/../../../../arm-none-eabi/lib/thumb/v7-m/nofp\libc_nano.a(lib_a-init.o)
                              d:/tools/gcc-arm-none-eabi-9-2020-q2-update-win32/bin/../lib/gcc/arm-none-eabi/9.3.1/../../../../arm-none-eabi/lib/thumb/v7-m/nofp/crt0.o (__libc_init_array)
d:/tools/gcc-arm-none-eabi-9-2020-q2-update-win32/bin/../lib/gcc/arm-none-eabi/9.3.1/../../../../arm-none-eabi/lib/thumb/v7-m/nofp\libc_nano.a(lib_a-memset.o)
                              d:/tools/gcc-arm-none-eabi-9-2020-q2-update-win32/bin/../lib/gcc/arm-none-eabi/9.3.1/../../../../arm-none-eabi/lib/thumb/v7-m/nofp/crt0.o (memset)
d:/tools/gcc-arm-none-eabi-9-2020-q2-update-win32/bin/../lib/gcc/arm-none-eabi/9.3.1/../../../../arm-none-eabi/lib/thumb/v7-m/nofp\libg_nano.a(lib_a-errno.o)
                              CMakeFiles/stm32_fw.elf.dir/src/Src/syscalls.c.obj (__errno)

Allocating common symbols
Common symbol       size              file

uwTick              0x4               CMakeFiles/stm32_fw.elf.dir/src/Drivers/STM32F1xx_HAL_Driver/Src/stm32f1xx_hal.c.obj
pFlash              0x20              CMakeFiles/stm32_fw.elf.dir/src/Drivers/STM32F1xx_HAL_Driver/Src/stm32f1xx_hal_flash.c.obj

Discarded input sections

 .text          0x00000000        0x0 d:/tools/gcc-arm-none-eabi-9-2020-q2-update-win32/bin/../lib/gcc/arm-none-eabi/9.3.1/thumb/v7-m/nofp/crti.o
 .data          0x00000000        0x0 d:/tools/gcc-arm-none-eabi-9-2020-q2-update-win32/bin/../lib/gcc/arm-none-eabi/9.3.1/thumb/v7-m/nofp/crti.o
 .bss           0x00000000        0x0 d:/tools/gcc-arm-none-eabi-9-2020-q2-update-win32/bin/../lib/gcc/arm-none-eabi/9.3.1/thumb/v7-m/nofp/crti.o
 .data          0x00000000        0x4 d:/tools/gcc-arm-none-eabi-9-2020-q2-update-win32/bin/../lib/gcc/arm-none-eabi/9.3.1/thumb/v7-m/nofp/crtbegin.o
 .text          0x00000000       0x7c d:/tools/gcc-arm-none-eabi-9-2020-q2-update-win32/bin/../lib/gcc/arm-none-eabi/9.3.1/../../../../arm-none-eabi/lib/thumb/v7-m/nofp/crt0.o
 .data          0x00000000        0x0 d:/tools/gcc-arm-none-eabi-9-2020-q2-update-win32/bin/../lib/gcc/arm-none-eabi/9.3.1/../../../../arm-none-eabi/lib/thumb/v7-m/nofp/crt0.o
 .bss           0x00000000        0x0 d:/tools/gcc-arm-none-eabi-9-2020-q2-update-win32/bin/../lib/gcc/arm-none-eabi/9.3.1/../../../../arm-none-eabi/lib/thumb/v7-m/nofp/crt0.o
 .ARM.extab     0x00000000        0x0 d:/tools/gcc-arm-none-eabi-9-2020-q2-update-win32/bin/../lib/gcc/arm-none-eabi/9.3.1/../../../../arm-none-eabi/lib/thumb/v7-m/nofp/crt0.o
 .ARM.exidx     0x00000000       0x10 d:/tools/gcc-arm-none-eabi-9-2020-q2-update-win32/bin/../lib/gcc/arm-none-eabi/9.3.1/../../../../arm-none-eabi/lib/thumb/v7-m/nofp/crt0.o
 .ARM.attributes
                0x00000000       0x1b d:/tools/gcc-arm-none-eabi-9-2020-q2-update-win32/bin/../lib/gcc/arm-none-eabi/9.3.1/../../../../arm-none-eabi/lib/thumb/v7-m/nofp/crt0.o
 .text          0x00000000        0x0 d:/tools/gcc-arm-none-eabi-9-2020-q2-update-win32/bin/../lib/gcc/arm-none-eabi/9.3.1/../../../../arm-none-eabi/lib/thumb/v7-m/nofp\libc_nano.a(lib_a-exit.o)
 .data          0x00000000        0x0 d:/tools/gcc-arm-none-eabi-9-2020-q2-update-win32/bin/../lib/gcc/arm-none-eabi/9.3.1/../../../../arm-none-eabi/lib/thumb/v7-m/nofp\libc_nano.a(lib_a-exit.o)
 .bss           0x00000000        0x0 d:/tools/gcc-arm-none-eabi-9-2020-q2-update-win32/bin/../lib/gcc/arm-none-eabi/9.3.1/../../../../arm-none-eabi/lib/thumb/v7-m/nofp\libc_nano.a(lib_a-exit.o)
 .text.exit     0x00000000       0x28 d:/tools/gcc-arm-none-eabi-9-2020-q2-update-win32/bin/../lib/gcc/arm-none-eabi/9.3.1/../../../../arm-none-eabi/lib/thumb/v7-m/nofp\libc_nano.a(lib_a-exit.o)
 .debug_frame   0x00000000       0x28 d:/tools/gcc-arm-none-eabi-9-2020-q2-update-win32/bin/../lib/gcc/arm-none-eabi/9.3.1/../../../../arm-none-eabi/lib/thumb/v7-m/nofp\libc_nano.a(lib_a-exit.o)
 .ARM.attributes
                0x00000000       0x2d d:/tools/gcc-arm-none-eabi-9-2020-q2-update-win32/bin/../lib/gcc/arm-none-eabi/9.3.1/../../../../arm-none-eabi/lib/thumb/v7-m/nofp\libc_nano.a(lib_a-exit.o)
[...]
Memory Configuration

Name             Origin             Length             Attributes
RAM              0x20000000         0x00005000         xrw
FLASH            0x08000000         0x00020000         xr
*default*        0x00000000         0xffffffff

Linker script and memory map

LOAD d:/tools/gcc-arm-none-eabi-9-2020-q2-update-win32/bin/../lib/gcc/arm-none-eabi/9.3.1/thumb/v7-m/nofp/crti.o
LOAD d:/tools/gcc-arm-none-eabi-9-2020-q2-update-win32/bin/../lib/gcc/arm-none-eabi/9.3.1/thumb/v7-m/nofp/crtbegin.o
LOAD d:/tools/gcc-arm-none-eabi-9-2020-q2-update-win32/bin/../lib/gcc/arm-none-eabi/9.3.1/../../../../arm-none-eabi/lib/thumb/v7-m/nofp/crt0.o
LOAD d:/tools/gcc-arm-none-eabi-9-2020-q2-update-win32/bin/../lib/gcc/arm-none-eabi/9.3.1/../../../../arm-none-eabi/lib/thumb/v7-m/nofp\libc_nano.a
LOAD d:/tools/gcc-arm-none-eabi-9-2020-q2-update-win32/bin/../lib/gcc/arm-none-eabi/9.3.1/../../../../arm-none-eabi/lib/thumb/v7-m/nofp\libm.a
LOAD CMakeFiles/stm32_fw.elf.dir/src/Src/gpio.c.obj
LOAD CMakeFiles/stm32_fw.elf.dir/src/Src/main.c.obj
LOAD CMakeFiles/stm32_fw.elf.dir/src/Src/stm32f1xx_hal_msp.c.obj
LOAD CMakeFiles/stm32_fw.elf.dir/src/Src/stm32f1xx_it.c.obj
LOAD CMakeFiles/stm32_fw.elf.dir/src/Src/syscalls.c.obj
LOAD CMakeFiles/stm32_fw.elf.dir/src/Src/system_stm32f1xx.c.obj
LOAD CMakeFiles/stm32_fw.elf.dir/src/Drivers/STM32F1xx_HAL_Driver/Src/stm32f1xx_hal.c.obj
LOAD CMakeFiles/stm32_fw.elf.dir/src/Drivers/STM32F1xx_HAL_Driver/Src/stm32f1xx_hal_cortex.c.obj
LOAD CMakeFiles/stm32_fw.elf.dir/src/Drivers/STM32F1xx_HAL_Driver/Src/stm32f1xx_hal_dma.c.obj
LOAD CMakeFiles/stm32_fw.elf.dir/src/Drivers/STM32F1xx_HAL_Driver/Src/stm32f1xx_hal_flash.c.obj
LOAD CMakeFiles/stm32_fw.elf.dir/src/Drivers/STM32F1xx_HAL_Driver/Src/stm32f1xx_hal_flash_ex.c.obj
LOAD CMakeFiles/stm32_fw.elf.dir/src/Drivers/STM32F1xx_HAL_Driver/Src/stm32f1xx_hal_gpio.c.obj
LOAD CMakeFiles/stm32_fw.elf.dir/src/Drivers/STM32F1xx_HAL_Driver/Src/stm32f1xx_hal_gpio_ex.c.obj
LOAD CMakeFiles/stm32_fw.elf.dir/src/Drivers/STM32F1xx_HAL_Driver/Src/stm32f1xx_hal_pwr.c.obj
LOAD CMakeFiles/stm32_fw.elf.dir/src/Drivers/STM32F1xx_HAL_Driver/Src/stm32f1xx_hal_rcc.c.obj
LOAD CMakeFiles/stm32_fw.elf.dir/src/Drivers/STM32F1xx_HAL_Driver/Src/stm32f1xx_hal_rcc_ex.c.obj
LOAD CMakeFiles/stm32_fw.elf.dir/src/Drivers/STM32F1xx_HAL_Driver/Src/stm32f1xx_hal_tim.c.obj
LOAD CMakeFiles/stm32_fw.elf.dir/src/Drivers/STM32F1xx_HAL_Driver/Src/stm32f1xx_hal_tim_ex.c.obj
LOAD CMakeFiles/stm32_fw.elf.dir/src/startup/startup_stm32f103xb.s.obj
START GROUP
LOAD d:/tools/gcc-arm-none-eabi-9-2020-q2-update-win32/bin/../lib/gcc/arm-none-eabi/9.3.1/thumb/v7-m/nofp\libgcc.a
LOAD d:/tools/gcc-arm-none-eabi-9-2020-q2-update-win32/bin/../lib/gcc/arm-none-eabi/9.3.1/../../../../arm-none-eabi/lib/thumb/v7-m/nofp\libg_nano.a
LOAD d:/tools/gcc-arm-none-eabi-9-2020-q2-update-win32/bin/../lib/gcc/arm-none-eabi/9.3.1/../../../../arm-none-eabi/lib/thumb/v7-m/nofp\libc_nano.a
END GROUP
START GROUP
LOAD d:/tools/gcc-arm-none-eabi-9-2020-q2-update-win32/bin/../lib/gcc/arm-none-eabi/9.3.1/thumb/v7-m/nofp\libgcc.a
LOAD d:/tools/gcc-arm-none-eabi-9-2020-q2-update-win32/bin/../lib/gcc/arm-none-eabi/9.3.1/../../../../arm-none-eabi/lib/thumb/v7-m/nofp\libc_nano.a
END GROUP
LOAD d:/tools/gcc-arm-none-eabi-9-2020-q2-update-win32/bin/../lib/gcc/arm-none-eabi/9.3.1/thumb/v7-m/nofp/crtend.o
LOAD d:/tools/gcc-arm-none-eabi-9-2020-q2-update-win32/bin/../lib/gcc/arm-none-eabi/9.3.1/thumb/v7-m/nofp/crtn.o
                0x20005000                _estack = 0x20005000
                0x00000200                _Min_Heap_Size = 0x200
                0x00000400                _Min_Stack_Size = 0x400

.isr_vector     0x08000000      0x10c
                0x08000000                . = ALIGN (0x4)
 *(.isr_vector)
 .isr_vector    0x08000000      0x10c CMakeFiles/stm32_fw.elf.dir/src/startup/startup_stm32f103xb.s.obj
                0x08000000                g_pfnVectors
                0x0800010c                . = ALIGN (0x4)

.text           0x0800010c     0x1148
                0x0800010c                . = ALIGN (0x4)
 *(.text)
 .text          0x0800010c       0x40 d:/tools/gcc-arm-none-eabi-9-2020-q2-update-win32/bin/../lib/gcc/arm-none-eabi/9.3.1/thumb/v7-m/nofp/crtbegin.o
 *(.text*)
 .text.__libc_init_array
                0x0800014c       0x48 d:/tools/gcc-arm-none-eabi-9-2020-q2-update-win32/bin/../lib/gcc/arm-none-eabi/9.3.1/../../../../arm-none-eabi/lib/thumb/v7-m/nofp\libc_nano.a(lib_a-init.o)
                0x0800014c                __libc_init_array
 .text.memset   0x08000194       0x10 d:/tools/gcc-arm-none-eabi-9-2020-q2-update-win32/bin/../lib/gcc/arm-none-eabi/9.3.1/../../../../arm-none-eabi/lib/thumb/v7-m/nofp\libc_nano.a(lib_a-memset.o)
                0x08000194                memset
 .text.MX_GPIO_Init
                0x080001a4       0x68 CMakeFiles/stm32_fw.elf.dir/src/Src/gpio.c.obj
                0x080001a4                MX_GPIO_Init
 .text.main     0x0800020c       0x28 CMakeFiles/stm32_fw.elf.dir/src/Src/main.c.obj
                0x0800020c                main
 .text.SystemClock_Config
                0x08000234       0x76 CMakeFiles/stm32_fw.elf.dir/src/Src/main.c.obj
                0x08000234                SystemClock_Config
 .text.Error_Handler
                0x080002aa        0xc CMakeFiles/stm32_fw.elf.dir/src/Src/main.c.obj
                0x080002aa                Error_Handler
 *fill*         0x080002b6        0x2 
 .text.HAL_MspInit
                0x080002b8       0x64 CMakeFiles/stm32_fw.elf.dir/src/Src/stm32f1xx_hal_msp.c.obj
                0x080002b8                HAL_MspInit
 .text.NMI_Handler
                0x0800031c        0xc CMakeFiles/stm32_fw.elf.dir/src/Src/stm32f1xx_it.c.obj
                0x0800031c                NMI_Handler
 .text.HardFault_Handler
                0x08000328        0x6 CMakeFiles/stm32_fw.elf.dir/src/Src/stm32f1xx_it.c.obj
                0x08000328                HardFault_Handler
 .text.MemManage_Handler
                0x0800032e        0x6 CMakeFiles/stm32_fw.elf.dir/src/Src/stm32f1xx_it.c.obj
                0x0800032e                MemManage_Handler
 .text.BusFault_Handler
                0x08000334        0x6 CMakeFiles/stm32_fw.elf.dir/src/Src/stm32f1xx_it.c.obj
                0x08000334                BusFault_Handler
 .text.UsageFault_Handler
                0x0800033a        0x6 CMakeFiles/stm32_fw.elf.dir/src/Src/stm32f1xx_it.c.obj
                0x0800033a                UsageFault_Handler
 .text.SVC_Handler
                0x08000340        0xc CMakeFiles/stm32_fw.elf.dir/src/Src/stm32f1xx_it.c.obj
                0x08000340                SVC_Handler
 .text.DebugMon_Handler
                0x0800034c        0xc CMakeFiles/stm32_fw.elf.dir/src/Src/stm32f1xx_it.c.obj
                0x0800034c                DebugMon_Handler
 .text.PendSV_Handler
                0x08000358        0xc CMakeFiles/stm32_fw.elf.dir/src/Src/stm32f1xx_it.c.obj
                0x08000358                PendSV_Handler
 .text.SysTick_Handler
                0x08000364        0xc CMakeFiles/stm32_fw.elf.dir/src/Src/stm32f1xx_it.c.obj
                0x08000364                SysTick_Handler
 .text.SystemInit
                0x08000370       0x68 CMakeFiles/stm32_fw.elf.dir/src/Src/system_stm32f1xx.c.obj
                0x08000370                SystemInit
 .text.HAL_Init
                0x080003d8       0x2c CMakeFiles/stm32_fw.elf.dir/src/Drivers/STM32F1xx_HAL_Driver/Src/stm32f1xx_hal.c.obj
                0x080003d8                HAL_Init
 .text.HAL_InitTick
                0x08000404       0x60 CMakeFiles/stm32_fw.elf.dir/src/Drivers/STM32F1xx_HAL_Driver/Src/stm32f1xx_hal.c.obj
                0x08000404                HAL_InitTick
 .text.HAL_IncTick
                0x08000464       0x24 CMakeFiles/stm32_fw.elf.dir/src/Drivers/STM32F1xx_HAL_Driver/Src/stm32f1xx_hal.c.obj
                0x08000464                HAL_IncTick
 .text.HAL_GetTick
                0x08000488       0x14 CMakeFiles/stm32_fw.elf.dir/src/Drivers/STM32F1xx_HAL_Driver/Src/stm32f1xx_hal.c.obj
                0x08000488                HAL_GetTick
 .text.HAL_Delay
                0x0800049c       0x48 CMakeFiles/stm32_fw.elf.dir/src/Drivers/STM32F1xx_HAL_Driver/Src/stm32f1xx_hal.c.obj
                0x0800049c                HAL_Delay
 .text.NVIC_SetPriorityGrouping
                0x080004e4       0x48 CMakeFiles/stm32_fw.elf.dir/src/Drivers/STM32F1xx_HAL_Driver/Src/stm32f1xx_hal_cortex.c.obj
 .text.NVIC_GetPriorityGrouping
                0x0800052c       0x1c CMakeFiles/stm32_fw.elf.dir/src/Drivers/STM32F1xx_HAL_Driver/Src/stm32f1xx_hal_cortex.c.obj
 .text.NVIC_SetPriority
                0x08000548       0x54 CMakeFiles/stm32_fw.elf.dir/src/Drivers/STM32F1xx_HAL_Driver/Src/stm32f1xx_hal_cortex.c.obj
 .text.NVIC_EncodePriority
                0x0800059c       0x64 CMakeFiles/stm32_fw.elf.dir/src/Drivers/STM32F1xx_HAL_Driver/Src/stm32f1xx_hal_cortex.c.obj
 .text.SysTick_Config
                0x08000600       0x44 CMakeFiles/stm32_fw.elf.dir/src/Drivers/STM32F1xx_HAL_Driver/Src/stm32f1xx_hal_cortex.c.obj
 .text.HAL_NVIC_SetPriorityGrouping
                0x08000644       0x16 CMakeFiles/stm32_fw.elf.dir/src/Drivers/STM32F1xx_HAL_Driver/Src/stm32f1xx_hal_cortex.c.obj
                0x08000644                HAL_NVIC_SetPriorityGrouping
 .text.HAL_NVIC_SetPriority
                0x0800065a       0x38 CMakeFiles/stm32_fw.elf.dir/src/Drivers/STM32F1xx_HAL_Driver/Src/stm32f1xx_hal_cortex.c.obj
                0x0800065a                HAL_NVIC_SetPriority
 .text.HAL_SYSTICK_Config
                0x08000692       0x18 CMakeFiles/stm32_fw.elf.dir/src/Drivers/STM32F1xx_HAL_Driver/Src/stm32f1xx_hal_cortex.c.obj
                0x08000692                HAL_SYSTICK_Config
 *fill*         0x080006aa        0x2 
 .text.HAL_GPIO_Init
                0x080006ac      0x310 CMakeFiles/stm32_fw.elf.dir/src/Drivers/STM32F1xx_HAL_Driver/Src/stm32f1xx_hal_gpio.c.obj
                0x080006ac                HAL_GPIO_Init
 .text.HAL_GPIO_WritePin
                0x080009bc       0x30 CMakeFiles/stm32_fw.elf.dir/src/Drivers/STM32F1xx_HAL_Driver/Src/stm32f1xx_hal_gpio.c.obj
                0x080009bc                HAL_GPIO_WritePin
 .text.HAL_GPIO_TogglePin
                0x080009ec       0x22 CMakeFiles/stm32_fw.elf.dir/src/Drivers/STM32F1xx_HAL_Driver/Src/stm32f1xx_hal_gpio.c.obj
                0x080009ec                HAL_GPIO_TogglePin
 *fill*         0x08000a0e        0x2 
 .text.HAL_RCC_OscConfig
                0x08000a10      0x4c8 CMakeFiles/stm32_fw.elf.dir/src/Drivers/STM32F1xx_HAL_Driver/Src/stm32f1xx_hal_rcc.c.obj
                0x08000a10                HAL_RCC_OscConfig
 .text.HAL_RCC_ClockConfig
                0x08000ed8      0x218 CMakeFiles/stm32_fw.elf.dir/src/Drivers/STM32F1xx_HAL_Driver/Src/stm32f1xx_hal_rcc.c.obj
                0x08000ed8                HAL_RCC_ClockConfig
 .text.HAL_RCC_GetSysClockFreq
                0x080010f0       0xc0 CMakeFiles/stm32_fw.elf.dir/src/Drivers/STM32F1xx_HAL_Driver/Src/stm32f1xx_hal_rcc.c.obj
                0x080010f0                HAL_RCC_GetSysClockFreq
 .text.RCC_Delay
                0x080011b0       0x40 CMakeFiles/stm32_fw.elf.dir/src/Drivers/STM32F1xx_HAL_Driver/Src/stm32f1xx_hal_rcc.c.obj
 .text.Reset_Handler
                0x080011f0       0x48 CMakeFiles/stm32_fw.elf.dir/src/startup/startup_stm32f103xb.s.obj
                0x080011f0                Reset_Handler
 .text.Default_Handler
                0x08001238        0x2 CMakeFiles/stm32_fw.elf.dir/src/startup/startup_stm32f103xb.s.obj
                0x08001238                RTC_Alarm_IRQHandler
                0x08001238                EXTI2_IRQHandler
                0x08001238                TIM1_CC_IRQHandler
                0x08001238                PVD_IRQHandler
                0x08001238                EXTI3_IRQHandler
                0x08001238                EXTI0_IRQHandler
                0x08001238                I2C2_EV_IRQHandler
                0x08001238                ADC1_2_IRQHandler
                0x08001238                SPI1_IRQHandler
                0x08001238                TAMPER_IRQHandler
                0x08001238                DMA1_Channel4_IRQHandler
                0x08001238                USART3_IRQHandler
                0x08001238                RTC_IRQHandler
                0x08001238                DMA1_Channel7_IRQHandler
                0x08001238                CAN1_RX1_IRQHandler
                0x08001238                TIM4_IRQHandler
                0x08001238                I2C1_EV_IRQHandler
                0x08001238                DMA1_Channel6_IRQHandler
                0x08001238                TIM3_IRQHandler
                0x08001238                RCC_IRQHandler
                0x08001238                TIM1_TRG_COM_IRQHandler
                0x08001238                DMA1_Channel1_IRQHandler
                0x08001238                Default_Handler
                0x08001238                EXTI15_10_IRQHandler
                0x08001238                EXTI9_5_IRQHandler
                0x08001238                SPI2_IRQHandler
                0x08001238                DMA1_Channel5_IRQHandler
                0x08001238                EXTI4_IRQHandler
                0x08001238                USB_LP_CAN1_RX0_IRQHandler
                0x08001238                USB_HP_CAN1_TX_IRQHandler
                0x08001238                DMA1_Channel3_IRQHandler
                0x08001238                TIM1_UP_IRQHandler
                0x08001238                WWDG_IRQHandler
                0x08001238                TIM2_IRQHandler
                0x08001238                TIM1_BRK_IRQHandler
                0x08001238                EXTI1_IRQHandler
                0x08001238                USART2_IRQHandler
                0x08001238                I2C2_ER_IRQHandler
                0x08001238                DMA1_Channel2_IRQHandler
                0x08001238                CAN1_SCE_IRQHandler
                0x08001238                FLASH_IRQHandler
                0x08001238                USART1_IRQHandler
                0x08001238                I2C1_ER_IRQHandler
                0x08001238                USBWakeUp_IRQHandler
 *(.glue_7)
 .glue_7        0x0800123a        0x0 linker stubs
 *(.glue_7t)
 .glue_7t       0x0800123a        0x0 linker stubs
 *(.eh_frame)
 *fill*         0x0800123a        0x2 
 .eh_frame      0x0800123c        0x0 d:/tools/gcc-arm-none-eabi-9-2020-q2-update-win32/bin/../lib/gcc/arm-none-eabi/9.3.1/thumb/v7-m/nofp/crtbegin.o
 *(.init)
 .init          0x0800123c        0x4 d:/tools/gcc-arm-none-eabi-9-2020-q2-update-win32/bin/../lib/gcc/arm-none-eabi/9.3.1/thumb/v7-m/nofp/crti.o
                0x0800123c                _init
 .init          0x08001240        0x8 d:/tools/gcc-arm-none-eabi-9-2020-q2-update-win32/bin/../lib/gcc/arm-none-eabi/9.3.1/thumb/v7-m/nofp/crtn.o
 *(.fini)
 .fini          0x08001248        0x4 d:/tools/gcc-arm-none-eabi-9-2020-q2-update-win32/bin/../lib/gcc/arm-none-eabi/9.3.1/thumb/v7-m/nofp/crti.o
                0x08001248                _fini
 .fini          0x0800124c        0x8 d:/tools/gcc-arm-none-eabi-9-2020-q2-update-win32/bin/../lib/gcc/arm-none-eabi/9.3.1/thumb/v7-m/nofp/crtn.o
                0x08001254                . = ALIGN (0x4)
                0x08001254                _etext = .

.vfp11_veneer   0x08001254        0x0
 .vfp11_veneer  0x08001254        0x0 linker stubs

.v4_bx          0x08001254        0x0
 .v4_bx         0x08001254        0x0 linker stubs

.iplt           0x08001254        0x0
 .iplt          0x08001254        0x0 d:/tools/gcc-arm-none-eabi-9-2020-q2-update-win32/bin/../lib/gcc/arm-none-eabi/9.3.1/thumb/v7-m/nofp/crtbegin.o

.rodata         0x08001254       0x20
                0x08001254                . = ALIGN (0x4)
 *(.rodata)
 .rodata        0x08001254       0x10 CMakeFiles/stm32_fw.elf.dir/src/Drivers/STM32F1xx_HAL_Driver/Src/stm32f1xx_hal_rcc.c.obj
 *(.rodata*)
 .rodata.AHBPrescTable
                0x08001264       0x10 CMakeFiles/stm32_fw.elf.dir/src/Src/system_stm32f1xx.c.obj
                0x08001264                AHBPrescTable
                0x08001274                . = ALIGN (0x4)

.rel.dyn        0x08001274        0x0
 .rel.iplt      0x08001274        0x0 d:/tools/gcc-arm-none-eabi-9-2020-q2-update-win32/bin/../lib/gcc/arm-none-eabi/9.3.1/thumb/v7-m/nofp/crtbegin.o

.ARM.extab
 *(.ARM.extab* .gnu.linkonce.armextab.*)

.ARM            0x08001274        0x0
                0x08001274                __exidx_start = .
 *(.ARM.exidx*)
                0x08001274                __exidx_end = .

.preinit_array  0x08001274        0x0
                0x08001274                PROVIDE (__preinit_array_start = .)
 *(.preinit_array*)
                0x08001274                PROVIDE (__preinit_array_end = .)

.init_array     0x08001274        0x4
                0x08001274                PROVIDE (__init_array_start = .)
 *(SORT_BY_NAME(.init_array.*))
 *(.init_array*)
 .init_array    0x08001274        0x4 d:/tools/gcc-arm-none-eabi-9-2020-q2-update-win32/bin/../lib/gcc/arm-none-eabi/9.3.1/thumb/v7-m/nofp/crtbegin.o
                0x08001278                PROVIDE (__init_array_end = .)

.fini_array     0x08001278        0x4
                [!provide]                PROVIDE (__fini_array_start = .)
 *(SORT_BY_NAME(.fini_array.*))
 *(.fini_array*)
 .fini_array    0x08001278        0x4 d:/tools/gcc-arm-none-eabi-9-2020-q2-update-win32/bin/../lib/gcc/arm-none-eabi/9.3.1/thumb/v7-m/nofp/crtbegin.o
                [!provide]                PROVIDE (__fini_array_end = .)
                0x0800127c                _sidata = LOADADDR (.data)

.data           0x20000000        0xc load address 0x0800127c
                0x20000000                . = ALIGN (0x4)
                0x20000000                _sdata = .
 *(.data)
 *(.data*)
 .data.SystemCoreClock
                0x20000000        0x4 CMakeFiles/stm32_fw.elf.dir/src/Src/system_stm32f1xx.c.obj
                0x20000000                SystemCoreClock
 .data.uwTickPrio
                0x20000004        0x4 CMakeFiles/stm32_fw.elf.dir/src/Drivers/STM32F1xx_HAL_Driver/Src/stm32f1xx_hal.c.obj
                0x20000004                uwTickPrio
 .data.uwTickFreq
                0x20000008        0x1 CMakeFiles/stm32_fw.elf.dir/src/Drivers/STM32F1xx_HAL_Driver/Src/stm32f1xx_hal.c.obj
                0x20000008                uwTickFreq
                0x2000000c                . = ALIGN (0x4)
 *fill*         0x20000009        0x3 
                0x2000000c                _edata = .

.igot.plt       0x2000000c        0x0 load address 0x08001288
 .igot.plt      0x2000000c        0x0 d:/tools/gcc-arm-none-eabi-9-2020-q2-update-win32/bin/../lib/gcc/arm-none-eabi/9.3.1/thumb/v7-m/nofp/crtbegin.o
                0x2000000c                . = ALIGN (0x4)

.bss            0x2000000c       0x20 load address 0x08001288
                0x2000000c                _sbss = .
                0x2000000c                __bss_start__ = _sbss
 *(.bss)
 .bss           0x2000000c       0x1c d:/tools/gcc-arm-none-eabi-9-2020-q2-update-win32/bin/../lib/gcc/arm-none-eabi/9.3.1/thumb/v7-m/nofp/crtbegin.o
 *(.bss*)
 *(COMMON)
 COMMON         0x20000028        0x4 CMakeFiles/stm32_fw.elf.dir/src/Drivers/STM32F1xx_HAL_Driver/Src/stm32f1xx_hal.c.obj
                0x20000028                uwTick
                0x2000002c                . = ALIGN (0x4)
                0x2000002c                _ebss = .
                0x2000002c                __bss_end__ = _ebss

._user_heap_stack
                0x2000002c      0x600 load address 0x08001288
                0x2000002c                . = ALIGN (0x4)
                0x2000002c                PROVIDE (end = .)
                [!provide]                PROVIDE (_end = .)
                0x2000022c                . = (. + _Min_Heap_Size)
 *fill*         0x2000002c      0x200 
                0x2000062c                . = (. + _Min_Stack_Size)
 *fill*         0x2000022c      0x400 
                0x2000062c                . = ALIGN (0x4)

/DISCARD/
 libc.a(*)
 libm.a(*)
 libgcc.a(*)

.ARM.attributes
                0x00000000       0x29
 *(.ARM.attributes)
 .ARM.attributes
                0x00000000       0x1d d:/tools/gcc-arm-none-eabi-9-2020-q2-update-win32/bin/../lib/gcc/arm-none-eabi/9.3.1/thumb/v7-m/nofp/crti.o
 .ARM.attributes
                0x0000001d       0x2d d:/tools/gcc-arm-none-eabi-9-2020-q2-update-win32/bin/../lib/gcc/arm-none-eabi/9.3.1/thumb/v7-m/nofp/crtbegin.o
 .ARM.attributes
                0x0000004a       0x2d d:/tools/gcc-arm-none-eabi-9-2020-q2-update-win32/bin/../lib/gcc/arm-none-eabi/9.3.1/../../../../arm-none-eabi/lib/thumb/v7-m/nofp\libc_nano.a(lib_a-init.o)
 .ARM.attributes
                0x00000077       0x2d d:/tools/gcc-arm-none-eabi-9-2020-q2-update-win32/bin/../lib/gcc/arm-none-eabi/9.3.1/../../../../arm-none-eabi/lib/thumb/v7-m/nofp\libc_nano.a(lib_a-memset.o)
 .ARM.attributes
                0x000000a4       0x2d CMakeFiles/stm32_fw.elf.dir/src/Src/gpio.c.obj
 .ARM.attributes
                0x000000d1       0x2d CMakeFiles/stm32_fw.elf.dir/src/Src/main.c.obj
 .ARM.attributes
                0x000000fe       0x2d CMakeFiles/stm32_fw.elf.dir/src/Src/stm32f1xx_hal_msp.c.obj
 .ARM.attributes
                0x0000012b       0x2d CMakeFiles/stm32_fw.elf.dir/src/Src/stm32f1xx_it.c.obj
 .ARM.attributes
                0x00000158       0x2d CMakeFiles/stm32_fw.elf.dir/src/Src/system_stm32f1xx.c.obj
 .ARM.attributes
                0x00000185       0x2d CMakeFiles/stm32_fw.elf.dir/src/Drivers/STM32F1xx_HAL_Driver/Src/stm32f1xx_hal.c.obj
 .ARM.attributes
                0x000001b2       0x2d CMakeFiles/stm32_fw.elf.dir/src/Drivers/STM32F1xx_HAL_Driver/Src/stm32f1xx_hal_cortex.c.obj
 .ARM.attributes
                0x000001df       0x2d CMakeFiles/stm32_fw.elf.dir/src/Drivers/STM32F1xx_HAL_Driver/Src/stm32f1xx_hal_gpio.c.obj
 .ARM.attributes
                0x0000020c       0x2d CMakeFiles/stm32_fw.elf.dir/src/Drivers/STM32F1xx_HAL_Driver/Src/stm32f1xx_hal_rcc.c.obj
 .ARM.attributes
                0x00000239       0x21 CMakeFiles/stm32_fw.elf.dir/src/startup/startup_stm32f103xb.s.obj
 .ARM.attributes
                0x0000025a       0x1d d:/tools/gcc-arm-none-eabi-9-2020-q2-update-win32/bin/../lib/gcc/arm-none-eabi/9.3.1/thumb/v7-m/nofp/crtn.o
OUTPUT(stm32_fw.elf elf32-littlearm)
LOAD linker stubs
LOAD d:/tools/gcc-arm-none-eabi-9-2020-q2-update-win32/bin/../lib/gcc/arm-none-eabi/9.3.1/../../../../arm-none-eabi/lib/thumb/v7-m/nofp\libc.a
LOAD d:/tools/gcc-arm-none-eabi-9-2020-q2-update-win32/bin/../lib/gcc/arm-none-eabi/9.3.1/../../../../arm-none-eabi/lib/thumb/v7-m/nofp\libm.a
LOAD d:/tools/gcc-arm-none-eabi-9-2020-q2-update-win32/bin/../lib/gcc/arm-none-eabi/9.3.1/thumb/v7-m/nofp\libgcc.a

.debug_frame    0x00000000      0xd18
 .debug_frame   0x00000000       0x2c d:/tools/gcc-arm-none-eabi-9-2020-q2-update-win32/bin/../lib/gcc/arm-none-eabi/9.3.1/../../../../arm-none-eabi/lib/thumb/v7-m/nofp\libc_nano.a(lib_a-init.o)
 .debug_frame   0x0000002c       0x20 d:/tools/gcc-arm-none-eabi-9-2020-q2-update-win32/bin/../lib/gcc/arm-none-eabi/9.3.1/../../../../arm-none-eabi/lib/thumb/v7-m/nofp\libc_nano.a(lib_a-memset.o)
 .debug_frame   0x0000004c       0x34 CMakeFiles/stm32_fw.elf.dir/src/Src/gpio.c.obj
 .debug_frame   0x00000080       0x70 CMakeFiles/stm32_fw.elf.dir/src/Src/main.c.obj
 .debug_frame   0x000000f0       0x38 CMakeFiles/stm32_fw.elf.dir/src/Src/stm32f1xx_hal_msp.c.obj
 .debug_frame   0x00000128      0x10c CMakeFiles/stm32_fw.elf.dir/src/Src/stm32f1xx_it.c.obj
 .debug_frame   0x00000234       0x58 CMakeFiles/stm32_fw.elf.dir/src/Src/system_stm32f1xx.c.obj
 .debug_frame   0x0000028c      0x2fc CMakeFiles/stm32_fw.elf.dir/src/Drivers/STM32F1xx_HAL_Driver/Src/stm32f1xx_hal.c.obj
 .debug_frame   0x00000588      0x428 CMakeFiles/stm32_fw.elf.dir/src/Drivers/STM32F1xx_HAL_Driver/Src/stm32f1xx_hal_cortex.c.obj
 .debug_frame   0x000009b0      0x14c CMakeFiles/stm32_fw.elf.dir/src/Drivers/STM32F1xx_HAL_Driver/Src/stm32f1xx_hal_gpio.c.obj
 .debug_frame   0x00000afc      0x21c CMakeFiles/stm32_fw.elf.dir/src/Drivers/STM32F1xx_HAL_Driver/Src/stm32f1xx_hal_rcc.c.obj

.debug_info     0x00000000     0x80c3
 .debug_info    0x00000000      0xbeb CMakeFiles/stm32_fw.elf.dir/src/Src/gpio.c.obj
 .debug_info    0x00000beb      0xc46 CMakeFiles/stm32_fw.elf.dir/src/Src/main.c.obj
 .debug_info    0x00001831      0xb92 CMakeFiles/stm32_fw.elf.dir/src/Src/stm32f1xx_hal_msp.c.obj
 .debug_info    0x000023c3      0xab3 CMakeFiles/stm32_fw.elf.dir/src/Src/stm32f1xx_it.c.obj
 .debug_info    0x00002e76      0xd13 CMakeFiles/stm32_fw.elf.dir/src/Src/system_stm32f1xx.c.obj
 .debug_info    0x00003b89      0xfdd CMakeFiles/stm32_fw.elf.dir/src/Drivers/STM32F1xx_HAL_Driver/Src/stm32f1xx_hal.c.obj
 .debug_info    0x00004b66     0x1461 CMakeFiles/stm32_fw.elf.dir/src/Drivers/STM32F1xx_HAL_Driver/Src/stm32f1xx_hal_cortex.c.obj
 .debug_info    0x00005fc7      0xfa2 CMakeFiles/stm32_fw.elf.dir/src/Drivers/STM32F1xx_HAL_Driver/Src/stm32f1xx_hal_gpio.c.obj
 .debug_info    0x00006f69     0x1138 CMakeFiles/stm32_fw.elf.dir/src/Drivers/STM32F1xx_HAL_Driver/Src/stm32f1xx_hal_rcc.c.obj
 .debug_info    0x000080a1       0x22 CMakeFiles/stm32_fw.elf.dir/src/startup/startup_stm32f103xb.s.obj

.debug_abbrev   0x00000000     0x186c
 .debug_abbrev  0x00000000      0x220 CMakeFiles/stm32_fw.elf.dir/src/Src/gpio.c.obj
 .debug_abbrev  0x00000220      0x24f CMakeFiles/stm32_fw.elf.dir/src/Src/main.c.obj
 .debug_abbrev  0x0000046f      0x22b CMakeFiles/stm32_fw.elf.dir/src/Src/stm32f1xx_hal_msp.c.obj
 .debug_abbrev  0x0000069a      0x20f CMakeFiles/stm32_fw.elf.dir/src/Src/stm32f1xx_it.c.obj
 .debug_abbrev  0x000008a9      0x25c CMakeFiles/stm32_fw.elf.dir/src/Src/system_stm32f1xx.c.obj
 .debug_abbrev  0x00000b05      0x33b CMakeFiles/stm32_fw.elf.dir/src/Drivers/STM32F1xx_HAL_Driver/Src/stm32f1xx_hal.c.obj
 .debug_abbrev  0x00000e40      0x3ea CMakeFiles/stm32_fw.elf.dir/src/Drivers/STM32F1xx_HAL_Driver/Src/stm32f1xx_hal_cortex.c.obj
 .debug_abbrev  0x0000122a      0x2c5 CMakeFiles/stm32_fw.elf.dir/src/Drivers/STM32F1xx_HAL_Driver/Src/stm32f1xx_hal_gpio.c.obj
 .debug_abbrev  0x000014ef      0x36b CMakeFiles/stm32_fw.elf.dir/src/Drivers/STM32F1xx_HAL_Driver/Src/stm32f1xx_hal_rcc.c.obj
 .debug_abbrev  0x0000185a       0x12 CMakeFiles/stm32_fw.elf.dir/src/startup/startup_stm32f103xb.s.obj

.debug_aranges  0x00000000      0x3d8
 .debug_aranges
                0x00000000       0x20 CMakeFiles/stm32_fw.elf.dir/src/Src/gpio.c.obj
 .debug_aranges
                0x00000020       0x30 CMakeFiles/stm32_fw.elf.dir/src/Src/main.c.obj
 .debug_aranges
                0x00000050       0x20 CMakeFiles/stm32_fw.elf.dir/src/Src/stm32f1xx_hal_msp.c.obj
 .debug_aranges
                0x00000070       0x60 CMakeFiles/stm32_fw.elf.dir/src/Src/stm32f1xx_it.c.obj
 .debug_aranges
                0x000000d0       0x28 CMakeFiles/stm32_fw.elf.dir/src/Src/system_stm32f1xx.c.obj
 .debug_aranges
                0x000000f8       0xd0 CMakeFiles/stm32_fw.elf.dir/src/Drivers/STM32F1xx_HAL_Driver/Src/stm32f1xx_hal.c.obj
 .debug_aranges
                0x000001c8      0x100 CMakeFiles/stm32_fw.elf.dir/src/Drivers/STM32F1xx_HAL_Driver/Src/stm32f1xx_hal_cortex.c.obj
 .debug_aranges
                0x000002c8       0x58 CMakeFiles/stm32_fw.elf.dir/src/Drivers/STM32F1xx_HAL_Driver/Src/stm32f1xx_hal_gpio.c.obj
 .debug_aranges
                0x00000320       0x90 CMakeFiles/stm32_fw.elf.dir/src/Drivers/STM32F1xx_HAL_Driver/Src/stm32f1xx_hal_rcc.c.obj
 .debug_aranges
                0x000003b0       0x28 CMakeFiles/stm32_fw.elf.dir/src/startup/startup_stm32f103xb.s.obj

.debug_ranges   0x00000000      0x340
 .debug_ranges  0x00000000       0x10 CMakeFiles/stm32_fw.elf.dir/src/Src/gpio.c.obj
 .debug_ranges  0x00000010       0x20 CMakeFiles/stm32_fw.elf.dir/src/Src/main.c.obj
 .debug_ranges  0x00000030       0x10 CMakeFiles/stm32_fw.elf.dir/src/Src/stm32f1xx_hal_msp.c.obj
 .debug_ranges  0x00000040       0x50 CMakeFiles/stm32_fw.elf.dir/src/Src/stm32f1xx_it.c.obj
 .debug_ranges  0x00000090       0x18 CMakeFiles/stm32_fw.elf.dir/src/Src/system_stm32f1xx.c.obj
 .debug_ranges  0x000000a8       0xc0 CMakeFiles/stm32_fw.elf.dir/src/Drivers/STM32F1xx_HAL_Driver/Src/stm32f1xx_hal.c.obj
 .debug_ranges  0x00000168       0xf0 CMakeFiles/stm32_fw.elf.dir/src/Drivers/STM32F1xx_HAL_Driver/Src/stm32f1xx_hal_cortex.c.obj
 .debug_ranges  0x00000258       0x48 CMakeFiles/stm32_fw.elf.dir/src/Drivers/STM32F1xx_HAL_Driver/Src/stm32f1xx_hal_gpio.c.obj
 .debug_ranges  0x000002a0       0x80 CMakeFiles/stm32_fw.elf.dir/src/Drivers/STM32F1xx_HAL_Driver/Src/stm32f1xx_hal_rcc.c.obj
 .debug_ranges  0x00000320       0x20 CMakeFiles/stm32_fw.elf.dir/src/startup/startup_stm32f103xb.s.obj

.debug_macro    0x00000000    0x14029
 .debug_macro   0x00000000      0x2d9 CMakeFiles/stm32_fw.elf.dir/src/Src/gpio.c.obj
 .debug_macro   0x000002d9      0xa96 CMakeFiles/stm32_fw.elf.dir/src/Src/gpio.c.obj
 .debug_macro   0x00000d6f      0x163 CMakeFiles/stm32_fw.elf.dir/src/Src/gpio.c.obj
 .debug_macro   0x00000ed2       0x2e CMakeFiles/stm32_fw.elf.dir/src/Src/gpio.c.obj
 .debug_macro   0x00000f00       0x22 CMakeFiles/stm32_fw.elf.dir/src/Src/gpio.c.obj
 .debug_macro   0x00000f22       0x22 CMakeFiles/stm32_fw.elf.dir/src/Src/gpio.c.obj
 .debug_macro   0x00000f44       0x8e CMakeFiles/stm32_fw.elf.dir/src/Src/gpio.c.obj
 .debug_macro   0x00000fd2       0x51 CMakeFiles/stm32_fw.elf.dir/src/Src/gpio.c.obj
 .debug_macro   0x00001023      0x103 CMakeFiles/stm32_fw.elf.dir/src/Src/gpio.c.obj
 .debug_macro   0x00001126       0x6a CMakeFiles/stm32_fw.elf.dir/src/Src/gpio.c.obj
 .debug_macro   0x00001190      0x1df CMakeFiles/stm32_fw.elf.dir/src/Src/gpio.c.obj
 .debug_macro   0x0000136f       0x34 CMakeFiles/stm32_fw.elf.dir/src/Src/gpio.c.obj
 .debug_macro   0x000013a3       0x34 CMakeFiles/stm32_fw.elf.dir/src/Src/gpio.c.obj
 .debug_macro   0x000013d7      0xb8e CMakeFiles/stm32_fw.elf.dir/src/Src/gpio.c.obj
 .debug_macro   0x00001f65     0xe911 CMakeFiles/stm32_fw.elf.dir/src/Src/gpio.c.obj
 .debug_macro   0x00010876       0x43 CMakeFiles/stm32_fw.elf.dir/src/Src/gpio.c.obj
 .debug_macro   0x000108b9       0x64 CMakeFiles/stm32_fw.elf.dir/src/Src/gpio.c.obj
 .debug_macro   0x0001091d       0x18 CMakeFiles/stm32_fw.elf.dir/src/Src/gpio.c.obj
 .debug_macro   0x00010935       0x35 CMakeFiles/stm32_fw.elf.dir/src/Src/gpio.c.obj
 .debug_macro   0x0001096a       0x34 CMakeFiles/stm32_fw.elf.dir/src/Src/gpio.c.obj
 .debug_macro   0x0001099e       0x16 CMakeFiles/stm32_fw.elf.dir/src/Src/gpio.c.obj
 .debug_macro   0x000109b4       0x97 CMakeFiles/stm32_fw.elf.dir/src/Src/gpio.c.obj
 .debug_macro   0x00010a4b      0x339 CMakeFiles/stm32_fw.elf.dir/src/Src/gpio.c.obj
 .debug_macro   0x00010d84       0xfd CMakeFiles/stm32_fw.elf.dir/src/Src/gpio.c.obj
 .debug_macro   0x00010e81       0x10 CMakeFiles/stm32_fw.elf.dir/src/Src/gpio.c.obj
 .debug_macro   0x00010e91       0x16 CMakeFiles/stm32_fw.elf.dir/src/Src/gpio.c.obj
 .debug_macro   0x00010ea7       0x43 CMakeFiles/stm32_fw.elf.dir/src/Src/gpio.c.obj
 .debug_macro   0x00010eea       0x34 CMakeFiles/stm32_fw.elf.dir/src/Src/gpio.c.obj
 .debug_macro   0x00010f1e       0x10 CMakeFiles/stm32_fw.elf.dir/src/Src/gpio.c.obj
 .debug_macro   0x00010f2e       0x58 CMakeFiles/stm32_fw.elf.dir/src/Src/gpio.c.obj
 .debug_macro   0x00010f86      0x182 CMakeFiles/stm32_fw.elf.dir/src/Src/gpio.c.obj
 .debug_macro   0x00011108       0x10 CMakeFiles/stm32_fw.elf.dir/src/Src/gpio.c.obj
 .debug_macro   0x00011118       0x1c CMakeFiles/stm32_fw.elf.dir/src/Src/gpio.c.obj
 .debug_macro   0x00011134       0x52 CMakeFiles/stm32_fw.elf.dir/src/Src/gpio.c.obj
 .debug_macro   0x00011186       0x22 CMakeFiles/stm32_fw.elf.dir/src/Src/gpio.c.obj
 .debug_macro   0x000111a8       0x10 CMakeFiles/stm32_fw.elf.dir/src/Src/gpio.c.obj
 .debug_macro   0x000111b8       0x40 CMakeFiles/stm32_fw.elf.dir/src/Src/gpio.c.obj
 .debug_macro   0x000111f8       0xd5 CMakeFiles/stm32_fw.elf.dir/src/Src/gpio.c.obj
 .debug_macro   0x000112cd       0x1c CMakeFiles/stm32_fw.elf.dir/src/Src/gpio.c.obj
 .debug_macro   0x000112e9       0x3d CMakeFiles/stm32_fw.elf.dir/src/Src/gpio.c.obj
 .debug_macro   0x00011326       0x16 CMakeFiles/stm32_fw.elf.dir/src/Src/gpio.c.obj
 .debug_macro   0x0001133c      0x16f CMakeFiles/stm32_fw.elf.dir/src/Src/gpio.c.obj
 .debug_macro   0x000114ab       0x57 CMakeFiles/stm32_fw.elf.dir/src/Src/gpio.c.obj
 .debug_macro   0x00011502      0x5c2 CMakeFiles/stm32_fw.elf.dir/src/Src/gpio.c.obj
 .debug_macro   0x00011ac4      0x28a CMakeFiles/stm32_fw.elf.dir/src/Src/gpio.c.obj
 .debug_macro   0x00011d4e      0x1cb CMakeFiles/stm32_fw.elf.dir/src/Src/gpio.c.obj
 .debug_macro   0x00011f19      0x11e CMakeFiles/stm32_fw.elf.dir/src/Src/gpio.c.obj
 .debug_macro   0x00012037      0x1b3 CMakeFiles/stm32_fw.elf.dir/src/Src/gpio.c.obj
 .debug_macro   0x000121ea       0x27 CMakeFiles/stm32_fw.elf.dir/src/Src/gpio.c.obj
 .debug_macro   0x00012211      0x1bc CMakeFiles/stm32_fw.elf.dir/src/Src/gpio.c.obj
 .debug_macro   0x000123cd       0x34 CMakeFiles/stm32_fw.elf.dir/src/Src/gpio.c.obj
 .debug_macro   0x00012401       0x3c CMakeFiles/stm32_fw.elf.dir/src/Src/gpio.c.obj
 .debug_macro   0x0001243d       0x57 CMakeFiles/stm32_fw.elf.dir/src/Src/gpio.c.obj
 .debug_macro   0x00012494       0x8c CMakeFiles/stm32_fw.elf.dir/src/Src/gpio.c.obj
 .debug_macro   0x00012520      0x242 CMakeFiles/stm32_fw.elf.dir/src/Src/gpio.c.obj
 .debug_macro   0x00012762      0x143 CMakeFiles/stm32_fw.elf.dir/src/Src/gpio.c.obj
 .debug_macro   0x000128a5       0x83 CMakeFiles/stm32_fw.elf.dir/src/Src/gpio.c.obj
 .debug_macro   0x00012928       0x10 CMakeFiles/stm32_fw.elf.dir/src/Src/gpio.c.obj
 .debug_macro   0x00012938      0x2dd CMakeFiles/stm32_fw.elf.dir/src/Src/main.c.obj
 .debug_macro   0x00012c15      0x2cf CMakeFiles/stm32_fw.elf.dir/src/Src/stm32f1xx_hal_msp.c.obj
 .debug_macro   0x00012ee4      0x2d9 CMakeFiles/stm32_fw.elf.dir/src/Src/stm32f1xx_it.c.obj
 .debug_macro   0x000131bd      0x2c6 CMakeFiles/stm32_fw.elf.dir/src/Src/system_stm32f1xx.c.obj
 .debug_macro   0x00013483      0x2e4 CMakeFiles/stm32_fw.elf.dir/src/Drivers/STM32F1xx_HAL_Driver/Src/stm32f1xx_hal.c.obj
 .debug_macro   0x00013767      0x2c0 CMakeFiles/stm32_fw.elf.dir/src/Drivers/STM32F1xx_HAL_Driver/Src/stm32f1xx_hal_cortex.c.obj
 .debug_macro   0x00013a27      0x330 CMakeFiles/stm32_fw.elf.dir/src/Drivers/STM32F1xx_HAL_Driver/Src/stm32f1xx_hal_gpio.c.obj
 .debug_macro   0x00013d57      0x2d2 CMakeFiles/stm32_fw.elf.dir/src/Drivers/STM32F1xx_HAL_Driver/Src/stm32f1xx_hal_rcc.c.obj

.debug_line     0x00000000     0x4951
 .debug_line    0x00000000      0x606 CMakeFiles/stm32_fw.elf.dir/src/Src/gpio.c.obj
 .debug_line    0x00000606      0x661 CMakeFiles/stm32_fw.elf.dir/src/Src/main.c.obj
 .debug_line    0x00000c67      0x5fb CMakeFiles/stm32_fw.elf.dir/src/Src/stm32f1xx_hal_msp.c.obj
 .debug_line    0x00001262      0x6b6 CMakeFiles/stm32_fw.elf.dir/src/Src/stm32f1xx_it.c.obj
 .debug_line    0x00001918      0x695 CMakeFiles/stm32_fw.elf.dir/src/Src/system_stm32f1xx.c.obj
 .debug_line    0x00001fad      0x88c CMakeFiles/stm32_fw.elf.dir/src/Drivers/STM32F1xx_HAL_Driver/Src/stm32f1xx_hal.c.obj
 .debug_line    0x00002839      0xa77 CMakeFiles/stm32_fw.elf.dir/src/Drivers/STM32F1xx_HAL_Driver/Src/stm32f1xx_hal_cortex.c.obj
 .debug_line    0x000032b0      0x956 CMakeFiles/stm32_fw.elf.dir/src/Drivers/STM32F1xx_HAL_Driver/Src/stm32f1xx_hal_gpio.c.obj
 .debug_line    0x00003c06      0xcab CMakeFiles/stm32_fw.elf.dir/src/Drivers/STM32F1xx_HAL_Driver/Src/stm32f1xx_hal_rcc.c.obj
 .debug_line    0x000048b1       0xa0 CMakeFiles/stm32_fw.elf.dir/src/startup/startup_stm32f103xb.s.obj

.debug_str      0x00000000    0x685d8
 .debug_str     0x00000000    0x672e2 CMakeFiles/stm32_fw.elf.dir/src/Src/gpio.c.obj
                              0x675e3 (size before relaxing)
 .debug_str     0x000672e2      0x18d CMakeFiles/stm32_fw.elf.dir/src/Src/main.c.obj
                              0x6769f (size before relaxing)
 .debug_str     0x0006746f       0x78 CMakeFiles/stm32_fw.elf.dir/src/Src/stm32f1xx_hal_msp.c.obj
                              0x6759b (size before relaxing)
 .debug_str     0x000674e7       0xdb CMakeFiles/stm32_fw.elf.dir/src/Src/stm32f1xx_it.c.obj
                              0x675b8 (size before relaxing)
 .debug_str     0x000675c2       0xe0 CMakeFiles/stm32_fw.elf.dir/src/Src/system_stm32f1xx.c.obj
                              0x675df (size before relaxing)
 .debug_str     0x000676a2      0x630 CMakeFiles/stm32_fw.elf.dir/src/Drivers/STM32F1xx_HAL_Driver/Src/stm32f1xx_hal.c.obj
                              0x67bd9 (size before relaxing)
 .debug_str     0x00067cd2      0x2eb CMakeFiles/stm32_fw.elf.dir/src/Drivers/STM32F1xx_HAL_Driver/Src/stm32f1xx_hal_cortex.c.obj
                              0x67bed (size before relaxing)
 .debug_str     0x00067fbd      0x34e CMakeFiles/stm32_fw.elf.dir/src/Drivers/STM32F1xx_HAL_Driver/Src/stm32f1xx_hal_gpio.c.obj
                              0x67934 (size before relaxing)
 .debug_str     0x0006830b      0x27b CMakeFiles/stm32_fw.elf.dir/src/Drivers/STM32F1xx_HAL_Driver/Src/stm32f1xx_hal_rcc.c.obj
                              0x67962 (size before relaxing)
 .debug_str     0x00068586       0x52 CMakeFiles/stm32_fw.elf.dir/src/startup/startup_stm32f103xb.s.obj
                                 0x7a (size before relaxing)

.comment        0x00000000       0x4c
 .comment       0x00000000       0x4c CMakeFiles/stm32_fw.elf.dir/src/Src/gpio.c.obj
                                 0x4d (size before relaxing)
 .comment       0x0000004c       0x4d CMakeFiles/stm32_fw.elf.dir/src/Src/main.c.obj
 .comment       0x0000004c       0x4d CMakeFiles/stm32_fw.elf.dir/src/Src/stm32f1xx_hal_msp.c.obj
 .comment       0x0000004c       0x4d CMakeFiles/stm32_fw.elf.dir/src/Src/stm32f1xx_it.c.obj
 .comment       0x0000004c       0x4d CMakeFiles/stm32_fw.elf.dir/src/Src/system_stm32f1xx.c.obj
 .comment       0x0000004c       0x4d CMakeFiles/stm32_fw.elf.dir/src/Drivers/STM32F1xx_HAL_Driver/Src/stm32f1xx_hal.c.obj
 .comment       0x0000004c       0x4d CMakeFiles/stm32_fw.elf.dir/src/Drivers/STM32F1xx_HAL_Driver/Src/stm32f1xx_hal_cortex.c.obj
 .comment       0x0000004c       0x4d CMakeFiles/stm32_fw.elf.dir/src/Drivers/STM32F1xx_HAL_Driver/Src/stm32f1xx_hal_gpio.c.obj
 .comment       0x0000004c       0x4d CMakeFiles/stm32_fw.elf.dir/src/Drivers/STM32F1xx_HAL_Driver/Src/stm32f1xx_hal_rcc.c.obj

Cross Reference Table

Symbol                                            File
ADC1_2_IRQHandler                                 CMakeFiles/stm32_fw.elf.dir/src/startup/startup_stm32f103xb.s.obj
AHBPrescTable                                     CMakeFiles/stm32_fw.elf.dir/src/Src/system_stm32f1xx.c.obj
                                                  CMakeFiles/stm32_fw.elf.dir/src/Drivers/STM32F1xx_HAL_Driver/Src/stm32f1xx_hal_rcc.c.obj
APBPrescTable                                     CMakeFiles/stm32_fw.elf.dir/src/Src/system_stm32f1xx.c.obj
                                                  CMakeFiles/stm32_fw.elf.dir/src/Drivers/STM32F1xx_HAL_Driver/Src/stm32f1xx_hal_rcc.c.obj
BusFault_Handler                                  CMakeFiles/stm32_fw.elf.dir/src/Src/stm32f1xx_it.c.obj
CAN1_RX1_IRQHandler                               CMakeFiles/stm32_fw.elf.dir/src/startup/startup_stm32f103xb.s.obj
CAN1_SCE_IRQHandler                               CMakeFiles/stm32_fw.elf.dir/src/startup/startup_stm32f103xb.s.obj
DMA1_Channel1_IRQHandler                          CMakeFiles/stm32_fw.elf.dir/src/startup/startup_stm32f103xb.s.obj
DMA1_Channel2_IRQHandler                          CMakeFiles/stm32_fw.elf.dir/src/startup/startup_stm32f103xb.s.obj
DMA1_Channel3_IRQHandler                          CMakeFiles/stm32_fw.elf.dir/src/startup/startup_stm32f103xb.s.obj
DMA1_Channel4_IRQHandler                          CMakeFiles/stm32_fw.elf.dir/src/startup/startup_stm32f103xb.s.obj
DMA1_Channel5_IRQHandler                          CMakeFiles/stm32_fw.elf.dir/src/startup/startup_stm32f103xb.s.obj
DMA1_Channel6_IRQHandler                          CMakeFiles/stm32_fw.elf.dir/src/startup/startup_stm32f103xb.s.obj
DMA1_Channel7_IRQHandler                          CMakeFiles/stm32_fw.elf.dir/src/startup/startup_stm32f103xb.s.obj
DebugMon_Handler                                  CMakeFiles/stm32_fw.elf.dir/src/Src/stm32f1xx_it.c.obj
Default_Handler                                   CMakeFiles/stm32_fw.elf.dir/src/startup/startup_stm32f103xb.s.obj
EXTI0_IRQHandler                                  CMakeFiles/stm32_fw.elf.dir/src/startup/startup_stm32f103xb.s.obj
EXTI15_10_IRQHandler                              CMakeFiles/stm32_fw.elf.dir/src/startup/startup_stm32f103xb.s.obj
EXTI1_IRQHandler                                  CMakeFiles/stm32_fw.elf.dir/src/startup/startup_stm32f103xb.s.obj
EXTI2_IRQHandler                                  CMakeFiles/stm32_fw.elf.dir/src/startup/startup_stm32f103xb.s.obj
EXTI3_IRQHandler                                  CMakeFiles/stm32_fw.elf.dir/src/startup/startup_stm32f103xb.s.obj
EXTI4_IRQHandler                                  CMakeFiles/stm32_fw.elf.dir/src/startup/startup_stm32f103xb.s.obj
EXTI9_5_IRQHandler                                CMakeFiles/stm32_fw.elf.dir/src/startup/startup_stm32f103xb.s.obj
Error_Handler                                     CMakeFiles/stm32_fw.elf.dir/src/Src/main.c.obj
FLASH_IRQHandler                                  CMakeFiles/stm32_fw.elf.dir/src/startup/startup_stm32f103xb.s.obj
FLASH_PageErase                                   CMakeFiles/stm32_fw.elf.dir/src/Drivers/STM32F1xx_HAL_Driver/Src/stm32f1xx_hal_flash_ex.c.obj
                                                  CMakeFiles/stm32_fw.elf.dir/src/Drivers/STM32F1xx_HAL_Driver/Src/stm32f1xx_hal_flash.c.obj
FLASH_WaitForLastOperation                        CMakeFiles/stm32_fw.elf.dir/src/Drivers/STM32F1xx_HAL_Driver/Src/stm32f1xx_hal_flash.c.obj
                                                  CMakeFiles/stm32_fw.elf.dir/src/Drivers/STM32F1xx_HAL_Driver/Src/stm32f1xx_hal_flash_ex.c.obj
HAL_DBGMCU_DisableDBGSleepMode                    CMakeFiles/stm32_fw.elf.dir/src/Drivers/STM32F1xx_HAL_Driver/Src/stm32f1xx_hal.c.obj
HAL_DBGMCU_DisableDBGStandbyMode                  CMakeFiles/stm32_fw.elf.dir/src/Drivers/STM32F1xx_HAL_Driver/Src/stm32f1xx_hal.c.obj
HAL_DBGMCU_DisableDBGStopMode                     CMakeFiles/stm32_fw.elf.dir/src/Drivers/STM32F1xx_HAL_Driver/Src/stm32f1xx_hal.c.obj
HAL_DBGMCU_EnableDBGSleepMode                     CMakeFiles/stm32_fw.elf.dir/src/Drivers/STM32F1xx_HAL_Driver/Src/stm32f1xx_hal.c.obj
HAL_DBGMCU_EnableDBGStandbyMode                   CMakeFiles/stm32_fw.elf.dir/src/Drivers/STM32F1xx_HAL_Driver/Src/stm32f1xx_hal.c.obj
HAL_DBGMCU_EnableDBGStopMode                      CMakeFiles/stm32_fw.elf.dir/src/Drivers/STM32F1xx_HAL_Driver/Src/stm32f1xx_hal.c.obj
HAL_DMA_Abort                                     CMakeFiles/stm32_fw.elf.dir/src/Drivers/STM32F1xx_HAL_Driver/Src/stm32f1xx_hal_dma.c.obj
HAL_DMA_Abort_IT                                  CMakeFiles/stm32_fw.elf.dir/src/Drivers/STM32F1xx_HAL_Driver/Src/stm32f1xx_hal_dma.c.obj
HAL_DMA_DeInit                                    CMakeFiles/stm32_fw.elf.dir/src/Drivers/STM32F1xx_HAL_Driver/Src/stm32f1xx_hal_dma.c.obj
HAL_DMA_GetError                                  CMakeFiles/stm32_fw.elf.dir/src/Drivers/STM32F1xx_HAL_Driver/Src/stm32f1xx_hal_dma.c.obj
HAL_DMA_GetState                                  CMakeFiles/stm32_fw.elf.dir/src/Drivers/STM32F1xx_HAL_Driver/Src/stm32f1xx_hal_dma.c.obj
HAL_DMA_IRQHandler                                CMakeFiles/stm32_fw.elf.dir/src/Drivers/STM32F1xx_HAL_Driver/Src/stm32f1xx_hal_dma.c.obj
HAL_DMA_Init                                      CMakeFiles/stm32_fw.elf.dir/src/Drivers/STM32F1xx_HAL_Driver/Src/stm32f1xx_hal_dma.c.obj
HAL_DMA_PollForTransfer                           CMakeFiles/stm32_fw.elf.dir/src/Drivers/STM32F1xx_HAL_Driver/Src/stm32f1xx_hal_dma.c.obj
HAL_DMA_RegisterCallback                          CMakeFiles/stm32_fw.elf.dir/src/Drivers/STM32F1xx_HAL_Driver/Src/stm32f1xx_hal_dma.c.obj
HAL_DMA_Start                                     CMakeFiles/stm32_fw.elf.dir/src/Drivers/STM32F1xx_HAL_Driver/Src/stm32f1xx_hal_dma.c.obj
HAL_DMA_Start_IT                                  CMakeFiles/stm32_fw.elf.dir/src/Drivers/STM32F1xx_HAL_Driver/Src/stm32f1xx_hal_dma.c.obj
HAL_DMA_UnRegisterCallback                        CMakeFiles/stm32_fw.elf.dir/src/Drivers/STM32F1xx_HAL_Driver/Src/stm32f1xx_hal_dma.c.obj
HAL_DeInit                                        CMakeFiles/stm32_fw.elf.dir/src/Drivers/STM32F1xx_HAL_Driver/Src/stm32f1xx_hal.c.obj
HAL_Delay                                         CMakeFiles/stm32_fw.elf.dir/src/Drivers/STM32F1xx_HAL_Driver/Src/stm32f1xx_hal.c.obj
                                                  CMakeFiles/stm32_fw.elf.dir/src/Src/main.c.obj
HAL_FLASHEx_Erase                                 CMakeFiles/stm32_fw.elf.dir/src/Drivers/STM32F1xx_HAL_Driver/Src/stm32f1xx_hal_flash_ex.c.obj
HAL_FLASHEx_Erase_IT                              CMakeFiles/stm32_fw.elf.dir/src/Drivers/STM32F1xx_HAL_Driver/Src/stm32f1xx_hal_flash_ex.c.obj
HAL_FLASHEx_OBErase                               CMakeFiles/stm32_fw.elf.dir/src/Drivers/STM32F1xx_HAL_Driver/Src/stm32f1xx_hal_flash_ex.c.obj
HAL_FLASHEx_OBGetConfig                           CMakeFiles/stm32_fw.elf.dir/src/Drivers/STM32F1xx_HAL_Driver/Src/stm32f1xx_hal_flash_ex.c.obj
HAL_FLASHEx_OBGetUserData                         CMakeFiles/stm32_fw.elf.dir/src/Drivers/STM32F1xx_HAL_Driver/Src/stm32f1xx_hal_flash_ex.c.obj
HAL_FLASHEx_OBProgram                             CMakeFiles/stm32_fw.elf.dir/src/Drivers/STM32F1xx_HAL_Driver/Src/stm32f1xx_hal_flash_ex.c.obj
HAL_FLASH_EndOfOperationCallback                  CMakeFiles/stm32_fw.elf.dir/src/Drivers/STM32F1xx_HAL_Driver/Src/stm32f1xx_hal_flash.c.obj
HAL_FLASH_GetError                                CMakeFiles/stm32_fw.elf.dir/src/Drivers/STM32F1xx_HAL_Driver/Src/stm32f1xx_hal_flash.c.obj
HAL_FLASH_IRQHandler                              CMakeFiles/stm32_fw.elf.dir/src/Drivers/STM32F1xx_HAL_Driver/Src/stm32f1xx_hal_flash.c.obj
HAL_FLASH_Lock                                    CMakeFiles/stm32_fw.elf.dir/src/Drivers/STM32F1xx_HAL_Driver/Src/stm32f1xx_hal_flash.c.obj
HAL_FLASH_OB_Launch                               CMakeFiles/stm32_fw.elf.dir/src/Drivers/STM32F1xx_HAL_Driver/Src/stm32f1xx_hal_flash.c.obj
HAL_FLASH_OB_Lock                                 CMakeFiles/stm32_fw.elf.dir/src/Drivers/STM32F1xx_HAL_Driver/Src/stm32f1xx_hal_flash.c.obj
HAL_FLASH_OB_Unlock                               CMakeFiles/stm32_fw.elf.dir/src/Drivers/STM32F1xx_HAL_Driver/Src/stm32f1xx_hal_flash.c.obj
HAL_FLASH_OperationErrorCallback                  CMakeFiles/stm32_fw.elf.dir/src/Drivers/STM32F1xx_HAL_Driver/Src/stm32f1xx_hal_flash.c.obj
HAL_FLASH_Program                                 CMakeFiles/stm32_fw.elf.dir/src/Drivers/STM32F1xx_HAL_Driver/Src/stm32f1xx_hal_flash.c.obj
HAL_FLASH_Program_IT                              CMakeFiles/stm32_fw.elf.dir/src/Drivers/STM32F1xx_HAL_Driver/Src/stm32f1xx_hal_flash.c.obj
HAL_FLASH_Unlock                                  CMakeFiles/stm32_fw.elf.dir/src/Drivers/STM32F1xx_HAL_Driver/Src/stm32f1xx_hal_flash.c.obj
HAL_GPIOEx_ConfigEventout                         CMakeFiles/stm32_fw.elf.dir/src/Drivers/STM32F1xx_HAL_Driver/Src/stm32f1xx_hal_gpio_ex.c.obj
HAL_GPIOEx_DisableEventout                        CMakeFiles/stm32_fw.elf.dir/src/Drivers/STM32F1xx_HAL_Driver/Src/stm32f1xx_hal_gpio_ex.c.obj
HAL_GPIOEx_EnableEventout                         CMakeFiles/stm32_fw.elf.dir/src/Drivers/STM32F1xx_HAL_Driver/Src/stm32f1xx_hal_gpio_ex.c.obj
HAL_GPIO_DeInit                                   CMakeFiles/stm32_fw.elf.dir/src/Drivers/STM32F1xx_HAL_Driver/Src/stm32f1xx_hal_gpio.c.obj
HAL_GPIO_EXTI_Callback                            CMakeFiles/stm32_fw.elf.dir/src/Drivers/STM32F1xx_HAL_Driver/Src/stm32f1xx_hal_gpio.c.obj
HAL_GPIO_EXTI_IRQHandler                          CMakeFiles/stm32_fw.elf.dir/src/Drivers/STM32F1xx_HAL_Driver/Src/stm32f1xx_hal_gpio.c.obj
HAL_GPIO_Init                                     CMakeFiles/stm32_fw.elf.dir/src/Drivers/STM32F1xx_HAL_Driver/Src/stm32f1xx_hal_gpio.c.obj
                                                  CMakeFiles/stm32_fw.elf.dir/src/Drivers/STM32F1xx_HAL_Driver/Src/stm32f1xx_hal_rcc.c.obj
                                                  CMakeFiles/stm32_fw.elf.dir/src/Src/gpio.c.obj
HAL_GPIO_LockPin                                  CMakeFiles/stm32_fw.elf.dir/src/Drivers/STM32F1xx_HAL_Driver/Src/stm32f1xx_hal_gpio.c.obj
HAL_GPIO_ReadPin                                  CMakeFiles/stm32_fw.elf.dir/src/Drivers/STM32F1xx_HAL_Driver/Src/stm32f1xx_hal_gpio.c.obj
HAL_GPIO_TogglePin                                CMakeFiles/stm32_fw.elf.dir/src/Drivers/STM32F1xx_HAL_Driver/Src/stm32f1xx_hal_gpio.c.obj
                                                  CMakeFiles/stm32_fw.elf.dir/src/Src/main.c.obj
HAL_GPIO_WritePin                                 CMakeFiles/stm32_fw.elf.dir/src/Drivers/STM32F1xx_HAL_Driver/Src/stm32f1xx_hal_gpio.c.obj
                                                  CMakeFiles/stm32_fw.elf.dir/src/Src/gpio.c.obj
HAL_GetDEVID                                      CMakeFiles/stm32_fw.elf.dir/src/Drivers/STM32F1xx_HAL_Driver/Src/stm32f1xx_hal.c.obj
HAL_GetHalVersion                                 CMakeFiles/stm32_fw.elf.dir/src/Drivers/STM32F1xx_HAL_Driver/Src/stm32f1xx_hal.c.obj
HAL_GetREVID                                      CMakeFiles/stm32_fw.elf.dir/src/Drivers/STM32F1xx_HAL_Driver/Src/stm32f1xx_hal.c.obj
HAL_GetTick                                       CMakeFiles/stm32_fw.elf.dir/src/Drivers/STM32F1xx_HAL_Driver/Src/stm32f1xx_hal.c.obj
                                                  CMakeFiles/stm32_fw.elf.dir/src/Drivers/STM32F1xx_HAL_Driver/Src/stm32f1xx_hal_rcc_ex.c.obj
                                                  CMakeFiles/stm32_fw.elf.dir/src/Drivers/STM32F1xx_HAL_Driver/Src/stm32f1xx_hal_rcc.c.obj
                                                  CMakeFiles/stm32_fw.elf.dir/src/Drivers/STM32F1xx_HAL_Driver/Src/stm32f1xx_hal_flash.c.obj
                                                  CMakeFiles/stm32_fw.elf.dir/src/Drivers/STM32F1xx_HAL_Driver/Src/stm32f1xx_hal_dma.c.obj
HAL_GetTickFreq                                   CMakeFiles/stm32_fw.elf.dir/src/Drivers/STM32F1xx_HAL_Driver/Src/stm32f1xx_hal.c.obj
HAL_GetTickPrio                                   CMakeFiles/stm32_fw.elf.dir/src/Drivers/STM32F1xx_HAL_Driver/Src/stm32f1xx_hal.c.obj
HAL_GetUID                                        CMakeFiles/stm32_fw.elf.dir/src/Drivers/STM32F1xx_HAL_Driver/Src/stm32f1xx_hal.c.obj
HAL_IncTick                                       CMakeFiles/stm32_fw.elf.dir/src/Drivers/STM32F1xx_HAL_Driver/Src/stm32f1xx_hal.c.obj
                                                  CMakeFiles/stm32_fw.elf.dir/src/Src/stm32f1xx_it.c.obj
HAL_Init                                          CMakeFiles/stm32_fw.elf.dir/src/Drivers/STM32F1xx_HAL_Driver/Src/stm32f1xx_hal.c.obj
                                                  CMakeFiles/stm32_fw.elf.dir/src/Src/main.c.obj
HAL_InitTick                                      CMakeFiles/stm32_fw.elf.dir/src/Drivers/STM32F1xx_HAL_Driver/Src/stm32f1xx_hal.c.obj
                                                  CMakeFiles/stm32_fw.elf.dir/src/Drivers/STM32F1xx_HAL_Driver/Src/stm32f1xx_hal_rcc.c.obj
HAL_MspDeInit                                     CMakeFiles/stm32_fw.elf.dir/src/Drivers/STM32F1xx_HAL_Driver/Src/stm32f1xx_hal.c.obj
HAL_MspInit                                       CMakeFiles/stm32_fw.elf.dir/src/Src/stm32f1xx_hal_msp.c.obj
HAL_NVIC_ClearPendingIRQ                          CMakeFiles/stm32_fw.elf.dir/src/Drivers/STM32F1xx_HAL_Driver/Src/stm32f1xx_hal_cortex.c.obj
HAL_NVIC_DisableIRQ                               CMakeFiles/stm32_fw.elf.dir/src/Drivers/STM32F1xx_HAL_Driver/Src/stm32f1xx_hal_cortex.c.obj
HAL_NVIC_EnableIRQ                                CMakeFiles/stm32_fw.elf.dir/src/Drivers/STM32F1xx_HAL_Driver/Src/stm32f1xx_hal_cortex.c.obj
HAL_NVIC_GetActive                                CMakeFiles/stm32_fw.elf.dir/src/Drivers/STM32F1xx_HAL_Driver/Src/stm32f1xx_hal_cortex.c.obj
HAL_NVIC_GetPendingIRQ                            CMakeFiles/stm32_fw.elf.dir/src/Drivers/STM32F1xx_HAL_Driver/Src/stm32f1xx_hal_cortex.c.obj
HAL_NVIC_GetPriority                              CMakeFiles/stm32_fw.elf.dir/src/Drivers/STM32F1xx_HAL_Driver/Src/stm32f1xx_hal_cortex.c.obj
HAL_NVIC_GetPriorityGrouping                      CMakeFiles/stm32_fw.elf.dir/src/Drivers/STM32F1xx_HAL_Driver/Src/stm32f1xx_hal_cortex.c.obj
HAL_NVIC_SetPendingIRQ                            CMakeFiles/stm32_fw.elf.dir/src/Drivers/STM32F1xx_HAL_Driver/Src/stm32f1xx_hal_cortex.c.obj
HAL_NVIC_SetPriority                              CMakeFiles/stm32_fw.elf.dir/src/Drivers/STM32F1xx_HAL_Driver/Src/stm32f1xx_hal_cortex.c.obj
                                                  CMakeFiles/stm32_fw.elf.dir/src/Drivers/STM32F1xx_HAL_Driver/Src/stm32f1xx_hal.c.obj
HAL_NVIC_SetPriorityGrouping                      CMakeFiles/stm32_fw.elf.dir/src/Drivers/STM32F1xx_HAL_Driver/Src/stm32f1xx_hal_cortex.c.obj
                                                  CMakeFiles/stm32_fw.elf.dir/src/Drivers/STM32F1xx_HAL_Driver/Src/stm32f1xx_hal.c.obj
HAL_NVIC_SystemReset                              CMakeFiles/stm32_fw.elf.dir/src/Drivers/STM32F1xx_HAL_Driver/Src/stm32f1xx_hal_cortex.c.obj
                                                  CMakeFiles/stm32_fw.elf.dir/src/Drivers/STM32F1xx_HAL_Driver/Src/stm32f1xx_hal_flash.c.obj
HAL_PWR_ConfigPVD                                 CMakeFiles/stm32_fw.elf.dir/src/Drivers/STM32F1xx_HAL_Driver/Src/stm32f1xx_hal_pwr.c.obj
HAL_PWR_DeInit                                    CMakeFiles/stm32_fw.elf.dir/src/Drivers/STM32F1xx_HAL_Driver/Src/stm32f1xx_hal_pwr.c.obj
HAL_PWR_DisableBkUpAccess                         CMakeFiles/stm32_fw.elf.dir/src/Drivers/STM32F1xx_HAL_Driver/Src/stm32f1xx_hal_pwr.c.obj
HAL_PWR_DisablePVD                                CMakeFiles/stm32_fw.elf.dir/src/Drivers/STM32F1xx_HAL_Driver/Src/stm32f1xx_hal_pwr.c.obj
HAL_PWR_DisableSEVOnPend                          CMakeFiles/stm32_fw.elf.dir/src/Drivers/STM32F1xx_HAL_Driver/Src/stm32f1xx_hal_pwr.c.obj
HAL_PWR_DisableSleepOnExit                        CMakeFiles/stm32_fw.elf.dir/src/Drivers/STM32F1xx_HAL_Driver/Src/stm32f1xx_hal_pwr.c.obj
HAL_PWR_DisableWakeUpPin                          CMakeFiles/stm32_fw.elf.dir/src/Drivers/STM32F1xx_HAL_Driver/Src/stm32f1xx_hal_pwr.c.obj
HAL_PWR_EnableBkUpAccess                          CMakeFiles/stm32_fw.elf.dir/src/Drivers/STM32F1xx_HAL_Driver/Src/stm32f1xx_hal_pwr.c.obj
HAL_PWR_EnablePVD                                 CMakeFiles/stm32_fw.elf.dir/src/Drivers/STM32F1xx_HAL_Driver/Src/stm32f1xx_hal_pwr.c.obj
HAL_PWR_EnableSEVOnPend                           CMakeFiles/stm32_fw.elf.dir/src/Drivers/STM32F1xx_HAL_Driver/Src/stm32f1xx_hal_pwr.c.obj
HAL_PWR_EnableSleepOnExit                         CMakeFiles/stm32_fw.elf.dir/src/Drivers/STM32F1xx_HAL_Driver/Src/stm32f1xx_hal_pwr.c.obj
HAL_PWR_EnableWakeUpPin                           CMakeFiles/stm32_fw.elf.dir/src/Drivers/STM32F1xx_HAL_Driver/Src/stm32f1xx_hal_pwr.c.obj
HAL_PWR_EnterSLEEPMode                            CMakeFiles/stm32_fw.elf.dir/src/Drivers/STM32F1xx_HAL_Driver/Src/stm32f1xx_hal_pwr.c.obj
HAL_PWR_EnterSTANDBYMode                          CMakeFiles/stm32_fw.elf.dir/src/Drivers/STM32F1xx_HAL_Driver/Src/stm32f1xx_hal_pwr.c.obj
HAL_PWR_EnterSTOPMode                             CMakeFiles/stm32_fw.elf.dir/src/Drivers/STM32F1xx_HAL_Driver/Src/stm32f1xx_hal_pwr.c.obj
HAL_PWR_PVDCallback                               CMakeFiles/stm32_fw.elf.dir/src/Drivers/STM32F1xx_HAL_Driver/Src/stm32f1xx_hal_pwr.c.obj
HAL_PWR_PVD_IRQHandler                            CMakeFiles/stm32_fw.elf.dir/src/Drivers/STM32F1xx_HAL_Driver/Src/stm32f1xx_hal_pwr.c.obj
HAL_RCCEx_GetPeriphCLKConfig                      CMakeFiles/stm32_fw.elf.dir/src/Drivers/STM32F1xx_HAL_Driver/Src/stm32f1xx_hal_rcc_ex.c.obj
HAL_RCCEx_GetPeriphCLKFreq                        CMakeFiles/stm32_fw.elf.dir/src/Drivers/STM32F1xx_HAL_Driver/Src/stm32f1xx_hal_rcc_ex.c.obj
HAL_RCCEx_PeriphCLKConfig                         CMakeFiles/stm32_fw.elf.dir/src/Drivers/STM32F1xx_HAL_Driver/Src/stm32f1xx_hal_rcc_ex.c.obj
HAL_RCC_CSSCallback                               CMakeFiles/stm32_fw.elf.dir/src/Drivers/STM32F1xx_HAL_Driver/Src/stm32f1xx_hal_rcc.c.obj
HAL_RCC_ClockConfig                               CMakeFiles/stm32_fw.elf.dir/src/Drivers/STM32F1xx_HAL_Driver/Src/stm32f1xx_hal_rcc.c.obj
                                                  CMakeFiles/stm32_fw.elf.dir/src/Src/main.c.obj
HAL_RCC_DeInit                                    CMakeFiles/stm32_fw.elf.dir/src/Drivers/STM32F1xx_HAL_Driver/Src/stm32f1xx_hal_rcc.c.obj
HAL_RCC_DisableCSS                                CMakeFiles/stm32_fw.elf.dir/src/Drivers/STM32F1xx_HAL_Driver/Src/stm32f1xx_hal_rcc.c.obj
HAL_RCC_EnableCSS                                 CMakeFiles/stm32_fw.elf.dir/src/Drivers/STM32F1xx_HAL_Driver/Src/stm32f1xx_hal_rcc.c.obj
HAL_RCC_GetClockConfig                            CMakeFiles/stm32_fw.elf.dir/src/Drivers/STM32F1xx_HAL_Driver/Src/stm32f1xx_hal_rcc.c.obj
HAL_RCC_GetHCLKFreq                               CMakeFiles/stm32_fw.elf.dir/src/Drivers/STM32F1xx_HAL_Driver/Src/stm32f1xx_hal_rcc.c.obj
HAL_RCC_GetOscConfig                              CMakeFiles/stm32_fw.elf.dir/src/Drivers/STM32F1xx_HAL_Driver/Src/stm32f1xx_hal_rcc.c.obj
HAL_RCC_GetPCLK1Freq                              CMakeFiles/stm32_fw.elf.dir/src/Drivers/STM32F1xx_HAL_Driver/Src/stm32f1xx_hal_rcc.c.obj
HAL_RCC_GetPCLK2Freq                              CMakeFiles/stm32_fw.elf.dir/src/Drivers/STM32F1xx_HAL_Driver/Src/stm32f1xx_hal_rcc.c.obj
                                                  CMakeFiles/stm32_fw.elf.dir/src/Drivers/STM32F1xx_HAL_Driver/Src/stm32f1xx_hal_rcc_ex.c.obj
HAL_RCC_GetSysClockFreq                           CMakeFiles/stm32_fw.elf.dir/src/Drivers/STM32F1xx_HAL_Driver/Src/stm32f1xx_hal_rcc.c.obj
HAL_RCC_MCOConfig                                 CMakeFiles/stm32_fw.elf.dir/src/Drivers/STM32F1xx_HAL_Driver/Src/stm32f1xx_hal_rcc.c.obj
HAL_RCC_NMI_IRQHandler                            CMakeFiles/stm32_fw.elf.dir/src/Drivers/STM32F1xx_HAL_Driver/Src/stm32f1xx_hal_rcc.c.obj
HAL_RCC_OscConfig                                 CMakeFiles/stm32_fw.elf.dir/src/Drivers/STM32F1xx_HAL_Driver/Src/stm32f1xx_hal_rcc.c.obj
                                                  CMakeFiles/stm32_fw.elf.dir/src/Src/main.c.obj
HAL_ResumeTick                                    CMakeFiles/stm32_fw.elf.dir/src/Drivers/STM32F1xx_HAL_Driver/Src/stm32f1xx_hal.c.obj
HAL_SYSTICK_CLKSourceConfig                       CMakeFiles/stm32_fw.elf.dir/src/Drivers/STM32F1xx_HAL_Driver/Src/stm32f1xx_hal_cortex.c.obj
HAL_SYSTICK_Callback                              CMakeFiles/stm32_fw.elf.dir/src/Drivers/STM32F1xx_HAL_Driver/Src/stm32f1xx_hal_cortex.c.obj
HAL_SYSTICK_Config                                CMakeFiles/stm32_fw.elf.dir/src/Drivers/STM32F1xx_HAL_Driver/Src/stm32f1xx_hal_cortex.c.obj
                                                  CMakeFiles/stm32_fw.elf.dir/src/Drivers/STM32F1xx_HAL_Driver/Src/stm32f1xx_hal.c.obj
HAL_SYSTICK_IRQHandler                            CMakeFiles/stm32_fw.elf.dir/src/Drivers/STM32F1xx_HAL_Driver/Src/stm32f1xx_hal_cortex.c.obj
HAL_SetTickFreq                                   CMakeFiles/stm32_fw.elf.dir/src/Drivers/STM32F1xx_HAL_Driver/Src/stm32f1xx_hal.c.obj
HAL_SuspendTick                                   CMakeFiles/stm32_fw.elf.dir/src/Drivers/STM32F1xx_HAL_Driver/Src/stm32f1xx_hal.c.obj
HardFault_Handler                                 CMakeFiles/stm32_fw.elf.dir/src/Src/stm32f1xx_it.c.obj
I2C1_ER_IRQHandler                                CMakeFiles/stm32_fw.elf.dir/src/startup/startup_stm32f103xb.s.obj
I2C1_EV_IRQHandler                                CMakeFiles/stm32_fw.elf.dir/src/startup/startup_stm32f103xb.s.obj
I2C2_ER_IRQHandler                                CMakeFiles/stm32_fw.elf.dir/src/startup/startup_stm32f103xb.s.obj
I2C2_EV_IRQHandler                                CMakeFiles/stm32_fw.elf.dir/src/startup/startup_stm32f103xb.s.obj
MX_GPIO_Init                                      CMakeFiles/stm32_fw.elf.dir/src/Src/gpio.c.obj
                                                  CMakeFiles/stm32_fw.elf.dir/src/Src/main.c.obj
MemManage_Handler                                 CMakeFiles/stm32_fw.elf.dir/src/Src/stm32f1xx_it.c.obj
NMI_Handler                                       CMakeFiles/stm32_fw.elf.dir/src/Src/stm32f1xx_it.c.obj
PVD_IRQHandler                                    CMakeFiles/stm32_fw.elf.dir/src/startup/startup_stm32f103xb.s.obj
PendSV_Handler                                    CMakeFiles/stm32_fw.elf.dir/src/Src/stm32f1xx_it.c.obj
RCC_IRQHandler                                    CMakeFiles/stm32_fw.elf.dir/src/startup/startup_stm32f103xb.s.obj
RTC_Alarm_IRQHandler                              CMakeFiles/stm32_fw.elf.dir/src/startup/startup_stm32f103xb.s.obj
RTC_IRQHandler                                    CMakeFiles/stm32_fw.elf.dir/src/startup/startup_stm32f103xb.s.obj
Reset_Handler                                     CMakeFiles/stm32_fw.elf.dir/src/startup/startup_stm32f103xb.s.obj
SPI1_IRQHandler                                   CMakeFiles/stm32_fw.elf.dir/src/startup/startup_stm32f103xb.s.obj
SPI2_IRQHandler                                   CMakeFiles/stm32_fw.elf.dir/src/startup/startup_stm32f103xb.s.obj
SVC_Handler                                       CMakeFiles/stm32_fw.elf.dir/src/Src/stm32f1xx_it.c.obj
SysTick_Handler                                   CMakeFiles/stm32_fw.elf.dir/src/Src/stm32f1xx_it.c.obj
SystemClock_Config                                CMakeFiles/stm32_fw.elf.dir/src/Src/main.c.obj
SystemCoreClock                                   CMakeFiles/stm32_fw.elf.dir/src/Src/system_stm32f1xx.c.obj
                                                  CMakeFiles/stm32_fw.elf.dir/src/Drivers/STM32F1xx_HAL_Driver/Src/stm32f1xx_hal_rcc.c.obj
                                                  CMakeFiles/stm32_fw.elf.dir/src/Drivers/STM32F1xx_HAL_Driver/Src/stm32f1xx_hal.c.obj
SystemCoreClockUpdate                             CMakeFiles/stm32_fw.elf.dir/src/Src/system_stm32f1xx.c.obj
SystemInit                                        CMakeFiles/stm32_fw.elf.dir/src/Src/system_stm32f1xx.c.obj
                                                  CMakeFiles/stm32_fw.elf.dir/src/startup/startup_stm32f103xb.s.obj
TAMPER_IRQHandler                                 CMakeFiles/stm32_fw.elf.dir/src/startup/startup_stm32f103xb.s.obj
TIM1_BRK_IRQHandler                               CMakeFiles/stm32_fw.elf.dir/src/startup/startup_stm32f103xb.s.obj
TIM1_CC_IRQHandler                                CMakeFiles/stm32_fw.elf.dir/src/startup/startup_stm32f103xb.s.obj
TIM1_TRG_COM_IRQHandler                           CMakeFiles/stm32_fw.elf.dir/src/startup/startup_stm32f103xb.s.obj
TIM1_UP_IRQHandler                                CMakeFiles/stm32_fw.elf.dir/src/startup/startup_stm32f103xb.s.obj
TIM2_IRQHandler                                   CMakeFiles/stm32_fw.elf.dir/src/startup/startup_stm32f103xb.s.obj
TIM3_IRQHandler                                   CMakeFiles/stm32_fw.elf.dir/src/startup/startup_stm32f103xb.s.obj
TIM4_IRQHandler                                   CMakeFiles/stm32_fw.elf.dir/src/startup/startup_stm32f103xb.s.obj
USART1_IRQHandler                                 CMakeFiles/stm32_fw.elf.dir/src/startup/startup_stm32f103xb.s.obj
USART2_IRQHandler                                 CMakeFiles/stm32_fw.elf.dir/src/startup/startup_stm32f103xb.s.obj
USART3_IRQHandler                                 CMakeFiles/stm32_fw.elf.dir/src/startup/startup_stm32f103xb.s.obj
USBWakeUp_IRQHandler                              CMakeFiles/stm32_fw.elf.dir/src/startup/startup_stm32f103xb.s.obj
USB_HP_CAN1_TX_IRQHandler                         CMakeFiles/stm32_fw.elf.dir/src/startup/startup_stm32f103xb.s.obj
USB_LP_CAN1_RX0_IRQHandler                        CMakeFiles/stm32_fw.elf.dir/src/startup/startup_stm32f103xb.s.obj
UsageFault_Handler                                CMakeFiles/stm32_fw.elf.dir/src/Src/stm32f1xx_it.c.obj
WWDG_IRQHandler                                   CMakeFiles/stm32_fw.elf.dir/src/startup/startup_stm32f103xb.s.obj
__bss_end__                                       d:/tools/gcc-arm-none-eabi-9-2020-q2-update-win32/bin/../lib/gcc/arm-none-eabi/9.3.1/../../../../arm-none-eabi/lib/thumb/v7-m/nofp/crt0.o
__bss_start__                                     d:/tools/gcc-arm-none-eabi-9-2020-q2-update-win32/bin/../lib/gcc/arm-none-eabi/9.3.1/../../../../arm-none-eabi/lib/thumb/v7-m/nofp/crt0.o
__call_exitprocs                                  d:/tools/gcc-arm-none-eabi-9-2020-q2-update-win32/bin/../lib/gcc/arm-none-eabi/9.3.1/../../../../arm-none-eabi/lib/thumb/v7-m/nofp\libc_nano.a(lib_a-exit.o)
__deregister_frame_info                           d:/tools/gcc-arm-none-eabi-9-2020-q2-update-win32/bin/../lib/gcc/arm-none-eabi/9.3.1/thumb/v7-m/nofp/crtbegin.o
__dso_handle                                      d:/tools/gcc-arm-none-eabi-9-2020-q2-update-win32/bin/../lib/gcc/arm-none-eabi/9.3.1/thumb/v7-m/nofp/crtbegin.o
__env                                             CMakeFiles/stm32_fw.elf.dir/src/Src/syscalls.c.obj
__errno                                           d:/tools/gcc-arm-none-eabi-9-2020-q2-update-win32/bin/../lib/gcc/arm-none-eabi/9.3.1/../../../../arm-none-eabi/lib/thumb/v7-m/nofp\libg_nano.a(lib_a-errno.o)
                                                  CMakeFiles/stm32_fw.elf.dir/src/Src/syscalls.c.obj
__init_array_end                                  d:/tools/gcc-arm-none-eabi-9-2020-q2-update-win32/bin/../lib/gcc/arm-none-eabi/9.3.1/../../../../arm-none-eabi/lib/thumb/v7-m/nofp\libc_nano.a(lib_a-init.o)
__init_array_start                                d:/tools/gcc-arm-none-eabi-9-2020-q2-update-win32/bin/../lib/gcc/arm-none-eabi/9.3.1/../../../../arm-none-eabi/lib/thumb/v7-m/nofp\libc_nano.a(lib_a-init.o)
__io_getchar                                      CMakeFiles/stm32_fw.elf.dir/src/Src/syscalls.c.obj
__io_putchar                                      CMakeFiles/stm32_fw.elf.dir/src/Src/syscalls.c.obj
__libc_fini_array                                 d:/tools/gcc-arm-none-eabi-9-2020-q2-update-win32/bin/../lib/gcc/arm-none-eabi/9.3.1/../../../../arm-none-eabi/lib/thumb/v7-m/nofp/crt0.o
__libc_init_array                                 d:/tools/gcc-arm-none-eabi-9-2020-q2-update-win32/bin/../lib/gcc/arm-none-eabi/9.3.1/../../../../arm-none-eabi/lib/thumb/v7-m/nofp\libc_nano.a(lib_a-init.o)
                                                  CMakeFiles/stm32_fw.elf.dir/src/startup/startup_stm32f103xb.s.obj
                                                  d:/tools/gcc-arm-none-eabi-9-2020-q2-update-win32/bin/../lib/gcc/arm-none-eabi/9.3.1/../../../../arm-none-eabi/lib/thumb/v7-m/nofp/crt0.o
__preinit_array_end                               d:/tools/gcc-arm-none-eabi-9-2020-q2-update-win32/bin/../lib/gcc/arm-none-eabi/9.3.1/../../../../arm-none-eabi/lib/thumb/v7-m/nofp\libc_nano.a(lib_a-init.o)
__preinit_array_start                             d:/tools/gcc-arm-none-eabi-9-2020-q2-update-win32/bin/../lib/gcc/arm-none-eabi/9.3.1/../../../../arm-none-eabi/lib/thumb/v7-m/nofp\libc_nano.a(lib_a-init.o)
__register_frame_info                             d:/tools/gcc-arm-none-eabi-9-2020-q2-update-win32/bin/../lib/gcc/arm-none-eabi/9.3.1/thumb/v7-m/nofp/crtbegin.o
__sf_fake_stderr                                  d:/tools/gcc-arm-none-eabi-9-2020-q2-update-win32/bin/../lib/gcc/arm-none-eabi/9.3.1/../../../../arm-none-eabi/lib/thumb/v7-m/nofp\libc_nano.a(lib_a-impure.o)
__sf_fake_stdin                                   d:/tools/gcc-arm-none-eabi-9-2020-q2-update-win32/bin/../lib/gcc/arm-none-eabi/9.3.1/../../../../arm-none-eabi/lib/thumb/v7-m/nofp\libc_nano.a(lib_a-impure.o)
__sf_fake_stdout                                  d:/tools/gcc-arm-none-eabi-9-2020-q2-update-win32/bin/../lib/gcc/arm-none-eabi/9.3.1/../../../../arm-none-eabi/lib/thumb/v7-m/nofp\libc_nano.a(lib_a-impure.o)
__stack                                           d:/tools/gcc-arm-none-eabi-9-2020-q2-update-win32/bin/../lib/gcc/arm-none-eabi/9.3.1/../../../../arm-none-eabi/lib/thumb/v7-m/nofp/crt0.o
_close                                            CMakeFiles/stm32_fw.elf.dir/src/Src/syscalls.c.obj
_ebss                                             CMakeFiles/stm32_fw.elf.dir/src/startup/startup_stm32f103xb.s.obj
_edata                                            CMakeFiles/stm32_fw.elf.dir/src/startup/startup_stm32f103xb.s.obj
_estack                                           CMakeFiles/stm32_fw.elf.dir/src/startup/startup_stm32f103xb.s.obj
_execve                                           CMakeFiles/stm32_fw.elf.dir/src/Src/syscalls.c.obj
_exit                                             CMakeFiles/stm32_fw.elf.dir/src/Src/syscalls.c.obj
                                                  d:/tools/gcc-arm-none-eabi-9-2020-q2-update-win32/bin/../lib/gcc/arm-none-eabi/9.3.1/../../../../arm-none-eabi/lib/thumb/v7-m/nofp\libc_nano.a(lib_a-exit.o)
_fini                                             d:/tools/gcc-arm-none-eabi-9-2020-q2-update-win32/bin/../lib/gcc/arm-none-eabi/9.3.1/thumb/v7-m/nofp/crti.o
_fork                                             CMakeFiles/stm32_fw.elf.dir/src/Src/syscalls.c.obj
_fstat                                            CMakeFiles/stm32_fw.elf.dir/src/Src/syscalls.c.obj
_getpid                                           CMakeFiles/stm32_fw.elf.dir/src/Src/syscalls.c.obj
_global_impure_ptr                                d:/tools/gcc-arm-none-eabi-9-2020-q2-update-win32/bin/../lib/gcc/arm-none-eabi/9.3.1/../../../../arm-none-eabi/lib/thumb/v7-m/nofp\libc_nano.a(lib_a-impure.o)
                                                  d:/tools/gcc-arm-none-eabi-9-2020-q2-update-win32/bin/../lib/gcc/arm-none-eabi/9.3.1/../../../../arm-none-eabi/lib/thumb/v7-m/nofp\libc_nano.a(lib_a-exit.o)
_impure_ptr                                       d:/tools/gcc-arm-none-eabi-9-2020-q2-update-win32/bin/../lib/gcc/arm-none-eabi/9.3.1/../../../../arm-none-eabi/lib/thumb/v7-m/nofp\libc_nano.a(lib_a-impure.o)
                                                  d:/tools/gcc-arm-none-eabi-9-2020-q2-update-win32/bin/../lib/gcc/arm-none-eabi/9.3.1/../../../../arm-none-eabi/lib/thumb/v7-m/nofp\libg_nano.a(lib_a-errno.o)
_init                                             d:/tools/gcc-arm-none-eabi-9-2020-q2-update-win32/bin/../lib/gcc/arm-none-eabi/9.3.1/thumb/v7-m/nofp/crti.o
                                                  d:/tools/gcc-arm-none-eabi-9-2020-q2-update-win32/bin/../lib/gcc/arm-none-eabi/9.3.1/../../../../arm-none-eabi/lib/thumb/v7-m/nofp\libc_nano.a(lib_a-init.o)
_isatty                                           CMakeFiles/stm32_fw.elf.dir/src/Src/syscalls.c.obj
_kill                                             CMakeFiles/stm32_fw.elf.dir/src/Src/syscalls.c.obj
_link                                             CMakeFiles/stm32_fw.elf.dir/src/Src/syscalls.c.obj
_lseek                                            CMakeFiles/stm32_fw.elf.dir/src/Src/syscalls.c.obj
_mainCRTStartup                                   d:/tools/gcc-arm-none-eabi-9-2020-q2-update-win32/bin/../lib/gcc/arm-none-eabi/9.3.1/../../../../arm-none-eabi/lib/thumb/v7-m/nofp/crt0.o
_open                                             CMakeFiles/stm32_fw.elf.dir/src/Src/syscalls.c.obj
_read                                             CMakeFiles/stm32_fw.elf.dir/src/Src/syscalls.c.obj
_sbrk                                             CMakeFiles/stm32_fw.elf.dir/src/Src/syscalls.c.obj
_sbss                                             CMakeFiles/stm32_fw.elf.dir/src/startup/startup_stm32f103xb.s.obj
_sdata                                            CMakeFiles/stm32_fw.elf.dir/src/startup/startup_stm32f103xb.s.obj
_sidata                                           CMakeFiles/stm32_fw.elf.dir/src/startup/startup_stm32f103xb.s.obj
_stack_init                                       d:/tools/gcc-arm-none-eabi-9-2020-q2-update-win32/bin/../lib/gcc/arm-none-eabi/9.3.1/../../../../arm-none-eabi/lib/thumb/v7-m/nofp/crt0.o
_start                                            d:/tools/gcc-arm-none-eabi-9-2020-q2-update-win32/bin/../lib/gcc/arm-none-eabi/9.3.1/../../../../arm-none-eabi/lib/thumb/v7-m/nofp/crt0.o
_stat                                             CMakeFiles/stm32_fw.elf.dir/src/Src/syscalls.c.obj
_times                                            CMakeFiles/stm32_fw.elf.dir/src/Src/syscalls.c.obj
_unlink                                           CMakeFiles/stm32_fw.elf.dir/src/Src/syscalls.c.obj
_wait                                             CMakeFiles/stm32_fw.elf.dir/src/Src/syscalls.c.obj
_write                                            CMakeFiles/stm32_fw.elf.dir/src/Src/syscalls.c.obj
atexit                                            d:/tools/gcc-arm-none-eabi-9-2020-q2-update-win32/bin/../lib/gcc/arm-none-eabi/9.3.1/../../../../arm-none-eabi/lib/thumb/v7-m/nofp/crt0.o
end                                               CMakeFiles/stm32_fw.elf.dir/src/Src/syscalls.c.obj
environ                                           CMakeFiles/stm32_fw.elf.dir/src/Src/syscalls.c.obj
exit                                              d:/tools/gcc-arm-none-eabi-9-2020-q2-update-win32/bin/../lib/gcc/arm-none-eabi/9.3.1/../../../../arm-none-eabi/lib/thumb/v7-m/nofp\libc_nano.a(lib_a-exit.o)
                                                  d:/tools/gcc-arm-none-eabi-9-2020-q2-update-win32/bin/../lib/gcc/arm-none-eabi/9.3.1/../../../../arm-none-eabi/lib/thumb/v7-m/nofp/crt0.o
g_pfnVectors                                      CMakeFiles/stm32_fw.elf.dir/src/startup/startup_stm32f103xb.s.obj
hardware_init_hook                                d:/tools/gcc-arm-none-eabi-9-2020-q2-update-win32/bin/../lib/gcc/arm-none-eabi/9.3.1/../../../../arm-none-eabi/lib/thumb/v7-m/nofp/crt0.o
initialise_monitor_handles                        CMakeFiles/stm32_fw.elf.dir/src/Src/syscalls.c.obj
main                                              CMakeFiles/stm32_fw.elf.dir/src/Src/main.c.obj
                                                  CMakeFiles/stm32_fw.elf.dir/src/startup/startup_stm32f103xb.s.obj
                                                  d:/tools/gcc-arm-none-eabi-9-2020-q2-update-win32/bin/../lib/gcc/arm-none-eabi/9.3.1/../../../../arm-none-eabi/lib/thumb/v7-m/nofp/crt0.o
memset                                            d:/tools/gcc-arm-none-eabi-9-2020-q2-update-win32/bin/../lib/gcc/arm-none-eabi/9.3.1/../../../../arm-none-eabi/lib/thumb/v7-m/nofp\libc_nano.a(lib_a-memset.o)
                                                  CMakeFiles/stm32_fw.elf.dir/src/Src/main.c.obj
                                                  d:/tools/gcc-arm-none-eabi-9-2020-q2-update-win32/bin/../lib/gcc/arm-none-eabi/9.3.1/../../../../arm-none-eabi/lib/thumb/v7-m/nofp/crt0.o
pFlash                                            CMakeFiles/stm32_fw.elf.dir/src/Drivers/STM32F1xx_HAL_Driver/Src/stm32f1xx_hal_flash.c.obj
                                                  CMakeFiles/stm32_fw.elf.dir/src/Drivers/STM32F1xx_HAL_Driver/Src/stm32f1xx_hal_flash_ex.c.obj
software_init_hook                                d:/tools/gcc-arm-none-eabi-9-2020-q2-update-win32/bin/../lib/gcc/arm-none-eabi/9.3.1/../../../../arm-none-eabi/lib/thumb/v7-m/nofp/crt0.o
uwTick                                            CMakeFiles/stm32_fw.elf.dir/src/Drivers/STM32F1xx_HAL_Driver/Src/stm32f1xx_hal.c.obj
uwTickFreq                                        CMakeFiles/stm32_fw.elf.dir/src/Drivers/STM32F1xx_HAL_Driver/Src/stm32f1xx_hal.c.obj
uwTickPrio                                        CMakeFiles/stm32_fw.elf.dir/src/Drivers/STM32F1xx_HAL_Driver/Src/stm32f1xx_hal.c.obj
